#
# There is insufficient memory for the Java Runtime Environment to continue.
# Native memory allocation (mmap) failed to map 7340032 bytes. Error detail: G1 virtual space
# Possible reasons:
#   The system is out of physical RAM or swap space
#   This process is running with CompressedOops enabled, and the Java Heap may be blocking the growth of the native heap
# Possible solutions:
#   Reduce memory load on the system
#   Increase physical memory or swap space
#   Check if swap backing store is full
#   Decrease Java heap size (-Xmx/-Xms)
#   Decrease number of Java threads
#   Decrease Java thread stack sizes (-Xss)
#   Set larger code cache with -XX:ReservedCodeCacheSize=
#   JVM is running with Unscaled Compressed Oops mode in which the Java heap is
#     placed in the first 4GB address space. The Java Heap base address is the
#     maximum limit for the native heap growth. Please use -XX:HeapBaseMinAddress
#     to set the Java Heap base and to place the Java Heap above 4GB virtual address.
# This output file may be truncated or incomplete.
#
#  Out of Memory Error (os_windows.cpp:3714), pid=23276, tid=17560
#
# JRE version: OpenJDK Runtime Environment Temurin-21.0.10+7 (21.0.10+7) (build 21.0.10+7-LTS)
# Java VM: OpenJDK 64-Bit Server VM Temurin-21.0.10+7 (21.0.10+7-LTS, mixed mode, sharing, tiered, compressed oops, compressed class ptrs, g1 gc, windows-amd64)
# No core dump will be written. Minidumps are not enabled by default on client versions of Windows
#

---------------  S U M M A R Y ------------

Command Line: --add-opens=java.base/java.lang=ALL-UNNAMED --add-opens=java.base/java.lang.invoke=ALL-UNNAMED --add-opens=java.base/java.util=ALL-UNNAMED --add-opens=java.prefs/java.util.prefs=ALL-UNNAMED --add-exports=jdk.compiler/com.sun.tools.javac.api=ALL-UNNAMED --add-exports=jdk.compiler/com.sun.tools.javac.util=ALL-UNNAMED --add-opens=java.base/java.util=ALL-UNNAMED --add-opens=java.prefs/java.util.prefs=ALL-UNNAMED --add-opens=java.base/java.nio.charset=ALL-UNNAMED --add-opens=java.base/java.net=ALL-UNNAMED --add-opens=java.base/java.util.concurrent.atomic=ALL-UNNAMED --add-opens=java.xml/javax.xml.namespace=ALL-UNNAMED -XX:MaxMetaspaceSize=192m -Xmx768m -Dfile.encoding=UTF-8 -Duser.country=IN -Duser.language=en -Duser.variant -javaagent:C:\Users\vsing\.gradle\wrapper\dists\gradle-8.14.3-bin\cv11ve7ro1n3o1j4so8xd9n66\gradle-8.14.3\lib\agents\gradle-instrumentation-agent-8.14.3.jar org.gradle.launcher.daemon.bootstrap.GradleDaemon 8.14.3

Host: 11th Gen Intel(R) Core(TM) i3-1125G4 @ 2.00GHz, 8 cores, 7G,  Windows 11 , 64 bit Build 26100 (10.0.26100.8521)
Time: Fri May 29 11:23:52 2026 India Standard Time elapsed time: 11.081265 seconds (0d 0h 0m 11s)

---------------  T H R E A D  ---------------

Current thread (0x000002c19bec2330):  VMThread "VM Thread"          [id=17560, stack(0x000000d700c00000,0x000000d700d00000) (1024K)]

Stack: [0x000000d700c00000,0x000000d700d00000]
Native frames: (J=compiled Java code, j=interpreted, Vv=VM code, C=native code)
V  [jvm.dll+0x6d7a39]
V  [jvm.dll+0x8b4b26]
V  [jvm.dll+0x8b70de]
V  [jvm.dll+0x8b77c3]
V  [jvm.dll+0x284346]
V  [jvm.dll+0x6d4355]
V  [jvm.dll+0x6c808a]
V  [jvm.dll+0x35edb8]
V  [jvm.dll+0x3669f6]
V  [jvm.dll+0x3b7afe]
V  [jvm.dll+0x3b7da8]
V  [jvm.dll+0x332fbc]
V  [jvm.dll+0x3357d6]
V  [jvm.dll+0x33f7cd]
V  [jvm.dll+0x374e8f]
V  [jvm.dll+0x8bd4b0]
V  [jvm.dll+0x8be824]
V  [jvm.dll+0x8bed50]
V  [jvm.dll+0x8beff3]
V  [jvm.dll+0x85f59d]
V  [jvm.dll+0x6d626d]
C  [ucrtbase.dll+0x2cd30]
C  [KERNEL32.DLL+0x2e957]
C  [ntdll.dll+0x87c1c]

VM_Operation (0x000000d7007ff6a0): G1PauseRemark, mode: safepoint, requested by thread 0x000002c1860eb680


---------------  P R O C E S S  ---------------

Threads class SMR info:
_java_thread_list=0x000002c1aed3d9e0, length=44, elements={
0x000002c1860b2730, 0x000002c19bee6670, 0x000002c19bee90e0, 0x000002c19beef5c0,
0x000002c19bef24a0, 0x000002c19bef2f00, 0x000002c19befc400, 0x000002c19bf1d3b0,
0x000002c19bf21560, 0x000002c1ab18e340, 0x000002c1ab1d2580, 0x000002c1ac833a90,
0x000002c1aca12ec0, 0x000002c1acbc5810, 0x000002c1acbbd960, 0x000002c1acbbac90,
0x000002c1acbd17e0, 0x000002c1acbd1e50, 0x000002c1acc0f780, 0x000002c1acc0e3d0,
0x000002c1acc0ea60, 0x000002c1acc0f0f0, 0x000002c1acc0fe10, 0x000002c1acc104a0,
0x000002c1acc10b30, 0x000002c1acc0d6b0, 0x000002c1afe27f40, 0x000002c1afe285d0,
0x000002c1afe257e0, 0x000002c1afe28c60, 0x000002c1afe292f0, 0x000002c1afe25e70,
0x000002c1afe27220, 0x000002c1afe29980, 0x000002c1afe278b0, 0x000002c1afe2b3c0,
0x000002c1afe2ba50, 0x000002c1ab2e2ea0, 0x000002c1b170e1a0, 0x000002c1b170eec0,
0x000002c1b170f550, 0x000002c1b170c760, 0x000002c1b1710270, 0x000002c1ab2e1360
}

Java Threads: ( => current thread )
  0x000002c1860b2730 JavaThread "main"                              [_thread_blocked, id=12008, stack(0x000000d700500000,0x000000d700600000) (1024K)]
  0x000002c19bee6670 JavaThread "Reference Handler"          daemon [_thread_blocked, id=17052, stack(0x000000d700d00000,0x000000d700e00000) (1024K)]
  0x000002c19bee90e0 JavaThread "Finalizer"                  daemon [_thread_blocked, id=21400, stack(0x000000d700e00000,0x000000d700f00000) (1024K)]
  0x000002c19beef5c0 JavaThread "Signal Dispatcher"          daemon [_thread_blocked, id=6972, stack(0x000000d700f00000,0x000000d701000000) (1024K)]
  0x000002c19bef24a0 JavaThread "Attach Listener"            daemon [_thread_blocked, id=5096, stack(0x000000d701000000,0x000000d701100000) (1024K)]
  0x000002c19bef2f00 JavaThread "Service Thread"             daemon [_thread_blocked, id=19332, stack(0x000000d701100000,0x000000d701200000) (1024K)]
  0x000002c19befc400 JavaThread "Monitor Deflation Thread"   daemon [_thread_blocked, id=21872, stack(0x000000d701200000,0x000000d701300000) (1024K)]
  0x000002c19bf1d3b0 JavaThread "C2 CompilerThread0"         daemon [_thread_blocked, id=12120, stack(0x000000d701300000,0x000000d701400000) (1024K)]
  0x000002c19bf21560 JavaThread "C1 CompilerThread0"         daemon [_thread_blocked, id=10304, stack(0x000000d701400000,0x000000d701500000) (1024K)]
  0x000002c1ab18e340 JavaThread "Common-Cleaner"             daemon [_thread_blocked, id=20100, stack(0x000000d701500000,0x000000d701600000) (1024K)]
  0x000002c1ab1d2580 JavaThread "Notification Thread"        daemon [_thread_blocked, id=836, stack(0x000000d701600000,0x000000d701700000) (1024K)]
  0x000002c1ac833a90 JavaThread "Daemon health stats"               [_thread_blocked, id=18372, stack(0x000000d702000000,0x000000d702100000) (1024K)]
  0x000002c1aca12ec0 JavaThread "Incoming local TCP Connector on port 54802"        [_thread_in_native, id=21944, stack(0x000000d702100000,0x000000d702200000) (1024K)]
  0x000002c1acbc5810 JavaThread "Daemon periodic checks"            [_thread_blocked, id=7908, stack(0x000000d702200000,0x000000d702300000) (1024K)]
  0x000002c1acbbd960 JavaThread "Daemon"                            [_thread_blocked, id=21992, stack(0x000000d702300000,0x000000d702400000) (1024K)]
  0x000002c1acbbac90 JavaThread "Handler for socket connection from /127.0.0.1:54802 to /127.0.0.1:54803"        [_thread_in_native, id=22376, stack(0x000000d702400000,0x000000d702500000) (1024K)]
  0x000002c1acbd17e0 JavaThread "Cancel handler"                    [_thread_blocked, id=21988, stack(0x000000d702500000,0x000000d702600000) (1024K)]
  0x000002c1acbd1e50 JavaThread "Daemon worker"                     [_thread_blocked, id=11880, stack(0x000000d702600000,0x000000d702700000) (1024K)]
  0x000002c1acc0f780 JavaThread "Asynchronous log dispatcher for DefaultDaemonConnection: socket connection from /127.0.0.1:54802 to /127.0.0.1:54803"        [_thread_blocked, id=21876, stack(0x000000d702700000,0x000000d702800000) (1024K)]
  0x000002c1acc0e3d0 JavaThread "Stdin handler"                     [_thread_blocked, id=19240, stack(0x000000d702800000,0x000000d702900000) (1024K)]
  0x000002c1acc0ea60 JavaThread "Daemon client event forwarder"        [_thread_blocked, id=3044, stack(0x000000d702900000,0x000000d702a00000) (1024K)]
  0x000002c1acc0f0f0 JavaThread "Cache worker for journal cache (C:\Users\vsing\.gradle\caches\journal-1)"        [_thread_blocked, id=21976, stack(0x000000d702a00000,0x000000d702b00000) (1024K)]
  0x000002c1acc0fe10 JavaThread "File lock request listener"        [_thread_in_native, id=19068, stack(0x000000d702b00000,0x000000d702c00000) (1024K)]
  0x000002c1acc104a0 JavaThread "Cache worker for file hash cache (C:\Users\vsing\.gradle\caches\8.14.3\fileHashes)"        [_thread_blocked, id=22712, stack(0x000000d701800000,0x000000d701900000) (1024K)]
  0x000002c1acc10b30 JavaThread "Cache worker for file hash cache (C:\chatbots\android\.gradle\8.14.3\fileHashes)"        [_thread_blocked, id=5536, stack(0x000000d702e00000,0x000000d702f00000) (1024K)]
  0x000002c1acc0d6b0 JavaThread "Cache worker for Build Output Cleanup Cache (C:\chatbots\android\.gradle\buildOutputCleanup)"        [_thread_blocked, id=13716, stack(0x000000d702f00000,0x000000d703000000) (1024K)]
  0x000002c1afe27f40 JavaThread "File watcher server"        daemon [_thread_in_native, id=19128, stack(0x000000d703000000,0x000000d703100000) (1024K)]
  0x000002c1afe285d0 JavaThread "File watcher consumer"      daemon [_thread_blocked, id=20820, stack(0x000000d703100000,0x000000d703200000) (1024K)]
  0x000002c1afe257e0 JavaThread "jar transforms"                    [_thread_blocked, id=20556, stack(0x000000d703200000,0x000000d703300000) (1024K)]
  0x000002c1afe28c60 JavaThread "Cache worker for checksums cache (C:\chatbots\android\.gradle\8.14.3\checksums)"        [_thread_blocked, id=19312, stack(0x000000d702d00000,0x000000d702e00000) (1024K)]
  0x000002c1afe292f0 JavaThread "Cache worker for file content cache (C:\Users\vsing\.gradle\caches\8.14.3\fileContent)"        [_thread_blocked, id=21984, stack(0x000000d703300000,0x000000d703400000) (1024K)]
  0x000002c1afe25e70 JavaThread "Cache worker for cache directory md-supplier (C:\Users\vsing\.gradle\caches\8.14.3\md-supplier)"        [_thread_blocked, id=14768, stack(0x000000d703400000,0x000000d703500000) (1024K)]
  0x000002c1afe27220 JavaThread "Cache worker for cache directory md-rule (C:\Users\vsing\.gradle\caches\8.14.3\md-rule)"        [_thread_blocked, id=23052, stack(0x000000d703500000,0x000000d703600000) (1024K)]
  0x000002c1afe29980 JavaThread "Cache worker for Build Output Cleanup Cache (C:\chatbots\node_modules\@react-native\gradle-plugin\.gradle\buildOutputCleanup)"        [_thread_blocked, id=11768, stack(0x000000d703600000,0x000000d703700000) (1024K)]
  0x000002c1afe278b0 JavaThread "Unconstrained build operations"        [_thread_blocked, id=21928, stack(0x000000d703700000,0x000000d703800000) (1024K)]
  0x000002c1afe2b3c0 JavaThread "Unconstrained build operations Thread 2"        [_thread_blocked, id=20604, stack(0x000000d703800000,0x000000d703900000) (1024K)]
  0x000002c1afe2ba50 JavaThread "Unconstrained build operations Thread 3"        [_thread_blocked, id=20112, stack(0x000000d703900000,0x000000d703a00000) (1024K)]
  0x000002c1ab2e2ea0 JavaThread "C2 CompilerThread1"         daemon [_thread_blocked, id=22524, stack(0x000000d701700000,0x000000d701800000) (1024K)]
  0x000002c1b170e1a0 JavaThread "Unconstrained build operations Thread 4"        [_thread_blocked, id=21524, stack(0x000000d703a00000,0x000000d703b00000) (1024K)]
  0x000002c1b170eec0 JavaThread "Unconstrained build operations Thread 5"        [_thread_blocked, id=23160, stack(0x000000d703b00000,0x000000d703c00000) (1024K)]
  0x000002c1b170f550 JavaThread "Unconstrained build operations Thread 6"        [_thread_blocked, id=23048, stack(0x000000d703c00000,0x000000d703d00000) (1024K)]
  0x000002c1b170c760 JavaThread "build event listener"              [_thread_blocked, id=1812, stack(0x000000d703d00000,0x000000d703e00000) (1024K)]
  0x000002c1b1710270 JavaThread "Memory manager"                    [_thread_blocked, id=8164, stack(0x000000d703e00000,0x000000d703f00000) (1024K)]
  0x000002c1ab2e1360 JavaThread "C2 CompilerThread2"         daemon [_thread_blocked, id=4164, stack(0x000000d703f00000,0x000000d704000000) (1024K)]
Total: 44

Other Threads:
=>0x000002c19bec2330 VMThread "VM Thread"                           [id=17560, stack(0x000000d700c00000,0x000000d700d00000) (1024K)]
  0x000002c19beb41c0 WatcherThread "VM Periodic Task Thread"        [id=5568, stack(0x000000d700b00000,0x000000d700c00000) (1024K)]
  0x000002c1860e4780 WorkerThread "GC Thread#0"                     [id=15176, stack(0x000000d700600000,0x000000d700700000) (1024K)]
  0x000002c1ab3f7990 WorkerThread "GC Thread#1"                     [id=17588, stack(0x000000d701900000,0x000000d701a00000) (1024K)]
  0x000002c1ab4afdc0 WorkerThread "GC Thread#2"                     [id=15612, stack(0x000000d701a00000,0x000000d701b00000) (1024K)]
  0x000002c1abe64ea0 WorkerThread "GC Thread#3"                     [id=19176, stack(0x000000d701b00000,0x000000d701c00000) (1024K)]
  0x000002c1ac30dbf0 WorkerThread "GC Thread#4"                     [id=19100, stack(0x000000d701c00000,0x000000d701d00000) (1024K)]
  0x000002c1ac7c5050 WorkerThread "GC Thread#5"                     [id=17012, stack(0x000000d701d00000,0x000000d701e00000) (1024K)]
  0x000002c1ac7c6480 WorkerThread "GC Thread#6"                     [id=21868, stack(0x000000d701e00000,0x000000d701f00000) (1024K)]
  0x000002c1ac7c6830 WorkerThread "GC Thread#7"                     [id=5180, stack(0x000000d701f00000,0x000000d702000000) (1024K)]
  0x000002c1860eb680 ConcurrentGCThread "G1 Main Marker"            [id=20488, stack(0x000000d700700000,0x000000d700800000) (1024K)]
  0x000002c1860ed0b0 WorkerThread "G1 Conc#0"                       [id=5188, stack(0x000000d700800000,0x000000d700900000) (1024K)]
  0x000002c1ae96aba0 WorkerThread "G1 Conc#1"                       [id=12932, stack(0x000000d702c00000,0x000000d702d00000) (1024K)]
  0x000002c18616eb70 ConcurrentGCThread "G1 Refine#0"               [id=5272, stack(0x000000d700900000,0x000000d700a00000) (1024K)]
  0x000002c19bd8d600 ConcurrentGCThread "G1 Service"                [id=1616, stack(0x000000d700a00000,0x000000d700b00000) (1024K)]
Total: 15

Threads with active compile tasks:
C2 CompilerThread0  11150 9294       4       org.gradle.internal.reflect.MutableClassDetails::property (41 bytes)
C2 CompilerThread1  11150 9252       4       org.gradle.internal.reflect.ClassInspector::inspectClass (179 bytes)
C2 CompilerThread2  11151 9308       4       java.lang.invoke.TypeConvertingMethodAdapter::descriptorToName (36 bytes)
Total: 3

VM state: at safepoint (normal execution)

VM Mutex/Monitor currently owned by a thread:  ([mutex/lock_event])
[0x00007ffc52eae560] Threads_lock - owner thread: 0x000002c19bec2330
[0x00007ffc52eae660] Heap_lock - owner thread: 0x000002c1860eb680

Heap address: 0x00000000d0000000, size: 768 MB, Compressed Oops mode: 32-bit

CDS archive(s) mapped at: [0x000002c19c000000-0x000002c19cba0000-0x000002c19cba0000), size 12189696, SharedBaseAddress: 0x000002c19c000000, ArchiveRelocationMode: 1.
Compressed class space mapped at: 0x000002c19d000000-0x000002c1a7000000, reserved size: 167772160
Narrow klass base: 0x000002c19c000000, Narrow klass shift: 0, Narrow klass range: 0x100000000

GC Precious Log:
 CardTable entry size: 512
 Card Set container configuration: InlinePtr #cards 5 size 8 Array Of Cards #cards 12 size 40 Howl #buckets 4 coarsen threshold 1843 Howl Bitmap #cards 512 size 80 coarsen threshold 460 Card regions per heap region 1 cards per card region 2048
 CPUs: 8 total, 8 available
 Memory: 7834M
 Large Page Support: Disabled
 NUMA Support: Disabled
 Compressed Oops: Enabled (32-bit)
 Heap Region Size: 1M
 Heap Min Capacity: 8M
 Heap Initial Capacity: 124M
 Heap Max Capacity: 768M
 Pre-touch: Disabled
 Parallel Workers: 8
 Concurrent Workers: 2
 Concurrent Refinement Workers: 8
 Periodic GC: Disabled

Heap:
 garbage-first heap   total 114688K, used 74963K [0x00000000d0000000, 0x0000000100000000)
  region size 1024K, 9 young (9216K), 5 survivors (5120K)
 Metaspace       used 74166K, committed 76416K, reserved 229376K
  class space    used 10718K, committed 11840K, reserved 163840K

Heap Regions: E=young(eden), S=young(survivor), O=old, HS=humongous(starts), HC=humongous(continues), CS=collection set, F=free, TAMS=top-at-mark-start, PB=parsable bottom
|   0|0x00000000d0000000, 0x00000000d0100000, 0x00000000d0100000|100%|HS|  |TAMS 0x00000000d0100000| PB 0x00000000d0000000| Complete 
|   1|0x00000000d0100000, 0x00000000d0200000, 0x00000000d0200000|100%|HC|  |TAMS 0x00000000d0200000| PB 0x00000000d0100000| Complete 
|   2|0x00000000d0200000, 0x00000000d0300000, 0x00000000d0300000|100%|HC|  |TAMS 0x00000000d0300000| PB 0x00000000d0200000| Complete 
|   3|0x00000000d0300000, 0x00000000d0400000, 0x00000000d0400000|100%| O|  |TAMS 0x00000000d0400000| PB 0x00000000d0400000| Untracked 
|   4|0x00000000d0400000, 0x00000000d0500000, 0x00000000d0500000|100%| O|  |TAMS 0x00000000d0500000| PB 0x00000000d0500000| Untracked 
|   5|0x00000000d0500000, 0x00000000d0600000, 0x00000000d0600000|100%| O|  |TAMS 0x00000000d0600000| PB 0x00000000d0600000| Untracked 
|   6|0x00000000d0600000, 0x00000000d0700000, 0x00000000d0700000|100%|HS|  |TAMS 0x00000000d0700000| PB 0x00000000d0600000| Complete 
|   7|0x00000000d0700000, 0x00000000d0800000, 0x00000000d0800000|100%| O|  |TAMS 0x00000000d0800000| PB 0x00000000d0800000| Untracked 
|   8|0x00000000d0800000, 0x00000000d0900000, 0x00000000d0900000|100%| O|  |TAMS 0x00000000d0900000| PB 0x00000000d0900000| Untracked 
|   9|0x00000000d0900000, 0x00000000d0a00000, 0x00000000d0a00000|100%| O|  |TAMS 0x00000000d0a00000| PB 0x00000000d0a00000| Untracked 
|  10|0x00000000d0a00000, 0x00000000d0b00000, 0x00000000d0b00000|100%| O|  |TAMS 0x00000000d0b00000| PB 0x00000000d0b00000| Untracked 
|  11|0x00000000d0b00000, 0x00000000d0c00000, 0x00000000d0c00000|100%| O|  |TAMS 0x00000000d0c00000| PB 0x00000000d0c00000| Untracked 
|  12|0x00000000d0c00000, 0x00000000d0d00000, 0x00000000d0d00000|100%| O|  |TAMS 0x00000000d0d00000| PB 0x00000000d0d00000| Updating 
|  13|0x00000000d0d00000, 0x00000000d0e00000, 0x00000000d0e00000|100%| O|  |TAMS 0x00000000d0e00000| PB 0x00000000d0e00000| Untracked 
|  14|0x00000000d0e00000, 0x00000000d0f00000, 0x00000000d0f00000|100%| O|  |TAMS 0x00000000d0f00000| PB 0x00000000d0f00000| Untracked 
|  15|0x00000000d0f00000, 0x00000000d1000000, 0x00000000d1000000|100%| O|  |TAMS 0x00000000d1000000| PB 0x00000000d1000000| Untracked 
|  16|0x00000000d1000000, 0x00000000d1100000, 0x00000000d1100000|100%| O|  |TAMS 0x00000000d1100000| PB 0x00000000d1100000| Untracked 
|  17|0x00000000d1100000, 0x00000000d1200000, 0x00000000d1200000|100%| O|  |TAMS 0x00000000d1200000| PB 0x00000000d1200000| Untracked 
|  18|0x00000000d1200000, 0x00000000d1300000, 0x00000000d1300000|100%| O|  |TAMS 0x00000000d1300000| PB 0x00000000d1300000| Untracked 
|  19|0x00000000d1300000, 0x00000000d1400000, 0x00000000d1400000|100%| O|  |TAMS 0x00000000d1400000| PB 0x00000000d1400000| Untracked 
|  20|0x00000000d1400000, 0x00000000d1500000, 0x00000000d1500000|100%| O|  |TAMS 0x00000000d1500000| PB 0x00000000d1500000| Untracked 
|  21|0x00000000d1500000, 0x00000000d1600000, 0x00000000d1600000|100%| O|  |TAMS 0x00000000d1600000| PB 0x00000000d1600000| Untracked 
|  22|0x00000000d1600000, 0x00000000d1700000, 0x00000000d1700000|100%| O|  |TAMS 0x00000000d1700000| PB 0x00000000d1700000| Updating 
|  23|0x00000000d1700000, 0x00000000d1800000, 0x00000000d1800000|100%| O|  |TAMS 0x00000000d1800000| PB 0x00000000d1800000| Untracked 
|  24|0x00000000d1800000, 0x00000000d1900000, 0x00000000d1900000|100%| O|  |TAMS 0x00000000d1900000| PB 0x00000000d1900000| Untracked 
|  25|0x00000000d1900000, 0x00000000d1a00000, 0x00000000d1a00000|100%| O|  |TAMS 0x00000000d1900000| PB 0x00000000d1900000| Untracked 
|  26|0x00000000d1a00000, 0x00000000d1b00000, 0x00000000d1b00000|100%| O|  |TAMS 0x00000000d1b00000| PB 0x00000000d1b00000| Untracked 
|  27|0x00000000d1b00000, 0x00000000d1c00000, 0x00000000d1c00000|100%| O|  |TAMS 0x00000000d1c00000| PB 0x00000000d1c00000| Updating 
|  28|0x00000000d1c00000, 0x00000000d1d00000, 0x00000000d1d00000|100%| O|  |TAMS 0x00000000d1d00000| PB 0x00000000d1d00000| Updating 
|  29|0x00000000d1d00000, 0x00000000d1e00000, 0x00000000d1e00000|100%| O|  |TAMS 0x00000000d1e00000| PB 0x00000000d1e00000| Updating 
|  30|0x00000000d1e00000, 0x00000000d1f00000, 0x00000000d1f00000|100%| O|  |TAMS 0x00000000d1f00000| PB 0x00000000d1f00000| Untracked 
|  31|0x00000000d1f00000, 0x00000000d2000000, 0x00000000d2000000|100%| O|  |TAMS 0x00000000d2000000| PB 0x00000000d2000000| Untracked 
|  32|0x00000000d2000000, 0x00000000d2100000, 0x00000000d2100000|100%| O|  |TAMS 0x00000000d2100000| PB 0x00000000d2100000| Untracked 
|  33|0x00000000d2100000, 0x00000000d2200000, 0x00000000d2200000|100%| O|  |TAMS 0x00000000d2200000| PB 0x00000000d2200000| Untracked 
|  34|0x00000000d2200000, 0x00000000d2300000, 0x00000000d2300000|100%| O|  |TAMS 0x00000000d2300000| PB 0x00000000d2300000| Untracked 
|  35|0x00000000d2300000, 0x00000000d2400000, 0x00000000d2400000|100%| O|  |TAMS 0x00000000d2400000| PB 0x00000000d2400000| Untracked 
|  36|0x00000000d2400000, 0x00000000d2500000, 0x00000000d2500000|100%| O|  |TAMS 0x00000000d2500000| PB 0x00000000d2500000| Untracked 
|  37|0x00000000d2500000, 0x00000000d2600000, 0x00000000d2600000|100%| O|  |TAMS 0x00000000d2600000| PB 0x00000000d2600000| Updating 
|  38|0x00000000d2600000, 0x00000000d2700000, 0x00000000d2700000|100%| O|  |TAMS 0x00000000d2700000| PB 0x00000000d2700000| Untracked 
|  39|0x00000000d2700000, 0x00000000d2800000, 0x00000000d2800000|100%| O|  |TAMS 0x00000000d2800000| PB 0x00000000d2800000| Updating 
|  40|0x00000000d2800000, 0x00000000d2900000, 0x00000000d2900000|100%| O|  |TAMS 0x00000000d2900000| PB 0x00000000d2900000| Untracked 
|  41|0x00000000d2900000, 0x00000000d2a00000, 0x00000000d2a00000|100%| O|  |TAMS 0x00000000d2a00000| PB 0x00000000d2a00000| Updating 
|  42|0x00000000d2a00000, 0x00000000d2b00000, 0x00000000d2b00000|100%| O|  |TAMS 0x00000000d2b00000| PB 0x00000000d2b00000| Untracked 
|  43|0x00000000d2b00000, 0x00000000d2c00000, 0x00000000d2c00000|100%| O|  |TAMS 0x00000000d2c00000| PB 0x00000000d2c00000| Untracked 
|  44|0x00000000d2c00000, 0x00000000d2d00000, 0x00000000d2d00000|100%| O|  |TAMS 0x00000000d2d00000| PB 0x00000000d2d00000| Untracked 
|  45|0x00000000d2d00000, 0x00000000d2e00000, 0x00000000d2e00000|100%| O|  |TAMS 0x00000000d2e00000| PB 0x00000000d2e00000| Updating 
|  46|0x00000000d2e00000, 0x00000000d2f00000, 0x00000000d2f00000|100%| O|  |TAMS 0x00000000d2f00000| PB 0x00000000d2f00000| Updating 
|  47|0x00000000d2f00000, 0x00000000d3000000, 0x00000000d3000000|100%| O|  |TAMS 0x00000000d3000000| PB 0x00000000d3000000| Updating 
|  48|0x00000000d3000000, 0x00000000d3100000, 0x00000000d3100000|100%| O|  |TAMS 0x00000000d3000000| PB 0x00000000d3000000| Untracked 
|  49|0x00000000d3100000, 0x00000000d3200000, 0x00000000d3200000|100%| O|  |TAMS 0x00000000d3200000| PB 0x00000000d3200000| Updating 
|  50|0x00000000d3200000, 0x00000000d3300000, 0x00000000d3300000|100%|HS|  |TAMS 0x00000000d3300000| PB 0x00000000d3200000| Complete 
|  51|0x00000000d3300000, 0x00000000d3400000, 0x00000000d3400000|100%|HC|  |TAMS 0x00000000d3400000| PB 0x00000000d3300000| Complete 
|  52|0x00000000d3400000, 0x00000000d3500000, 0x00000000d3500000|100%|HC|  |TAMS 0x00000000d3500000| PB 0x00000000d3400000| Complete 
|  53|0x00000000d3500000, 0x00000000d3600000, 0x00000000d3600000|100%|HS|  |TAMS 0x00000000d3600000| PB 0x00000000d3500000| Complete 
|  54|0x00000000d3600000, 0x00000000d3700000, 0x00000000d3700000|100%|HC|  |TAMS 0x00000000d3700000| PB 0x00000000d3600000| Complete 
|  55|0x00000000d3700000, 0x00000000d3800000, 0x00000000d3800000|100%|HC|  |TAMS 0x00000000d3800000| PB 0x00000000d3700000| Complete 
|  56|0x00000000d3800000, 0x00000000d3900000, 0x00000000d3900000|100%| O|  |TAMS 0x00000000d3900000| PB 0x00000000d3900000| Updating 
|  57|0x00000000d3900000, 0x00000000d3a00000, 0x00000000d3a00000|100%| O|  |TAMS 0x00000000d3a00000| PB 0x00000000d3a00000| Updating 
|  58|0x00000000d3a00000, 0x00000000d3b00000, 0x00000000d3b00000|100%| O|  |TAMS 0x00000000d3b00000| PB 0x00000000d3b00000| Updating 
|  59|0x00000000d3b00000, 0x00000000d3c00000, 0x00000000d3c00000|100%| O|  |TAMS 0x00000000d3c00000| PB 0x00000000d3c00000| Untracked 
|  60|0x00000000d3c00000, 0x00000000d3ced5d0, 0x00000000d3d00000| 92%| O|  |TAMS 0x00000000d3c00000| PB 0x00000000d3c00000| Untracked 
|  61|0x00000000d3d00000, 0x00000000d3e00000, 0x00000000d3e00000|100%| O|  |TAMS 0x00000000d3ddeb80| PB 0x00000000d3ddeb80| Updating 
|  62|0x00000000d3e00000, 0x00000000d3e00000, 0x00000000d3f00000|  0%| F|  |TAMS 0x00000000d3e00000| PB 0x00000000d3e00000| Untracked 
|  63|0x00000000d3f00000, 0x00000000d3f00000, 0x00000000d4000000|  0%| F|  |TAMS 0x00000000d3f00000| PB 0x00000000d3f00000| Untracked 
|  64|0x00000000d4000000, 0x00000000d4000000, 0x00000000d4100000|  0%| F|  |TAMS 0x00000000d4000000| PB 0x00000000d4000000| Untracked 
|  65|0x00000000d4100000, 0x00000000d4147748, 0x00000000d4200000| 27%| S|CS|TAMS 0x00000000d4100000| PB 0x00000000d4100000| Complete 
|  66|0x00000000d4200000, 0x00000000d4300000, 0x00000000d4300000|100%| S|CS|TAMS 0x00000000d4200000| PB 0x00000000d4200000| Complete 
|  67|0x00000000d4300000, 0x00000000d4400000, 0x00000000d4400000|100%| S|CS|TAMS 0x00000000d4300000| PB 0x00000000d4300000| Complete 
|  68|0x00000000d4400000, 0x00000000d4400000, 0x00000000d4500000|  0%| F|  |TAMS 0x00000000d4400000| PB 0x00000000d4400000| Untracked 
|  69|0x00000000d4500000, 0x00000000d4600000, 0x00000000d4600000|100%| S|CS|TAMS 0x00000000d4500000| PB 0x00000000d4500000| Complete 
|  70|0x00000000d4600000, 0x00000000d4700000, 0x00000000d4700000|100%| S|CS|TAMS 0x00000000d4600000| PB 0x00000000d4600000| Complete 
|  71|0x00000000d4700000, 0x00000000d4700000, 0x00000000d4800000|  0%| F|  |TAMS 0x00000000d4700000| PB 0x00000000d4700000| Untracked 
|  72|0x00000000d4800000, 0x00000000d4800000, 0x00000000d4900000|  0%| F|  |TAMS 0x00000000d4800000| PB 0x00000000d4800000| Untracked 
|  73|0x00000000d4900000, 0x00000000d4900000, 0x00000000d4a00000|  0%| F|  |TAMS 0x00000000d4900000| PB 0x00000000d4900000| Untracked 
|  74|0x00000000d4a00000, 0x00000000d4a00000, 0x00000000d4b00000|  0%| F|  |TAMS 0x00000000d4a00000| PB 0x00000000d4a00000| Untracked 
|  75|0x00000000d4b00000, 0x00000000d4b00000, 0x00000000d4c00000|  0%| F|  |TAMS 0x00000000d4b00000| PB 0x00000000d4b00000| Untracked 
|  76|0x00000000d4c00000, 0x00000000d4c00000, 0x00000000d4d00000|  0%| F|  |TAMS 0x00000000d4c00000| PB 0x00000000d4c00000| Untracked 
|  77|0x00000000d4d00000, 0x00000000d4d00000, 0x00000000d4e00000|  0%| F|  |TAMS 0x00000000d4d00000| PB 0x00000000d4d00000| Untracked 
|  78|0x00000000d4e00000, 0x00000000d4e00000, 0x00000000d4f00000|  0%| F|  |TAMS 0x00000000d4e00000| PB 0x00000000d4e00000| Untracked 
|  79|0x00000000d4f00000, 0x00000000d4f00000, 0x00000000d5000000|  0%| F|  |TAMS 0x00000000d4f00000| PB 0x00000000d4f00000| Untracked 
|  80|0x00000000d5000000, 0x00000000d5000000, 0x00000000d5100000|  0%| F|  |TAMS 0x00000000d5000000| PB 0x00000000d5000000| Untracked 
|  81|0x00000000d5100000, 0x00000000d5100000, 0x00000000d5200000|  0%| F|  |TAMS 0x00000000d5100000| PB 0x00000000d5100000| Untracked 
|  82|0x00000000d5200000, 0x00000000d5200000, 0x00000000d5300000|  0%| F|  |TAMS 0x00000000d5200000| PB 0x00000000d5200000| Untracked 
|  83|0x00000000d5300000, 0x00000000d5300000, 0x00000000d5400000|  0%| F|  |TAMS 0x00000000d5300000| PB 0x00000000d5300000| Untracked 
|  84|0x00000000d5400000, 0x00000000d5400000, 0x00000000d5500000|  0%| F|  |TAMS 0x00000000d5400000| PB 0x00000000d5400000| Untracked 
|  85|0x00000000d5500000, 0x00000000d5500000, 0x00000000d5600000|  0%| F|  |TAMS 0x00000000d5500000| PB 0x00000000d5500000| Untracked 
|  86|0x00000000d5600000, 0x00000000d5600000, 0x00000000d5700000|  0%| F|  |TAMS 0x00000000d5600000| PB 0x00000000d5600000| Untracked 
|  87|0x00000000d5700000, 0x00000000d5700000, 0x00000000d5800000|  0%| F|  |TAMS 0x00000000d5700000| PB 0x00000000d5700000| Untracked 
|  88|0x00000000d5800000, 0x00000000d5800000, 0x00000000d5900000|  0%| F|  |TAMS 0x00000000d5800000| PB 0x00000000d5800000| Untracked 
|  89|0x00000000d5900000, 0x00000000d5900000, 0x00000000d5a00000|  0%| F|  |TAMS 0x00000000d5900000| PB 0x00000000d5900000| Untracked 
|  90|0x00000000d5a00000, 0x00000000d5a00000, 0x00000000d5b00000|  0%| F|  |TAMS 0x00000000d5a00000| PB 0x00000000d5a00000| Untracked 
|  91|0x00000000d5b00000, 0x00000000d5b00000, 0x00000000d5c00000|  0%| F|  |TAMS 0x00000000d5b00000| PB 0x00000000d5b00000| Untracked 
|  92|0x00000000d5c00000, 0x00000000d5c00000, 0x00000000d5d00000|  0%| F|  |TAMS 0x00000000d5c00000| PB 0x00000000d5c00000| Untracked 
|  93|0x00000000d5d00000, 0x00000000d5d00000, 0x00000000d5e00000|  0%| F|  |TAMS 0x00000000d5d00000| PB 0x00000000d5d00000| Untracked 
|  94|0x00000000d5e00000, 0x00000000d5e00000, 0x00000000d5f00000|  0%| F|  |TAMS 0x00000000d5e00000| PB 0x00000000d5e00000| Untracked 
|  95|0x00000000d5f00000, 0x00000000d5f00000, 0x00000000d6000000|  0%| F|  |TAMS 0x00000000d5f00000| PB 0x00000000d5f00000| Untracked 
|  96|0x00000000d6000000, 0x00000000d6000000, 0x00000000d6100000|  0%| F|  |TAMS 0x00000000d6000000| PB 0x00000000d6000000| Untracked 
|  97|0x00000000d6100000, 0x00000000d6100000, 0x00000000d6200000|  0%| F|  |TAMS 0x00000000d6100000| PB 0x00000000d6100000| Untracked 
|  98|0x00000000d6200000, 0x00000000d6200000, 0x00000000d6300000|  0%| F|  |TAMS 0x00000000d6200000| PB 0x00000000d6200000| Untracked 
|  99|0x00000000d6300000, 0x00000000d6300000, 0x00000000d6400000|  0%| F|  |TAMS 0x00000000d6300000| PB 0x00000000d6300000| Untracked 
| 100|0x00000000d6400000, 0x00000000d6400000, 0x00000000d6500000|  0%| F|  |TAMS 0x00000000d6400000| PB 0x00000000d6400000| Untracked 
| 101|0x00000000d6500000, 0x00000000d6500000, 0x00000000d6600000|  0%| F|  |TAMS 0x00000000d6500000| PB 0x00000000d6500000| Untracked 
| 102|0x00000000d6600000, 0x00000000d6600000, 0x00000000d6700000|  0%| F|  |TAMS 0x00000000d6600000| PB 0x00000000d6600000| Untracked 
| 103|0x00000000d6700000, 0x00000000d6700000, 0x00000000d6800000|  0%| F|  |TAMS 0x00000000d6700000| PB 0x00000000d6700000| Untracked 
| 104|0x00000000d6800000, 0x00000000d68799f0, 0x00000000d6900000| 47%| E|  |TAMS 0x00000000d6800000| PB 0x00000000d6800000| Complete 
| 105|0x00000000d6900000, 0x00000000d6a00000, 0x00000000d6a00000|100%| E|CS|TAMS 0x00000000d6900000| PB 0x00000000d6900000| Complete 
| 123|0x00000000d7b00000, 0x00000000d7c00000, 0x00000000d7c00000|100%| E|CS|TAMS 0x00000000d7b00000| PB 0x00000000d7b00000| Complete 
| 763|0x00000000ffb00000, 0x00000000ffc00000, 0x00000000ffc00000|100%| O|  |TAMS 0x00000000ffc00000| PB 0x00000000ffc00000| Updating 
| 764|0x00000000ffc00000, 0x00000000ffd00000, 0x00000000ffd00000|100%| O|  |TAMS 0x00000000ffd00000| PB 0x00000000ffd00000| Untracked 
| 765|0x00000000ffd00000, 0x00000000ffe00000, 0x00000000ffe00000|100%| O|  |TAMS 0x00000000ffe00000| PB 0x00000000ffe00000| Untracked 
| 766|0x00000000ffe00000, 0x00000000fff00000, 0x00000000fff00000|100%| O|  |TAMS 0x00000000fff00000| PB 0x00000000fff00000| Untracked 
| 767|0x00000000fff00000, 0x0000000100000000, 0x0000000100000000|100%| E|CS|TAMS 0x00000000fff00000| PB 0x00000000fff00000| Complete 

Card table byte_map: [0x000002c198760000,0x000002c1988e0000] _byte_map_base: 0x000002c1980e0000

Marking Bits: (CMBitMap*) 0x000002c1860e4da0
 Bits: [0x000002c1988e0000, 0x000002c1994e0000)

Polling page: 0x000002c183ed0000

Metaspace:

Usage:
  Non-class:     61.96 MB used.
      Class:     10.47 MB used.
       Both:     72.43 MB used.

Virtual space:
  Non-class space:       64.00 MB reserved,      63.06 MB ( 99%) committed,  1 nodes.
      Class space:      160.00 MB reserved,      11.56 MB (  7%) committed,  1 nodes.
             Both:      224.00 MB reserved,      74.62 MB ( 33%) committed. 

Chunk freelists:
   Non-Class:  480.00 KB
       Class:  4.30 MB
        Both:  4.77 MB

MaxMetaspaceSize: 192.00 MB
CompressedClassSpaceSize: 160.00 MB
Initial GC threshold: 21.00 MB
Current GC threshold: 116.88 MB
CDS: on
 - commit_granule_bytes: 65536.
 - commit_granule_words: 8192.
 - virtual_space_node_default_size: 8388608.
 - enlarge_chunks_in_place: 1.
 - use_allocation_guard: 0.


Internal statistics:

num_allocs_failed_limit: 9.
num_arena_births: 3880.
num_arena_deaths: 0.
num_vsnodes_births: 2.
num_vsnodes_deaths: 0.
num_space_committed: 1194.
num_space_uncommitted: 0.
num_chunks_returned_to_freelist: 9.
num_chunks_taken_from_freelist: 7452.
num_chunk_merges: 9.
num_chunk_splits: 4826.
num_chunks_enlarged: 2930.
num_inconsistent_stats: 0.

CodeHeap 'non-profiled nmethods': size=120000Kb used=4429Kb max_used=4447Kb free=115570Kb
 bounds [0x000002c190d80000, 0x000002c1911e0000, 0x000002c1982b0000]
CodeHeap 'profiled nmethods': size=120000Kb used=14917Kb max_used=15122Kb free=105082Kb
 bounds [0x000002c1892b0000, 0x000002c18a180000, 0x000002c1907e0000]
CodeHeap 'non-nmethods': size=5760Kb used=2902Kb max_used=3003Kb free=2857Kb
 bounds [0x000002c1907e0000, 0x000002c190ae0000, 0x000002c190d80000]
CodeCache: size=245760Kb, used=22248Kb, max_used=22572Kb, free=223509Kb
 total_blobs=8940, nmethods=8004, adapters=840, full_count=0
Compilation: enabled, stopped_count=0, restarted_count=0

Compilation events (20 events):
Event: 11.047 Thread 0x000002c1ab2e1360 nmethod 9296 0x000002c1911d6690 code [0x000002c1911d6820, 0x000002c1911d6ce8]
Event: 11.047 Thread 0x000002c1ab2e1360 9297       4       java.util.TreeMap::entrySet (27 bytes)
Event: 11.048 Thread 0x000002c19bf21560 9301       3       org.gradle.api.internal.attributes.matching.MultipleCandidateMatcher::getValueIndex (14 bytes)
Event: 11.048 Thread 0x000002c19bf21560 nmethod 9301 0x000002c18a173410 code [0x000002c18a1735c0, 0x000002c18a1737a8]
Event: 11.049 Thread 0x000002c1ab2e1360 nmethod 9297 0x000002c1911d6d90 code [0x000002c1911d6f20, 0x000002c1911d70f0]
Event: 11.049 Thread 0x000002c1ab2e1360 9300       4       org.gradle.api.internal.provider.ValueSupplier$Present::pushWhenMissing (2 bytes)
Event: 11.049 Thread 0x000002c1ab2e1360 nmethod 9300 0x000002c1911d7190 code [0x000002c1911d7320, 0x000002c1911d73a8]
Event: 11.051 Thread 0x000002c19bf21560 9302       3       org.gradle.api.internal.lambdas.SerializableLambdas::action (2 bytes)
Event: 11.051 Thread 0x000002c19bf21560 nmethod 9302 0x000002c18a173890 code [0x000002c18a173a20, 0x000002c18a173b10]
Event: 11.052 Thread 0x000002c19bf21560 9303       3       org.gradle.api.internal.provider.TransformBackedProvider::<init> (20 bytes)
Event: 11.052 Thread 0x000002c19bf21560 nmethod 9303 0x000002c18a173b90 code [0x000002c18a173d40, 0x000002c18a174018]
Event: 11.052 Thread 0x000002c19bf21560 9305       3       org.gradle.internal.typeconversion.NotationParserBuilder::typeDisplayName (7 bytes)
Event: 11.052 Thread 0x000002c19bf21560 nmethod 9305 0x000002c18a174110 code [0x000002c18a1742a0, 0x000002c18a1743f8]
Event: 11.053 Thread 0x000002c19bf21560 9306       3       java.lang.Thread::getId (5 bytes)
Event: 11.053 Thread 0x000002c19bf21560 nmethod 9306 0x000002c18a174490 code [0x000002c18a174620, 0x000002c18a174748]
Event: 11.053 Thread 0x000002c19bf21560 9304       1       org.gradle.api.internal.file.DefaultFileSystemLocation::getAsFile (5 bytes)
Event: 11.053 Thread 0x000002c19bf21560 nmethod 9304 0x000002c1911d7490 code [0x000002c1911d7620, 0x000002c1911d76e8]
Event: 11.053 Thread 0x000002c1ab2e1360 9307       4       com.google.common.collect.ImmutableSet$SetBuilderImpl::addDedupedElement (28 bytes)
Event: 11.058 Thread 0x000002c1ab2e1360 nmethod 9307 0x000002c1911d7790 code [0x000002c1911d7940, 0x000002c1911d7cc0]
Event: 11.067 Thread 0x000002c1ab2e1360 9308       4       java.lang.invoke.TypeConvertingMethodAdapter::descriptorToName (36 bytes)

GC Heap History (20 events):
Event: 7.594 GC heap before
{Heap before GC invocations=15 (full 0):
 garbage-first heap   total 86016K, used 77251K [0x00000000d0000000, 0x0000000100000000)
  region size 1024K, 39 young (39936K), 5 survivors (5120K)
 Metaspace       used 57115K, committed 59072K, reserved 229376K
  class space    used 8312K, committed 9280K, reserved 163840K
}
Event: 7.601 GC heap after
{Heap after GC invocations=16 (full 0):
 garbage-first heap   total 87040K, used 47011K [0x00000000d0000000, 0x0000000100000000)
  region size 1024K, 5 young (5120K), 5 survivors (5120K)
 Metaspace       used 57115K, committed 59072K, reserved 229376K
  class space    used 8312K, committed 9280K, reserved 163840K
}
Event: 8.146 GC heap before
{Heap before GC invocations=17 (full 0):
 garbage-first heap   total 87040K, used 83875K [0x00000000d0000000, 0x0000000100000000)
  region size 1024K, 35 young (35840K), 5 survivors (5120K)
 Metaspace       used 58345K, committed 60224K, reserved 229376K
  class space    used 8464K, committed 9408K, reserved 163840K
}
Event: 8.152 GC heap after
{Heap after GC invocations=18 (full 0):
 garbage-first heap   total 94208K, used 57866K [0x00000000d0000000, 0x0000000100000000)
  region size 1024K, 5 young (5120K), 5 survivors (5120K)
 Metaspace       used 58345K, committed 60224K, reserved 229376K
  class space    used 8464K, committed 9408K, reserved 163840K
}
Event: 8.487 GC heap before
{Heap before GC invocations=18 (full 0):
 garbage-first heap   total 94208K, used 83466K [0x00000000d0000000, 0x0000000100000000)
  region size 1024K, 30 young (30720K), 5 survivors (5120K)
 Metaspace       used 61257K, committed 63104K, reserved 229376K
  class space    used 8827K, committed 9728K, reserved 163840K
}
Event: 8.490 GC heap after
{Heap after GC invocations=19 (full 0):
 garbage-first heap   total 94208K, used 59338K [0x00000000d0000000, 0x0000000100000000)
  region size 1024K, 2 young (2048K), 2 survivors (2048K)
 Metaspace       used 61257K, committed 63104K, reserved 229376K
  class space    used 8827K, committed 9728K, reserved 163840K
}
Event: 8.749 GC heap before
{Heap before GC invocations=19 (full 0):
 garbage-first heap   total 94208K, used 84938K [0x00000000d0000000, 0x0000000100000000)
  region size 1024K, 27 young (27648K), 2 survivors (2048K)
 Metaspace       used 63067K, committed 65024K, reserved 229376K
  class space    used 9097K, committed 10048K, reserved 163840K
}
Event: 8.751 GC heap after
{Heap after GC invocations=20 (full 0):
 garbage-first heap   total 94208K, used 60285K [0x00000000d0000000, 0x0000000100000000)
  region size 1024K, 3 young (3072K), 3 survivors (3072K)
 Metaspace       used 63067K, committed 65024K, reserved 229376K
  class space    used 9097K, committed 10048K, reserved 163840K
}
Event: 8.989 GC heap before
{Heap before GC invocations=21 (full 0):
 garbage-first heap   total 102400K, used 85885K [0x00000000d0000000, 0x0000000100000000)
  region size 1024K, 28 young (28672K), 3 survivors (3072K)
 Metaspace       used 64897K, committed 66816K, reserved 229376K
  class space    used 9363K, committed 10304K, reserved 163840K
}
Event: 8.992 GC heap after
{Heap after GC invocations=22 (full 0):
 garbage-first heap   total 102400K, used 60901K [0x00000000d0000000, 0x0000000100000000)
  region size 1024K, 2 young (2048K), 2 survivors (2048K)
 Metaspace       used 64897K, committed 66816K, reserved 229376K
  class space    used 9363K, committed 10304K, reserved 163840K
}
Event: 9.314 GC heap before
{Heap before GC invocations=22 (full 0):
 garbage-first heap   total 102400K, used 92645K [0x00000000d0000000, 0x0000000100000000)
  region size 1024K, 34 young (34816K), 2 survivors (2048K)
 Metaspace       used 67652K, committed 69760K, reserved 229376K
  class space    used 9820K, committed 10880K, reserved 163840K
}
Event: 9.317 GC heap after
{Heap after GC invocations=23 (full 0):
 garbage-first heap   total 102400K, used 61032K [0x00000000d0000000, 0x0000000100000000)
  region size 1024K, 4 young (4096K), 4 survivors (4096K)
 Metaspace       used 67652K, committed 69760K, reserved 229376K
  class space    used 9820K, committed 10880K, reserved 163840K
}
Event: 9.637 GC heap before
{Heap before GC invocations=23 (full 0):
 garbage-first heap   total 102400K, used 93800K [0x00000000d0000000, 0x0000000100000000)
  region size 1024K, 36 young (36864K), 4 survivors (4096K)
 Metaspace       used 69435K, committed 71552K, reserved 229376K
  class space    used 10081K, committed 11136K, reserved 163840K
}
Event: 9.641 GC heap after
{Heap after GC invocations=24 (full 0):
 garbage-first heap   total 102400K, used 62257K [0x00000000d0000000, 0x0000000100000000)
  region size 1024K, 4 young (4096K), 4 survivors (4096K)
 Metaspace       used 69435K, committed 71552K, reserved 229376K
  class space    used 10081K, committed 11136K, reserved 163840K
}
Event: 9.980 GC heap before
{Heap before GC invocations=25 (full 0):
 garbage-first heap   total 106496K, used 94001K [0x00000000d0000000, 0x0000000100000000)
  region size 1024K, 36 young (36864K), 4 survivors (4096K)
 Metaspace       used 70913K, committed 73024K, reserved 229376K
  class space    used 10301K, committed 11328K, reserved 163840K
}
Event: 9.985 GC heap after
{Heap after GC invocations=26 (full 0):
 garbage-first heap   total 106496K, used 65719K [0x00000000d0000000, 0x0000000100000000)
  region size 1024K, 5 young (5120K), 5 survivors (5120K)
 Metaspace       used 70913K, committed 73024K, reserved 229376K
  class space    used 10301K, committed 11328K, reserved 163840K
}
Event: 10.543 GC heap before
{Heap before GC invocations=26 (full 0):
 garbage-first heap   total 106496K, used 97463K [0x00000000d0000000, 0x0000000100000000)
  region size 1024K, 36 young (36864K), 5 survivors (5120K)
 Metaspace       used 72737K, committed 74944K, reserved 229376K
  class space    used 10511K, committed 11584K, reserved 163840K
}
Event: 10.550 GC heap after
{Heap after GC invocations=27 (full 0):
 garbage-first heap   total 107520K, used 68358K [0x00000000d0000000, 0x0000000100000000)
  region size 1024K, 4 young (4096K), 4 survivors (4096K)
 Metaspace       used 72737K, committed 74944K, reserved 229376K
  class space    used 10511K, committed 11584K, reserved 163840K
}
Event: 11.008 GC heap before
{Heap before GC invocations=27 (full 0):
 garbage-first heap   total 107520K, used 98054K [0x00000000d0000000, 0x0000000100000000)
  region size 1024K, 33 young (33792K), 4 survivors (4096K)
 Metaspace       used 73945K, committed 76160K, reserved 229376K
  class space    used 10674K, committed 11776K, reserved 163840K
}
Event: 11.013 GC heap after
{Heap after GC invocations=28 (full 0):
 garbage-first heap   total 107520K, used 71891K [0x00000000d0000000, 0x0000000100000000)
  region size 1024K, 5 young (5120K), 5 survivors (5120K)
 Metaspace       used 73945K, committed 76160K, reserved 229376K
  class space    used 10674K, committed 11776K, reserved 163840K
}

Dll operation events (14 events):
Event: 0.013 Loaded shared library C:\Users\vsing\.vscode\extensions\redhat.java-1.54.0-win32-x64\jre\21.0.10-win32-x86_64\bin\java.dll
Event: 0.058 Loaded shared library C:\Users\vsing\.vscode\extensions\redhat.java-1.54.0-win32-x64\jre\21.0.10-win32-x86_64\bin\zip.dll
Event: 0.073 Loaded shared library C:\Users\vsing\.vscode\extensions\redhat.java-1.54.0-win32-x64\jre\21.0.10-win32-x86_64\bin\instrument.dll
Event: 0.078 Loaded shared library C:\Users\vsing\.vscode\extensions\redhat.java-1.54.0-win32-x64\jre\21.0.10-win32-x86_64\bin\net.dll
Event: 0.080 Loaded shared library C:\Users\vsing\.vscode\extensions\redhat.java-1.54.0-win32-x64\jre\21.0.10-win32-x86_64\bin\nio.dll
Event: 0.082 Loaded shared library C:\Users\vsing\.vscode\extensions\redhat.java-1.54.0-win32-x64\jre\21.0.10-win32-x86_64\bin\zip.dll
Event: 0.335 Loaded shared library C:\Users\vsing\.vscode\extensions\redhat.java-1.54.0-win32-x64\jre\21.0.10-win32-x86_64\bin\jimage.dll
Event: 0.506 Loaded shared library C:\Users\vsing\.vscode\extensions\redhat.java-1.54.0-win32-x64\jre\21.0.10-win32-x86_64\bin\verify.dll
Event: 0.639 Loaded shared library C:\Users\vsing\.gradle\native\1def1411415f61bf3af743bc5b6707747c0891f09f0c88961ee8f79bc544acac\windows-amd64\native-platform.dll
Event: 0.654 Loaded shared library C:\Users\vsing\.gradle\native\0.2.7\x86_64-windows-gnu\gradle-fileevents.dll
Event: 1.671 Loaded shared library C:\Users\vsing\.vscode\extensions\redhat.java-1.54.0-win32-x64\jre\21.0.10-win32-x86_64\bin\management.dll
Event: 1.674 Loaded shared library C:\Users\vsing\.vscode\extensions\redhat.java-1.54.0-win32-x64\jre\21.0.10-win32-x86_64\bin\management_ext.dll
Event: 1.807 Loaded shared library C:\Users\vsing\.vscode\extensions\redhat.java-1.54.0-win32-x64\jre\21.0.10-win32-x86_64\bin\extnet.dll
Event: 1.973 Loaded shared library C:\Users\vsing\.vscode\extensions\redhat.java-1.54.0-win32-x64\jre\21.0.10-win32-x86_64\bin\sunmscapi.dll

Deoptimization events (20 events):
Event: 10.954 Thread 0x000002c1acbd1e50 Uncommon trap: trap_request=0xffffffde fr.pc=0x000002c19118d1bc relative=0x0000000000000a9c
Event: 10.954 Thread 0x000002c1acbd1e50 Uncommon trap: reason=class_check action=maybe_recompile pc=0x000002c19118d1bc method=com.google.common.collect.Sets$1$1.computeNext()Ljava/lang/Object; @ 16 c2
Event: 10.954 Thread 0x000002c1acbd1e50 DEOPT PACKING pc=0x000002c19118d1bc sp=0x000000d7026f8840
Event: 10.954 Thread 0x000002c1acbd1e50 DEOPT UNPACKING pc=0x000002c190837ba2 sp=0x000000d7026f8750 mode 2
Event: 10.954 Thread 0x000002c1acbd1e50 Uncommon trap: trap_request=0xffffffde fr.pc=0x000002c19118d1bc relative=0x0000000000000a9c
Event: 10.954 Thread 0x000002c1acbd1e50 Uncommon trap: reason=class_check action=maybe_recompile pc=0x000002c19118d1bc method=com.google.common.collect.Sets$1$1.computeNext()Ljava/lang/Object; @ 16 c2
Event: 10.954 Thread 0x000002c1acbd1e50 DEOPT PACKING pc=0x000002c19118d1bc sp=0x000000d7026f8840
Event: 10.954 Thread 0x000002c1acbd1e50 DEOPT UNPACKING pc=0x000002c190837ba2 sp=0x000000d7026f8750 mode 2
Event: 10.954 Thread 0x000002c1acbd1e50 Uncommon trap: trap_request=0xffffffde fr.pc=0x000002c19118d1bc relative=0x0000000000000a9c
Event: 10.954 Thread 0x000002c1acbd1e50 Uncommon trap: reason=class_check action=maybe_recompile pc=0x000002c19118d1bc method=com.google.common.collect.Sets$1$1.computeNext()Ljava/lang/Object; @ 16 c2
Event: 10.954 Thread 0x000002c1acbd1e50 DEOPT PACKING pc=0x000002c19118d1bc sp=0x000000d7026f8840
Event: 10.954 Thread 0x000002c1acbd1e50 DEOPT UNPACKING pc=0x000002c190837ba2 sp=0x000000d7026f8750 mode 2
Event: 10.954 Thread 0x000002c1acbd1e50 Uncommon trap: trap_request=0xffffffde fr.pc=0x000002c19118d1bc relative=0x0000000000000a9c
Event: 10.954 Thread 0x000002c1acbd1e50 Uncommon trap: reason=class_check action=maybe_recompile pc=0x000002c19118d1bc method=com.google.common.collect.Sets$1$1.computeNext()Ljava/lang/Object; @ 16 c2
Event: 10.955 Thread 0x000002c1acbd1e50 DEOPT PACKING pc=0x000002c19118d1bc sp=0x000000d7026f8840
Event: 10.955 Thread 0x000002c1acbd1e50 DEOPT UNPACKING pc=0x000002c190837ba2 sp=0x000000d7026f8750 mode 2
Event: 11.042 Thread 0x000002c1acbd1e50 Uncommon trap: trap_request=0xffffff76 fr.pc=0x000002c1911d4f70 relative=0x0000000000000090
Event: 11.042 Thread 0x000002c1acbd1e50 Uncommon trap: reason=predicate action=maybe_recompile pc=0x000002c1911d4f70 method=java.util.TimSort.binarySort([Ljava/lang/Object;IIILjava/util/Comparator;)V @ 34 c2
Event: 11.042 Thread 0x000002c1acbd1e50 DEOPT PACKING pc=0x000002c1911d4f70 sp=0x000000d7026f68f0
Event: 11.042 Thread 0x000002c1acbd1e50 DEOPT UNPACKING pc=0x000002c190837ba2 sp=0x000000d7026f68a0 mode 2

Classes loaded (20 events):
Event: 10.116 Loading class java/util/TreeMap$EntrySpliterator
Event: 10.116 Loading class java/util/TreeMap$TreeMapSpliterator
Event: 10.116 Loading class java/util/TreeMap$TreeMapSpliterator done
Event: 10.116 Loading class java/util/TreeMap$EntrySpliterator done
Event: 10.127 Loading class java/util/Stack
Event: 10.128 Loading class java/util/Stack done
Event: 10.139 Loading class org/xml/sax/ContentHandler
Event: 10.139 Loading class org/xml/sax/ContentHandler done
Event: 10.139 Loading class org/xml/sax/EntityResolver
Event: 10.139 Loading class org/xml/sax/EntityResolver done
Event: 10.139 Loading class org/xml/sax/DTDHandler
Event: 10.139 Loading class org/xml/sax/DTDHandler done
Event: 10.149 Loading class java/util/Spliterators$IntArraySpliterator
Event: 10.149 Loading class java/util/Spliterators$IntArraySpliterator done
Event: 10.154 Loading class java/text/ParsePosition
Event: 10.154 Loading class java/text/ParsePosition done
Event: 10.159 Loading class java/text/CharacterIterator
Event: 10.160 Loading class java/text/CharacterIterator done
Event: 10.880 Loading class java/lang/AbstractMethodError
Event: 10.881 Loading class java/lang/AbstractMethodError done

Classes unloaded (0 events):
No events

Classes redefined (0 events):
No events

Internal exceptions (20 events):
Event: 10.078 Thread 0x000002c1acbd1e50 Exception <a 'java/lang/ClassNotFoundException'{0x00000000d6661098}: org/gradle/api/internal/plugins/NaggingBasePluginConventionBeanInfo> (0x00000000d6661098) 
thrown [s\src\hotspot\share\classfile\systemDictionary.cpp, line 312]
Event: 10.079 Thread 0x000002c1acbd1e50 Exception <a 'java/lang/ClassNotFoundException'{0x00000000d6681be8}: org/gradle/api/plugins/BasePluginConventionBeanInfo> (0x00000000d6681be8) 
thrown [s\src\hotspot\share\classfile\systemDictionary.cpp, line 312]
Event: 10.080 Thread 0x000002c1acbd1e50 Exception <a 'java/lang/ClassNotFoundException'{0x00000000d66a0f00}: org/gradle/api/plugins/BasePluginConventionCustomizer> (0x00000000d66a0f00) 
thrown [s\src\hotspot\share\classfile\systemDictionary.cpp, line 312]
Event: 10.082 Thread 0x000002c1acbd1e50 Exception <a 'java/lang/ClassNotFoundException'{0x00000000d66cbc00}: org/gradle/api/internal/plugins/NaggingBasePluginConventionCustomizer> (0x00000000d66cbc00) 
thrown [s\src\hotspot\share\classfile\systemDictionary.cpp, line 312]
Event: 10.094 Thread 0x000002c1acbd1e50 Exception <a 'java/lang/ClassNotFoundException'{0x00000000d643eae0}: org/gradle/api/internal/project/DefaultProject_DecoratedBeanInfo> (0x00000000d643eae0) 
thrown [s\src\hotspot\share\classfile\systemDictionary.cpp, line 312]
Event: 10.095 Thread 0x000002c1acbd1e50 Exception <a 'java/lang/ClassNotFoundException'{0x00000000d645c3b8}: org/gradle/api/internal/project/DefaultProjectBeanInfo> (0x00000000d645c3b8) 
thrown [s\src\hotspot\share\classfile\systemDictionary.cpp, line 312]
Event: 10.096 Thread 0x000002c1acbd1e50 Exception <a 'java/lang/ClassNotFoundException'{0x00000000d6479348}: org/gradle/api/internal/project/DefaultProjectCustomizer> (0x00000000d6479348) 
thrown [s\src\hotspot\share\classfile\systemDictionary.cpp, line 312]
Event: 10.102 Thread 0x000002c1acbd1e50 Exception <a 'java/lang/ClassNotFoundException'{0x00000000d6344838}: org/gradle/api/internal/project/DefaultProject_DecoratedCustomizer> (0x00000000d6344838) 
thrown [s\src\hotspot\share\classfile\systemDictionary.cpp, line 312]
Event: 10.115 Thread 0x000002c1acbd1e50 Exception <a 'java/lang/IncompatibleClassChangeError'{0x00000000d63fc4e8}: Found class java.lang.Object, but interface was expected> (0x00000000d63fc4e8) 
thrown [s\src\hotspot\share\interpreter\linkResolver.cpp, line 840]
Event: 10.140 Thread 0x000002c1acbd1e50 Exception <a 'java/lang/IncompatibleClassChangeError'{0x00000000d5af9910}: Found class java.lang.Object, but interface was expected> (0x00000000d5af9910) 
thrown [s\src\hotspot\share\interpreter\linkResolver.cpp, line 840]
Event: 10.174 Thread 0x000002c1acbd1e50 Exception <a 'java/lang/ClassNotFoundException'{0x00000000d58d4cb0}: org/gradle/api/internal/project/DefaultAntBuilderBeanInfo> (0x00000000d58d4cb0) 
thrown [s\src\hotspot\share\classfile\systemDictionary.cpp, line 312]
Event: 10.175 Thread 0x000002c1acbd1e50 Exception <a 'java/lang/ClassNotFoundException'{0x00000000d58f45b0}: org/gradle/api/internal/project/ant/BasicAntBuilderBeanInfo> (0x00000000d58f45b0) 
thrown [s\src\hotspot\share\classfile\systemDictionary.cpp, line 312]
Event: 10.176 Thread 0x000002c1acbd1e50 Exception <a 'java/lang/ClassNotFoundException'{0x00000000d5713778}: org/gradle/api/AntBuilderBeanInfo> (0x00000000d5713778) 
thrown [s\src\hotspot\share\classfile\systemDictionary.cpp, line 312]
Event: 10.177 Thread 0x000002c1acbd1e50 Exception <a 'java/lang/ClassNotFoundException'{0x00000000d5732370}: groovy/ant/AntBuilderBeanInfo> (0x00000000d5732370) 
thrown [s\src\hotspot\share\classfile\systemDictionary.cpp, line 312]
Event: 10.178 Thread 0x000002c1acbd1e50 Exception <a 'java/lang/ClassNotFoundException'{0x00000000d5751218}: groovy/util/BuilderSupportBeanInfo> (0x00000000d5751218) 
thrown [s\src\hotspot\share\classfile\systemDictionary.cpp, line 312]
Event: 10.178 Thread 0x000002c1acbd1e50 Exception <a 'java/lang/ClassNotFoundException'{0x00000000d57718b0}: groovy/util/BuilderSupportCustomizer> (0x00000000d57718b0) 
thrown [s\src\hotspot\share\classfile\systemDictionary.cpp, line 312]
Event: 10.179 Thread 0x000002c1acbd1e50 Exception <a 'java/lang/ClassNotFoundException'{0x00000000d5793030}: groovy/ant/AntBuilderCustomizer> (0x00000000d5793030) 
thrown [s\src\hotspot\share\classfile\systemDictionary.cpp, line 312]
Event: 10.181 Thread 0x000002c1acbd1e50 Exception <a 'java/lang/ClassNotFoundException'{0x00000000d57b6ba0}: org/gradle/api/AntBuilderCustomizer> (0x00000000d57b6ba0) 
thrown [s\src\hotspot\share\classfile\systemDictionary.cpp, line 312]
Event: 10.182 Thread 0x000002c1acbd1e50 Exception <a 'java/lang/ClassNotFoundException'{0x00000000d57e16a0}: org/gradle/api/internal/project/ant/BasicAntBuilderCustomizer> (0x00000000d57e16a0) 
thrown [s\src\hotspot\share\classfile\systemDictionary.cpp, line 312]
Event: 10.189 Thread 0x000002c1acbd1e50 Exception <a 'java/lang/ClassNotFoundException'{0x00000000d5613d60}: org/gradle/api/internal/project/DefaultAntBuilderCustomizer> (0x00000000d5613d60) 
thrown [s\src\hotspot\share\classfile\systemDictionary.cpp, line 312]

ZGC Phase Switch (0 events):
No events

VM Operations (20 events):
Event: 9.027 Executing non-safepoint VM operation: HandshakeAllThreads (Deoptimize) done
Event: 9.314 Executing safepoint VM operation: G1CollectForAllocation (G1 Evacuation Pause)
Event: 9.317 Executing safepoint VM operation: G1CollectForAllocation (G1 Evacuation Pause) done
Event: 9.637 Executing safepoint VM operation: G1CollectForAllocation (G1 Evacuation Pause)
Event: 9.641 Executing safepoint VM operation: G1CollectForAllocation (G1 Evacuation Pause) done
Event: 9.695 Executing safepoint VM operation: G1PauseRemark
Event: 9.699 Executing safepoint VM operation: G1PauseRemark done
Event: 9.716 Executing safepoint VM operation: G1PauseCleanup
Event: 9.716 Executing safepoint VM operation: G1PauseCleanup done
Event: 9.979 Executing safepoint VM operation: G1CollectForAllocation (G1 Evacuation Pause)
Event: 9.985 Executing safepoint VM operation: G1CollectForAllocation (G1 Evacuation Pause) done
Event: 10.399 Executing safepoint VM operation: ICBufferFull
Event: 10.399 Executing safepoint VM operation: ICBufferFull done
Event: 10.543 Executing safepoint VM operation: G1CollectForAllocation (G1 Evacuation Pause)
Event: 10.550 Executing safepoint VM operation: G1CollectForAllocation (G1 Evacuation Pause) done
Event: 10.848 Executing safepoint VM operation: ICBufferFull
Event: 10.848 Executing safepoint VM operation: ICBufferFull done
Event: 11.008 Executing safepoint VM operation: G1CollectForAllocation (G1 Evacuation Pause)
Event: 11.013 Executing safepoint VM operation: G1CollectForAllocation (G1 Evacuation Pause) done
Event: 11.071 Executing safepoint VM operation: G1PauseRemark

Memory protections (0 events):
No events

Nmethod flushes (20 events):
Event: 11.076 Thread 0x000002c19bec2330 flushing  nmethod 0x000002c1892d3510
Event: 11.076 Thread 0x000002c19bec2330 flushing  nmethod 0x000002c18942fa90
Event: 11.076 Thread 0x000002c19bec2330 flushing  nmethod 0x000002c1896dac10
Event: 11.076 Thread 0x000002c19bec2330 flushing  nmethod 0x000002c18974db90
Event: 11.076 Thread 0x000002c19bec2330 flushing  nmethod 0x000002c189bb5f10
Event: 11.076 Thread 0x000002c19bec2330 flushing  nmethod 0x000002c189d66310
Event: 11.076 Thread 0x000002c19bec2330 flushing  nmethod 0x000002c190f4f090
Event: 11.076 Thread 0x000002c19bec2330 flushing  nmethod 0x000002c190fee490
Event: 11.076 Thread 0x000002c19bec2330 flushing  nmethod 0x000002c1910a1990
Event: 11.076 Thread 0x000002c19bec2330 flushing  nmethod 0x000002c189446f90
Event: 11.076 Thread 0x000002c19bec2330 flushing  nmethod 0x000002c18948f310
Event: 11.076 Thread 0x000002c19bec2330 flushing  nmethod 0x000002c189cdcb10
Event: 11.076 Thread 0x000002c19bec2330 flushing  nmethod 0x000002c189f54690
Event: 11.076 Thread 0x000002c19bec2330 flushing  nmethod 0x000002c189f55c90
Event: 11.076 Thread 0x000002c19bec2330 flushing  nmethod 0x000002c189465510
Event: 11.076 Thread 0x000002c19bec2330 flushing  nmethod 0x000002c189832c90
Event: 11.076 Thread 0x000002c19bec2330 flushing  nmethod 0x000002c1898e6a90
Event: 11.076 Thread 0x000002c19bec2330 flushing  nmethod 0x000002c189919b10
Event: 11.076 Thread 0x000002c19bec2330 flushing  nmethod 0x000002c189a31710
Event: 11.076 Thread 0x000002c19bec2330 flushing  nmethod 0x000002c189cb6210

Events (20 events):
Event: 3.600 Thread 0x000002c1acbd1e50 Thread added: 0x000002c1afe27f40
Event: 3.604 Thread 0x000002c1acbd1e50 Thread added: 0x000002c1afe285d0
Event: 4.536 Thread 0x000002c1acbd1e50 Thread added: 0x000002c1afe257e0
Event: 4.612 Thread 0x000002c1ab2e2ea0 Thread exited: 0x000002c1ab2e2ea0
Event: 4.646 Thread 0x000002c1acbd1e50 Thread added: 0x000002c1afe28c60
Event: 4.665 Thread 0x000002c1acbd1e50 Thread added: 0x000002c1afe292f0
Event: 5.049 Thread 0x000002c1acbd1e50 Thread added: 0x000002c1afe25e70
Event: 5.086 Thread 0x000002c1acbd1e50 Thread added: 0x000002c1afe27220
Event: 5.238 Thread 0x000002c1acbd1e50 Thread added: 0x000002c1afe29980
Event: 6.077 Thread 0x000002c1acbd1e50 Thread added: 0x000002c1afe278b0
Event: 6.131 Thread 0x000002c1acbd1e50 Thread added: 0x000002c1afe2b3c0
Event: 6.180 Thread 0x000002c1acbd1e50 Thread added: 0x000002c1afe2ba50
Event: 6.610 Thread 0x000002c1ab2e1a30 Thread exited: 0x000002c1ab2e1a30
Event: 6.670 Thread 0x000002c19bf21560 Thread added: 0x000002c1ab2e2ea0
Event: 7.338 Thread 0x000002c1acbd1e50 Thread added: 0x000002c1b170e1a0
Event: 7.357 Thread 0x000002c1acbd1e50 Thread added: 0x000002c1b170eec0
Event: 7.496 Thread 0x000002c1acbd1e50 Thread added: 0x000002c1b170f550
Event: 8.553 Thread 0x000002c1acbd1e50 Thread added: 0x000002c1b170c760
Event: 9.059 Thread 0x000002c1acbd1e50 Thread added: 0x000002c1b1710270
Event: 10.660 Thread 0x000002c19bf21560 Thread added: 0x000002c1ab2e1360


Dynamic libraries:
0x00007ff7c1a30000 - 0x00007ff7c1a3e000 	C:\Users\vsing\.vscode\extensions\redhat.java-1.54.0-win32-x64\jre\21.0.10-win32-x86_64\bin\java.exe
0x00007ffd29300000 - 0x00007ffd29566000 	C:\WINDOWS\SYSTEM32\ntdll.dll
0x00007ffd276c0000 - 0x00007ffd27789000 	C:\WINDOWS\System32\KERNEL32.DLL
0x00007ffd26920000 - 0x00007ffd26d1a000 	C:\WINDOWS\System32\KERNELBASE.dll
0x00007ffd26db0000 - 0x00007ffd26efc000 	C:\WINDOWS\System32\ucrtbase.dll
0x00007ffd200f0000 - 0x00007ffd20108000 	C:\Users\vsing\.vscode\extensions\redhat.java-1.54.0-win32-x64\jre\21.0.10-win32-x86_64\bin\jli.dll
0x00007ffd200d0000 - 0x00007ffd200ee000 	C:\Users\vsing\.vscode\extensions\redhat.java-1.54.0-win32-x64\jre\21.0.10-win32-x86_64\bin\VCRUNTIME140.dll
0x00007ffd27bf0000 - 0x00007ffd27db7000 	C:\WINDOWS\System32\USER32.dll
0x00007ffd268f0000 - 0x00007ffd26917000 	C:\WINDOWS\System32\win32u.dll
0x00007ffd280c0000 - 0x00007ffd280eb000 	C:\WINDOWS\System32\GDI32.dll
0x00007ffd043e0000 - 0x00007ffd04672000 	C:\WINDOWS\WinSxS\amd64_microsoft.windows.common-controls_6595b64144ccf1df_6.0.26100.8521_none_3e08b75ce33403b3\COMCTL32.dll
0x00007ffd26710000 - 0x00007ffd2683b000 	C:\WINDOWS\System32\gdi32full.dll
0x00007ffd29210000 - 0x00007ffd292b9000 	C:\WINDOWS\System32\msvcrt.dll
0x00007ffd26840000 - 0x00007ffd268e3000 	C:\WINDOWS\System32\msvcp_win.dll
0x00007ffd28020000 - 0x00007ffd28052000 	C:\WINDOWS\System32\IMM32.DLL
0x00007ffd20090000 - 0x00007ffd2009c000 	C:\Users\vsing\.vscode\extensions\redhat.java-1.54.0-win32-x64\jre\21.0.10-win32-x86_64\bin\vcruntime140_1.dll
0x00007ffcf6570000 - 0x00007ffcf65fd000 	C:\Users\vsing\.vscode\extensions\redhat.java-1.54.0-win32-x64\jre\21.0.10-win32-x86_64\bin\msvcp140.dll
0x00007ffc521f0000 - 0x00007ffc52f91000 	C:\Users\vsing\.vscode\extensions\redhat.java-1.54.0-win32-x64\jre\21.0.10-win32-x86_64\bin\server\jvm.dll
0x00007ffd27f60000 - 0x00007ffd28016000 	C:\WINDOWS\System32\ADVAPI32.dll
0x00007ffd27ea0000 - 0x00007ffd27f4a000 	C:\WINDOWS\System32\sechost.dll
0x00007ffd290f0000 - 0x00007ffd29208000 	C:\WINDOWS\System32\RPCRT4.dll
0x00007ffd27b60000 - 0x00007ffd27be0000 	C:\WINDOWS\System32\WS2_32.dll
0x00007ffd26410000 - 0x00007ffd2646e000 	C:\WINDOWS\SYSTEM32\POWRPROF.dll
0x00007ffd1e220000 - 0x00007ffd1e22b000 	C:\WINDOWS\SYSTEM32\VERSION.dll
0x00007ffd17a10000 - 0x00007ffd17a46000 	C:\WINDOWS\SYSTEM32\WINMM.dll
0x00007ffd263f0000 - 0x00007ffd26404000 	C:\WINDOWS\SYSTEM32\UMPDC.dll
0x00007ffd252f0000 - 0x00007ffd2530b000 	C:\WINDOWS\SYSTEM32\kernel.appcore.dll
0x00007ffd20080000 - 0x00007ffd2008a000 	C:\Users\vsing\.vscode\extensions\redhat.java-1.54.0-win32-x64\jre\21.0.10-win32-x86_64\bin\jimage.dll
0x00007ffd23ba0000 - 0x00007ffd23de2000 	C:\WINDOWS\SYSTEM32\DBGHELP.DLL
0x00007ffd270f0000 - 0x00007ffd27473000 	C:\WINDOWS\System32\combase.dll
0x00007ffd27dc0000 - 0x00007ffd27e99000 	C:\WINDOWS\System32\OLEAUT32.dll
0x00007ffd038e0000 - 0x00007ffd0391b000 	C:\WINDOWS\SYSTEM32\dbgcore.DLL
0x00007ffd26fc0000 - 0x00007ffd27068000 	C:\WINDOWS\System32\bcryptPrimitives.dll
0x00007ffd09220000 - 0x00007ffd0922f000 	C:\Users\vsing\.vscode\extensions\redhat.java-1.54.0-win32-x64\jre\21.0.10-win32-x86_64\bin\instrument.dll
0x00007ffd20060000 - 0x00007ffd20080000 	C:\Users\vsing\.vscode\extensions\redhat.java-1.54.0-win32-x64\jre\21.0.10-win32-x86_64\bin\java.dll
0x00007ffd28170000 - 0x00007ffd288f4000 	C:\WINDOWS\System32\SHELL32.dll
0x00007ffd24120000 - 0x00007ffd249a0000 	C:\WINDOWS\SYSTEM32\windows.storage.dll
0x00007ffd28e40000 - 0x00007ffd28f36000 	C:\WINDOWS\System32\SHCORE.dll
0x00007ffd27540000 - 0x00007ffd275a7000 	C:\WINDOWS\System32\shlwapi.dll
0x00007ffd264b0000 - 0x00007ffd264d9000 	C:\WINDOWS\SYSTEM32\profapi.dll
0x00007ffd01a80000 - 0x00007ffd01a98000 	C:\Users\vsing\.vscode\extensions\redhat.java-1.54.0-win32-x64\jre\21.0.10-win32-x86_64\bin\zip.dll
0x00007ffd091b0000 - 0x00007ffd091c0000 	C:\Users\vsing\.vscode\extensions\redhat.java-1.54.0-win32-x64\jre\21.0.10-win32-x86_64\bin\net.dll
0x00007ffd1de70000 - 0x00007ffd1df99000 	C:\WINDOWS\SYSTEM32\WINHTTP.dll
0x00007ffd25890000 - 0x00007ffd258fc000 	C:\WINDOWS\system32\mswsock.dll
0x00007ffd20040000 - 0x00007ffd20056000 	C:\Users\vsing\.vscode\extensions\redhat.java-1.54.0-win32-x64\jre\21.0.10-win32-x86_64\bin\nio.dll
0x00007ffd09210000 - 0x00007ffd09220000 	C:\Users\vsing\.vscode\extensions\redhat.java-1.54.0-win32-x64\jre\21.0.10-win32-x86_64\bin\verify.dll
0x00007ffcf6440000 - 0x00007ffcf6467000 	C:\Users\vsing\.gradle\native\1def1411415f61bf3af743bc5b6707747c0891f09f0c88961ee8f79bc544acac\windows-amd64\native-platform.dll
0x00007ffceeaa0000 - 0x00007ffceeb18000 	C:\Users\vsing\.gradle\native\0.2.7\x86_64-windows-gnu\gradle-fileevents.dll
0x00007ffd09140000 - 0x00007ffd0914a000 	C:\Users\vsing\.vscode\extensions\redhat.java-1.54.0-win32-x64\jre\21.0.10-win32-x86_64\bin\management.dll
0x00007ffd02640000 - 0x00007ffd0264c000 	C:\Users\vsing\.vscode\extensions\redhat.java-1.54.0-win32-x64\jre\21.0.10-win32-x86_64\bin\management_ext.dll
0x00007ffd290e0000 - 0x00007ffd290e8000 	C:\WINDOWS\System32\PSAPI.DLL
0x00007ffd24cd0000 - 0x00007ffd24d03000 	C:\WINDOWS\SYSTEM32\IPHLPAPI.DLL
0x00007ffd27f50000 - 0x00007ffd27f5a000 	C:\WINDOWS\System32\NSI.dll
0x00007ffd09160000 - 0x00007ffd09169000 	C:\Users\vsing\.vscode\extensions\redhat.java-1.54.0-win32-x64\jre\21.0.10-win32-x86_64\bin\extnet.dll
0x00007ffd25b70000 - 0x00007ffd25b8b000 	C:\WINDOWS\SYSTEM32\CRYPTSP.dll
0x00007ffd25250000 - 0x00007ffd25289000 	C:\WINDOWS\system32\rsaenh.dll
0x00007ffd25940000 - 0x00007ffd25973000 	C:\WINDOWS\SYSTEM32\USERENV.dll
0x00007ffd26480000 - 0x00007ffd264aa000 	C:\WINDOWS\SYSTEM32\bcrypt.dll
0x00007ffd25b90000 - 0x00007ffd25b9c000 	C:\WINDOWS\SYSTEM32\CRYPTBASE.dll
0x00007ffd09200000 - 0x00007ffd0920e000 	C:\Users\vsing\.vscode\extensions\redhat.java-1.54.0-win32-x64\jre\21.0.10-win32-x86_64\bin\sunmscapi.dll
0x00007ffd26590000 - 0x00007ffd26708000 	C:\WINDOWS\System32\CRYPT32.dll
0x00007ffd25d90000 - 0x00007ffd25dc0000 	C:\WINDOWS\SYSTEM32\ncrypt.dll
0x00007ffd25d40000 - 0x00007ffd25d7f000 	C:\WINDOWS\SYSTEM32\NTASN1.dll
0x00007ffd1fbd0000 - 0x00007ffd1fbd8000 	C:\WINDOWS\system32\wshunix.dll

JVMTI agents:
C:\Users\vsing\.gradle\wrapper\dists\gradle-8.14.3-bin\cv11ve7ro1n3o1j4so8xd9n66\gradle-8.14.3\lib\agents\gradle-instrumentation-agent-8.14.3.jar path:C:\Users\vsing\.vscode\extensions\redhat.java-1.54.0-win32-x64\jre\21.0.10-win32-x86_64\bin\instrument.dll, loaded, initialized, instrumentlib options:none

dbghelp: loaded successfully - version: 4.0.5 - missing functions: none
symbol engine: initialized successfully - sym options: 0x614 - pdb path: .;C:\Users\vsing\.vscode\extensions\redhat.java-1.54.0-win32-x64\jre\21.0.10-win32-x86_64\bin;C:\WINDOWS\SYSTEM32;C:\WINDOWS\WinSxS\amd64_microsoft.windows.common-controls_6595b64144ccf1df_6.0.26100.8521_none_3e08b75ce33403b3;C:\Users\vsing\.vscode\extensions\redhat.java-1.54.0-win32-x64\jre\21.0.10-win32-x86_64\bin\server;C:\Users\vsing\.gradle\native\1def1411415f61bf3af743bc5b6707747c0891f09f0c88961ee8f79bc544acac\windows-amd64;C:\Users\vsing\.gradle\native\0.2.7\x86_64-windows-gnu

VM Arguments:
jvm_args: --add-opens=java.base/java.lang=ALL-UNNAMED --add-opens=java.base/java.lang.invoke=ALL-UNNAMED --add-opens=java.base/java.util=ALL-UNNAMED --add-opens=java.prefs/java.util.prefs=ALL-UNNAMED --add-exports=jdk.compiler/com.sun.tools.javac.api=ALL-UNNAMED --add-exports=jdk.compiler/com.sun.tools.javac.util=ALL-UNNAMED --add-opens=java.base/java.util=ALL-UNNAMED --add-opens=java.prefs/java.util.prefs=ALL-UNNAMED --add-opens=java.base/java.nio.charset=ALL-UNNAMED --add-opens=java.base/java.net=ALL-UNNAMED --add-opens=java.base/java.util.concurrent.atomic=ALL-UNNAMED --add-opens=java.xml/javax.xml.namespace=ALL-UNNAMED -XX:MaxMetaspaceSize=192m -Xmx768m -Dfile.encoding=UTF-8 -Duser.country=IN -Duser.language=en -Duser.variant -javaagent:C:\Users\vsing\.gradle\wrapper\dists\gradle-8.14.3-bin\cv11ve7ro1n3o1j4so8xd9n66\gradle-8.14.3\lib\agents\gradle-instrumentation-agent-8.14.3.jar 
java_command: org.gradle.launcher.daemon.bootstrap.GradleDaemon 8.14.3
java_class_path (initial): C:\Users\vsing\.gradle\wrapper\dists\gradle-8.14.3-bin\cv11ve7ro1n3o1j4so8xd9n66\gradle-8.14.3\lib\gradle-daemon-main-8.14.3.jar
Launcher Type: SUN_STANDARD

[Global flags]
     intx CICompilerCount                          = 4                                         {product} {ergonomic}
   size_t CompressedClassSpaceSize                 = 167772160                                 {product} {ergonomic}
     uint ConcGCThreads                            = 2                                         {product} {ergonomic}
     uint G1ConcRefinementThreads                  = 8                                         {product} {ergonomic}
   size_t G1HeapRegionSize                         = 1048576                                   {product} {ergonomic}
    uintx GCDrainStackTargetSize                   = 64                                        {product} {ergonomic}
   size_t InitialHeapSize                          = 130023424                                 {product} {ergonomic}
   size_t MarkStackSize                            = 4194304                                   {product} {ergonomic}
   size_t MaxHeapSize                              = 805306368                                 {product} {command line}
   size_t MaxMetaspaceSize                         = 201326592                                 {product} {command line}
   size_t MaxNewSize                               = 482344960                                 {product} {ergonomic}
   size_t MinHeapDeltaBytes                        = 1048576                                   {product} {ergonomic}
   size_t MinHeapSize                              = 8388608                                   {product} {ergonomic}
    uintx NonNMethodCodeHeapSize                   = 5839372                                {pd product} {ergonomic}
    uintx NonProfiledCodeHeapSize                  = 122909434                              {pd product} {ergonomic}
    uintx ProfiledCodeHeapSize                     = 122909434                              {pd product} {ergonomic}
    uintx ReservedCodeCacheSize                    = 251658240                              {pd product} {ergonomic}
     bool SegmentedCodeCache                       = true                                      {product} {ergonomic}
   size_t SoftMaxHeapSize                          = 805306368                              {manageable} {ergonomic}
     bool UseCompressedOops                        = true                           {product lp64_product} {ergonomic}
     bool UseG1GC                                  = true                                      {product} {ergonomic}
     bool UseLargePagesIndividualAllocation        = false                                  {pd product} {ergonomic}

Logging:
Log output configuration:
 #0: stdout all=warning uptime,level,tags foldmultilines=false
 #1: stderr all=off uptime,level,tags foldmultilines=false

Release file:
JAVA_VERSION="21.0.10" 
MODULES="java.base java.compiler java.datatransfer java.xml java.prefs java.desktop java.instrument java.logging java.management java.security.sasl java.naming java.rmi java.management.rmi java.net.http java.scripting java.security.jgss java.transaction.xa java.sql java.sql.rowset java.xml.crypto java.se java.smartcardio jdk.accessibility jdk.internal.jvmstat jdk.attach jdk.charsets jdk.internal.opt jdk.zipfs jdk.compiler jdk.crypto.ec jdk.crypto.cryptoki jdk.crypto.mscapi jdk.dynalink jdk.internal.ed jdk.editpad jdk.hotspot.agent jdk.httpserver jdk.internal.le jdk.internal.vm.ci jdk.internal.vm.compiler jdk.internal.vm.compiler.management jdk.jartool jdk.javadoc jdk.jcmd jdk.management jdk.management.agent jdk.jconsole jdk.jdeps jdk.jdwp.agent jdk.jdi jdk.jfr jdk.jshell jdk.jsobject jdk.jstatd jdk.localedata jdk.management.jfr jdk.naming.dns jdk.naming.rmi jdk.net jdk.nio.mapmode jdk.random jdk.sctp jdk.security.auth jdk.security.jgss jdk.unsupported jdk.unsupported.desktop jdk.xml.dom" 

Environment Variables:
JAVA_HOME=C:\Program Files\OpenLogic\jdk-17.0.18.8-hotspot
PATH=C:\Program Files\OpenLogic\jdk-17.0.18.8-hotspot\bin;C:\WINDOWS\system32;C:\WINDOWS;C:\WINDOWS\System32\Wbem;C:\WINDOWS\System32\WindowsPowerShell\v1.0\;C:\WINDOWS\System32\OpenSSH\;C:\WINDOWS\system32;C:\WINDOWS;C:\WINDOWS\System32\Wbem;C:\WINDOWS\System32\WindowsPowerShell\v1.0\;C:\WINDOWS\System32\OpenSSH\;C:\ProgramData\chocolatey\bin;C:\Users\vsing\AppData\Local\Android\Sdk\platform-tools;C:\Users\vsing\AppData\Local\Android\Sdk\emulator;C:\Users\vsing\AppData\Local\Android\Sdk\build-tools;C:\Users\vsing\AppData\Local\Android\Sdk\platforms;C:\Users\vsing\AppData\Local\Android\Sdk;C:\Program Files\OpenLogic\jdk-17.0.18.8-hotspot;C:\Program Files\nodejs\;D:\Git\bin;C:\Users\vsing\AppData\Local\Microsoft\WindowsApps;C:\Users\vsing\AppData\Local\Programs\Microsoft VS Code\bin;C:\Users\vsing\AppData\Local\Android\Sdk\platform-tools;C:\Users\vsing\AppData\Local\Android\Sdk\emulator;C:\Users\vsing\AppData\Local\Android\Sdk\build-tools;C:\Users\vsing\AppData\Local\Android\Sdk\platforms;C:\Users\vsing\AppData\Local\Android\Sdk;C:\Program Files\OpenLogic\jdk-17.0.18.8-hotspot;C:\Program Files\OpenLogic\jdk-17.0.18.8-hotspot\bin;C:\Program Files\nodejs;C:\Users\vsing\AppData\Roaming\npm;D:\Git\bin;C:\Users\vsing\AppData\Local\Programs\Antigravity\bin;C:\Users\vsing\AppData\Local\Programs\cursor\resources\app\bin;C:\Users\vsing\AppData\Local\Programs\Antigravity IDE\bin
USERNAME=vsing
OS=Windows_NT
PROCESSOR_IDENTIFIER=Intel64 Family 6 Model 140 Stepping 1, GenuineIntel
TMP=C:\Users\vsing\AppData\Local\Temp
TEMP=C:\Users\vsing\AppData\Local\Temp




Periodic native trim disabled

---------------  S Y S T E M  ---------------

OS:
 Windows 11 , 64 bit Build 26100 (10.0.26100.8521)
OS uptime: 0 days 0:55 hours
Hyper-V role detected

CPU: total 8 (initial active 8) (4 cores per cpu, 2 threads per core) family 6 model 140 stepping 1 microcode 0xb4, cx8, cmov, fxsr, ht, mmx, 3dnowpref, sse, sse2, sse3, ssse3, sse4.1, sse4.2, popcnt, lzcnt, tsc, tscinvbit, avx, avx2, aes, erms, clmul, bmi1, bmi2, adx, avx512f, avx512dq, avx512cd, avx512bw, avx512vl, sha, fma, vzeroupper, avx512_vpopcntdq, avx512_vpclmulqdq, avx512_vaes, avx512_vnni, clflush, clflushopt, clwb, avx512_vbmi2, avx512_vbmi, hv, rdtscp, rdpid, fsrm, gfni, avx512_bitalg, f16c, cet_ibt, cet_ss, avx512_ifma
Processor Information for processor 0
  Max Mhz: 2001, Current Mhz: 2000, Mhz Limit: 1980
Processor Information for processor 1
  Max Mhz: 2001, Current Mhz: 1200, Mhz Limit: 1980
Processor Information for processor 2
  Max Mhz: 2001, Current Mhz: 2000, Mhz Limit: 1980
Processor Information for processor 3
  Max Mhz: 2001, Current Mhz: 2000, Mhz Limit: 1980
Processor Information for processor 4
  Max Mhz: 2001, Current Mhz: 2000, Mhz Limit: 1980
Processor Information for processor 5
  Max Mhz: 2001, Current Mhz: 2000, Mhz Limit: 1980
Processor Information for processor 6
  Max Mhz: 2001, Current Mhz: 1200, Mhz Limit: 1980
Processor Information for processor 7
  Max Mhz: 2001, Current Mhz: 2000, Mhz Limit: 1980

Memory: 4k page, system-wide physical 7834M (719M free)
TotalPageFile size 19803M (AvailPageFile size 8M)
current process WorkingSet (physical memory assigned to process): 342M, peak: 345M
current process commit charge ("private bytes"): 383M, peak: 390M

vm_info: OpenJDK 64-Bit Server VM (21.0.10+7-LTS) for windows-amd64 JRE (21.0.10+7-LTS), built on 2026-01-20T00:00:00Z by "admin" with MS VC++ 17.12 (VS2022)

END.
