#
# There is insufficient memory for the Java Runtime Environment to continue.
# Native memory allocation (malloc) failed to allocate 2021904 bytes. Error detail: Chunk::new
# Possible reasons:
#   The system is out of physical RAM or swap space
#   This process is running with CompressedOops enabled, and the Java Heap may be blocking the growth of the native heap
# Possible solutions:
#   Reduce memory load on the system
#   Increase physical memory or swap space
#   Check if swap backing store is full
#   Decrease Java heap size (-Xmx/-Xms)
#   Decrease number of Java threads
#   Decrease Java thread stack sizes (-Xss)
#   Set larger code cache with -XX:ReservedCodeCacheSize=
#   JVM is running with Unscaled Compressed Oops mode in which the Java heap is
#     placed in the first 4GB address space. The Java Heap base address is the
#     maximum limit for the native heap growth. Please use -XX:HeapBaseMinAddress
#     to set the Java Heap base and to place the Java Heap above 4GB virtual address.
# This output file may be truncated or incomplete.
#
#  Out of Memory Error (arena.cpp:168), pid=22724, tid=9052
#
# JRE version: OpenJDK Runtime Environment Temurin-21.0.10+7 (21.0.10+7) (build 21.0.10+7-LTS)
# Java VM: OpenJDK 64-Bit Server VM Temurin-21.0.10+7 (21.0.10+7-LTS, mixed mode, sharing, tiered, compressed oops, compressed class ptrs, g1 gc, windows-amd64)
# No core dump will be written. Minidumps are not enabled by default on client versions of Windows
#

---------------  S U M M A R Y ------------

Command Line: --add-opens=java.base/java.util=ALL-UNNAMED --add-opens=java.base/java.lang=ALL-UNNAMED --add-opens=java.base/java.lang.invoke=ALL-UNNAMED --add-opens=java.prefs/java.util.prefs=ALL-UNNAMED --add-exports=jdk.compiler/com.sun.tools.javac.api=ALL-UNNAMED --add-exports=jdk.compiler/com.sun.tools.javac.util=ALL-UNNAMED --add-opens=java.base/java.nio.charset=ALL-UNNAMED --add-opens=java.base/java.net=ALL-UNNAMED --add-opens=java.base/java.util.concurrent.atomic=ALL-UNNAMED -XX:MaxMetaspaceSize=384m -XX:+HeapDumpOnOutOfMemoryError -Xms256m -Xmx512m -Dfile.encoding=utf8 -Duser.country=IN -Duser.language=en -Duser.variant -javaagent:C:\Users\vsing\.gradle\wrapper\dists\gradle-8.9-bin\90cnw93cvbtalezasaz0blq0a\gradle-8.9\lib\agents\gradle-instrumentation-agent-8.9.jar org.gradle.launcher.daemon.bootstrap.GradleDaemon 8.9

Host: 11th Gen Intel(R) Core(TM) i3-1125G4 @ 2.00GHz, 8 cores, 7G,  Windows 11 , 64 bit Build 26100 (10.0.26100.8328)
Time: Tue May 26 15:03:50 2026 India Standard Time elapsed time: 19.233722 seconds (0d 0h 0m 19s)

---------------  T H R E A D  ---------------

Current thread (0x000001c7aa2a1c50):  JavaThread "C2 CompilerThread1" daemon [_thread_in_native, id=9052, stack(0x000000c465000000,0x000000c465100000) (1024K)]


Current CompileTask:
C2:19233 6868       4       java.lang.invoke.MethodType::makeImpl (109 bytes)

Stack: [0x000000c465000000,0x000000c465100000]
Native frames: (J=compiled Java code, j=interpreted, Vv=VM code, C=native code)
V  [jvm.dll+0x6d7a39]
V  [jvm.dll+0x8b4b26]
V  [jvm.dll+0x8b70de]
V  [jvm.dll+0x8b77c3]
V  [jvm.dll+0x284346]
V  [jvm.dll+0xc66ed]
V  [jvm.dll+0xc6c31]
V  [jvm.dll+0x3bec3b]
V  [jvm.dll+0x38b162]
V  [jvm.dll+0x38a5aa]
V  [jvm.dll+0x24c560]
V  [jvm.dll+0x24bb40]
V  [jvm.dll+0x1cb34e]
V  [jvm.dll+0x25b85d]
V  [jvm.dll+0x259dea]
V  [jvm.dll+0x3f857e]
V  [jvm.dll+0x85f59d]
V  [jvm.dll+0x6d626d]
C  [ucrtbase.dll+0x37b0]
C  [KERNEL32.DLL+0x2e957]
C  [ntdll.dll+0x427c]


---------------  P R O C E S S  ---------------

Threads class SMR info:
_java_thread_list=0x000001c7ab22af10, length=54, elements={
0x000001c7f362fac0, 0x000001c7fc0549b0, 0x000001c7fc03e600, 0x000001c7fc05bcd0,
0x000001c7fc05a920, 0x000001c7fc05d080, 0x000001c7fc059c00, 0x000001c7fc069680,
0x000001c7fc08e800, 0x000001c7fc05a290, 0x000001c7fc05afb0, 0x000001c7fc05c360,
0x000001c7fc05c9f0, 0x000001c7fda81c10, 0x000001c7fda822a0, 0x000001c7fda82930,
0x000001c7fda6b410, 0x000001c7fda6baa0, 0x000001c7fda6ce50, 0x000001c7fda6db70,
0x000001c7fda6d4e0, 0x000001c7fda6e200, 0x000001c7fda71680, 0x000001c7fda702d0,
0x000001c7fda6f5b0, 0x000001c7fda6ef20, 0x000001c7fda6a6f0, 0x000001c7fda6ad80,
0x000001c7fda6c7c0, 0x000001c7fda6c130, 0x000001c7fda6e890, 0x000001c7fda6fc40,
0x000001c7fda80860, 0x000001c7fda82fc0, 0x000001c7fda801d0, 0x000001c7aa2a1c50,
0x000001c7fda80ef0, 0x000001c7fda81580, 0x000001c7aaf59b80, 0x000001c7aaf5a210,
0x000001c7aaf587d0, 0x000001c7aaf5bc50, 0x000001c7aaf5c2e0, 0x000001c7aaf5a8a0,
0x000001c7aaf5af30, 0x000001c7aaf5b5c0, 0x000001c7aaf5c970, 0x000001c7aaf594f0,
0x000001c7aaf5ea40, 0x000001c7aaf5d690, 0x000001c7aaf5f0d0, 0x000001c7aaf5f760,
0x000001c7aaf5fdf0, 0x000001c7a94fbb10
}

Java Threads: ( => current thread )
  0x000001c7f362fac0 JavaThread "main"                              [_thread_blocked, id=25580, stack(0x000000c462200000,0x000000c462300000) (1024K)]
  0x000001c7fc0549b0 JavaThread "Reference Handler"          daemon [_thread_blocked, id=23752, stack(0x000000c462a00000,0x000000c462b00000) (1024K)]
  0x000001c7fc03e600 JavaThread "Finalizer"                  daemon [_thread_blocked, id=14048, stack(0x000000c462b00000,0x000000c462c00000) (1024K)]
  0x000001c7fc05bcd0 JavaThread "Signal Dispatcher"          daemon [_thread_blocked, id=25784, stack(0x000000c462c00000,0x000000c462d00000) (1024K)]
  0x000001c7fc05a920 JavaThread "Attach Listener"            daemon [_thread_blocked, id=21780, stack(0x000000c462d00000,0x000000c462e00000) (1024K)]
  0x000001c7fc05d080 JavaThread "Service Thread"             daemon [_thread_blocked, id=14248, stack(0x000000c462e00000,0x000000c462f00000) (1024K)]
  0x000001c7fc059c00 JavaThread "Monitor Deflation Thread"   daemon [_thread_blocked, id=4688, stack(0x000000c462f00000,0x000000c463000000) (1024K)]
  0x000001c7fc069680 JavaThread "C2 CompilerThread0"         daemon [_thread_in_native, id=18152, stack(0x000000c463000000,0x000000c463100000) (1024K)]
  0x000001c7fc08e800 JavaThread "C1 CompilerThread0"         daemon [_thread_in_native, id=17952, stack(0x000000c463100000,0x000000c463200000) (1024K)]
  0x000001c7fc05a290 JavaThread "Common-Cleaner"             daemon [_thread_blocked, id=20296, stack(0x000000c463200000,0x000000c463300000) (1024K)]
  0x000001c7fc05afb0 JavaThread "Notification Thread"        daemon [_thread_blocked, id=20292, stack(0x000000c463300000,0x000000c463400000) (1024K)]
  0x000001c7fc05c360 JavaThread "Daemon health stats"               [_thread_blocked, id=6360, stack(0x000000c463900000,0x000000c463a00000) (1024K)]
  0x000001c7fc05c9f0 JavaThread "Incoming local TCP Connector on port 51081"        [_thread_in_native, id=20448, stack(0x000000c463a00000,0x000000c463b00000) (1024K)]
  0x000001c7fda81c10 JavaThread "Daemon periodic checks"            [_thread_blocked, id=13584, stack(0x000000c463b00000,0x000000c463c00000) (1024K)]
  0x000001c7fda822a0 JavaThread "Daemon"                            [_thread_blocked, id=1484, stack(0x000000c463c00000,0x000000c463d00000) (1024K)]
  0x000001c7fda82930 JavaThread "Daemon worker"                     [_thread_blocked, id=12816, stack(0x000000c463f00000,0x000000c464000000) (1024K)]
  0x000001c7fda6b410 JavaThread "Cache worker for journal cache (C:\Users\vsing\.gradle\caches\journal-1)"        [_thread_blocked, id=9368, stack(0x000000c464300000,0x000000c464400000) (1024K)]
  0x000001c7fda6baa0 JavaThread "File lock request listener"        [_thread_in_native, id=26392, stack(0x000000c464400000,0x000000c464500000) (1024K)]
  0x000001c7fda6ce50 JavaThread "Cache worker for file hash cache (C:\Users\vsing\.gradle\caches\8.9\fileHashes)"        [_thread_blocked, id=22012, stack(0x000000c464500000,0x000000c464600000) (1024K)]
  0x000001c7fda6db70 JavaThread "File watcher server"        daemon [_thread_in_native, id=22764, stack(0x000000c464d00000,0x000000c464e00000) (1024K)]
  0x000001c7fda6d4e0 JavaThread "File watcher consumer"      daemon [_thread_blocked, id=16880, stack(0x000000c464e00000,0x000000c464f00000) (1024K)]
  0x000001c7fda6e200 JavaThread "Cache worker for file content cache (C:\Users\vsing\.gradle\caches\8.9\fileContent)"        [_thread_blocked, id=9372, stack(0x000000c464f00000,0x000000c465000000) (1024K)]
  0x000001c7fda71680 JavaThread "jar transforms"                    [_thread_blocked, id=15872, stack(0x000000c465300000,0x000000c465400000) (1024K)]
  0x000001c7fda702d0 JavaThread "jar transforms Thread 2"           [_thread_blocked, id=15660, stack(0x000000c465400000,0x000000c465500000) (1024K)]
  0x000001c7fda6f5b0 JavaThread "jar transforms Thread 3"           [_thread_blocked, id=11808, stack(0x000000c465500000,0x000000c465600000) (1024K)]
  0x000001c7fda6ef20 JavaThread "jar transforms Thread 4"           [_thread_blocked, id=10384, stack(0x000000c465600000,0x000000c465700000) (1024K)]
  0x000001c7fda6a6f0 JavaThread "VFS cleanup"                       [_thread_blocked, id=25264, stack(0x000000c464000000,0x000000c464100000) (1024K)]
  0x000001c7fda6ad80 JavaThread "Handler for socket connection from /127.0.0.1:51081 to /127.0.0.1:58339"        [_thread_in_native, id=22524, stack(0x000000c463d00000,0x000000c463e00000) (1024K)]
  0x000001c7fda6c7c0 JavaThread "Cancel handler"                    [_thread_blocked, id=18880, stack(0x000000c463e00000,0x000000c463f00000) (1024K)]
  0x000001c7fda6c130 JavaThread "Asynchronous log dispatcher for DefaultDaemonConnection: socket connection from /127.0.0.1:51081 to /127.0.0.1:58339"        [_thread_blocked, id=25096, stack(0x000000c464100000,0x000000c464200000) (1024K)]
  0x000001c7fda6e890 JavaThread "Stdin handler"                     [_thread_blocked, id=22824, stack(0x000000c464200000,0x000000c464300000) (1024K)]
  0x000001c7fda6fc40 JavaThread "Daemon client event forwarder"        [_thread_blocked, id=19424, stack(0x000000c464600000,0x000000c464700000) (1024K)]
  0x000001c7fda80860 JavaThread "Cache worker for file hash cache (C:\chatbots\node_modules\@stream-io\react-native-webrtc\android\.gradle\8.9\fileHashes)"        [_thread_blocked, id=8472, stack(0x000000c464700000,0x000000c464800000) (1024K)]
  0x000001c7fda82fc0 JavaThread "Cache worker for Build Output Cleanup Cache (C:\chatbots\node_modules\@stream-io\react-native-webrtc\android\.gradle\buildOutputCleanup)"        [_thread_blocked, id=25504, stack(0x000000c464800000,0x000000c464900000) (1024K)]
  0x000001c7fda801d0 JavaThread "Cache worker for checksums cache (C:\chatbots\node_modules\@stream-io\react-native-webrtc\android\.gradle\8.9\checksums)"        [_thread_blocked, id=4588, stack(0x000000c464900000,0x000000c464a00000) (1024K)]
=>0x000001c7aa2a1c50 JavaThread "C2 CompilerThread1"         daemon [_thread_in_native, id=9052, stack(0x000000c465000000,0x000000c465100000) (1024K)]
  0x000001c7fda80ef0 JavaThread "Cache worker for cache directory md-rule (C:\Users\vsing\.gradle\caches\8.9\md-rule)"        [_thread_blocked, id=21288, stack(0x000000c465100000,0x000000c465200000) (1024K)]
  0x000001c7fda81580 JavaThread "Cache worker for cache directory md-supplier (C:\Users\vsing\.gradle\caches\8.9\md-supplier)"        [_thread_blocked, id=11252, stack(0x000000c465200000,0x000000c465300000) (1024K)]
  0x000001c7aaf59b80 JavaThread "jar transforms Thread 5"           [_thread_blocked, id=7508, stack(0x000000c465700000,0x000000c465800000) (1024K)]
  0x000001c7aaf5a210 JavaThread "Unconstrained build operations"        [_thread_blocked, id=25292, stack(0x000000c465800000,0x000000c465900000) (1024K)]
  0x000001c7aaf587d0 JavaThread "Unconstrained build operations Thread 2"        [_thread_blocked, id=24268, stack(0x000000c465900000,0x000000c465a00000) (1024K)]
  0x000001c7aaf5bc50 JavaThread "Unconstrained build operations Thread 3"        [_thread_blocked, id=24844, stack(0x000000c465a00000,0x000000c465b00000) (1024K)]
  0x000001c7aaf5c2e0 JavaThread "Unconstrained build operations Thread 4"        [_thread_blocked, id=26424, stack(0x000000c465b00000,0x000000c465c00000) (1024K)]
  0x000001c7aaf5a8a0 JavaThread "Unconstrained build operations Thread 5"        [_thread_blocked, id=6368, stack(0x000000c465c00000,0x000000c465d00000) (1024K)]
  0x000001c7aaf5af30 JavaThread "Unconstrained build operations Thread 6"        [_thread_blocked, id=4148, stack(0x000000c465d00000,0x000000c465e00000) (1024K)]
  0x000001c7aaf5b5c0 JavaThread "Unconstrained build operations Thread 7"        [_thread_blocked, id=25172, stack(0x000000c465e00000,0x000000c465f00000) (1024K)]
  0x000001c7aaf5c970 JavaThread "Unconstrained build operations Thread 8"        [_thread_blocked, id=348, stack(0x000000c465f00000,0x000000c466000000) (1024K)]
  0x000001c7aaf594f0 JavaThread "Unconstrained build operations Thread 9"        [_thread_blocked, id=14684, stack(0x000000c466000000,0x000000c466100000) (1024K)]
  0x000001c7aaf5ea40 JavaThread "Unconstrained build operations Thread 10"        [_thread_blocked, id=14720, stack(0x000000c466100000,0x000000c466200000) (1024K)]
  0x000001c7aaf5d690 JavaThread "Unconstrained build operations Thread 11"        [_thread_blocked, id=14932, stack(0x000000c466200000,0x000000c466300000) (1024K)]
  0x000001c7aaf5f0d0 JavaThread "Unconstrained build operations Thread 12"        [_thread_blocked, id=22376, stack(0x000000c466300000,0x000000c466400000) (1024K)]
  0x000001c7aaf5f760 JavaThread "Unconstrained build operations Thread 13"        [_thread_in_native, id=17744, stack(0x000000c466400000,0x000000c466500000) (1024K)]
  0x000001c7aaf5fdf0 JavaThread "Unconstrained build operations Thread 14"        [_thread_blocked, id=16772, stack(0x000000c466500000,0x000000c466600000) (1024K)]
  0x000001c7a94fbb10 JavaThread "C2 CompilerThread2"         daemon [_thread_blocked, id=22936, stack(0x000000c466600000,0x000000c466700000) (1024K)]
Total: 54

Other Threads:
  0x000001c7fc018480 VMThread "VM Thread"                           [id=15056, stack(0x000000c462900000,0x000000c462a00000) (1024K)]
  0x000001c7fc0095e0 WatcherThread "VM Periodic Task Thread"        [id=25332, stack(0x000000c462800000,0x000000c462900000) (1024K)]
  0x000001c7f365c050 WorkerThread "GC Thread#0"                     [id=23748, stack(0x000000c462300000,0x000000c462400000) (1024K)]
  0x000001c7fc6783e0 WorkerThread "GC Thread#1"                     [id=16352, stack(0x000000c463400000,0x000000c463500000) (1024K)]
  0x000001c7fc45fc40 WorkerThread "GC Thread#2"                     [id=5972, stack(0x000000c463500000,0x000000c463600000) (1024K)]
  0x000001c7fc7f1d80 WorkerThread "GC Thread#3"                     [id=11688, stack(0x000000c463600000,0x000000c463700000) (1024K)]
  0x000001c7fc7f2130 WorkerThread "GC Thread#4"                     [id=20452, stack(0x000000c463700000,0x000000c463800000) (1024K)]
  0x000001c7fc448950 WorkerThread "GC Thread#5"                     [id=7416, stack(0x000000c463800000,0x000000c463900000) (1024K)]
  0x000001c7fe4b69c0 WorkerThread "GC Thread#6"                     [id=25780, stack(0x000000c464a00000,0x000000c464b00000) (1024K)]
  0x000001c7aa34efe0 WorkerThread "GC Thread#7"                     [id=17232, stack(0x000000c464b00000,0x000000c464c00000) (1024K)]
  0x000001c7f3661760 ConcurrentGCThread "G1 Main Marker"            [id=3044, stack(0x000000c462400000,0x000000c462500000) (1024K)]
  0x000001c7f3663000 WorkerThread "G1 Conc#0"                       [id=26244, stack(0x000000c462500000,0x000000c462600000) (1024K)]
  0x000001c7aa34c3a0 WorkerThread "G1 Conc#1"                       [id=22452, stack(0x000000c464c00000,0x000000c464d00000) (1024K)]
  0x000001c7f36eea90 ConcurrentGCThread "G1 Refine#0"               [id=21380, stack(0x000000c462600000,0x000000c462700000) (1024K)]
  0x000001c7fbedd780 ConcurrentGCThread "G1 Service"                [id=4056, stack(0x000000c462700000,0x000000c462800000) (1024K)]
Total: 15

Threads with active compile tasks:
C2 CompilerThread0  19255 7389       4       org.gradle.internal.snapshot.PathUtil::compareDifferentCharsIgnoringCase (38 bytes)
C1 CompilerThread0  19255 7385       3       org.gradle.api.internal.artifacts.transform.TransformExecutionResult$Builder$ProducedExecutionOutput::<init> (10 bytes)
C2 CompilerThread1  19255 6868       4       java.lang.invoke.MethodType::makeImpl (109 bytes)
C2 CompilerThread2  19255 7387       4       java.util.Collections::indexedBinarySearch (83 bytes)
Total: 4

VM state: not at safepoint (normal execution)

VM Mutex/Monitor currently owned by a thread:  ([mutex/lock_event])
[0x00007ffd3bc0ebe0] SystemDictionary_lock - owner thread: 0x0000000000000000

Heap address: 0x00000000e0000000, size: 512 MB, Compressed Oops mode: 32-bit

CDS archive(s) mapped at: [0x000001c78f000000-0x000001c78fba0000-0x000001c78fba0000), size 12189696, SharedBaseAddress: 0x000001c78f000000, ArchiveRelocationMode: 1.
Compressed class space mapped at: 0x000001c790000000-0x000001c7a4000000, reserved size: 335544320
Narrow klass base: 0x000001c78f000000, Narrow klass shift: 0, Narrow klass range: 0x100000000

GC Precious Log:
 CardTable entry size: 512
 Card Set container configuration: InlinePtr #cards 5 size 8 Array Of Cards #cards 12 size 40 Howl #buckets 4 coarsen threshold 1843 Howl Bitmap #cards 512 size 80 coarsen threshold 460 Card regions per heap region 1 cards per card region 2048
 CPUs: 8 total, 8 available
 Memory: 7834M
 Large Page Support: Disabled
 NUMA Support: Disabled
 Compressed Oops: Enabled (32-bit)
 Heap Region Size: 1M
 Heap Min Capacity: 256M
 Heap Initial Capacity: 256M
 Heap Max Capacity: 512M
 Pre-touch: Disabled
 Parallel Workers: 8
 Concurrent Workers: 2
 Concurrent Refinement Workers: 8
 Periodic GC: Disabled

Heap:
 garbage-first heap   total 262144K, used 88520K [0x00000000e0000000, 0x0000000100000000)
  region size 1024K, 64 young (65536K), 19 survivors (19456K)
 Metaspace       used 49902K, committed 51584K, reserved 393216K
  class space    used 7225K, committed 8064K, reserved 327680K

Heap Regions: E=young(eden), S=young(survivor), O=old, HS=humongous(starts), HC=humongous(continues), CS=collection set, F=free, TAMS=top-at-mark-start, PB=parsable bottom
|   0|0x00000000e0000000, 0x00000000e0100000, 0x00000000e0100000|100%|HS|  |TAMS 0x00000000e0000000| PB 0x00000000e0000000| Complete 
|   1|0x00000000e0100000, 0x00000000e0200000, 0x00000000e0200000|100%|HC|  |TAMS 0x00000000e0100000| PB 0x00000000e0100000| Complete 
|   2|0x00000000e0200000, 0x00000000e0300000, 0x00000000e0300000|100%|HC|  |TAMS 0x00000000e0200000| PB 0x00000000e0200000| Complete 
|   3|0x00000000e0300000, 0x00000000e0400000, 0x00000000e0400000|100%|HC|  |TAMS 0x00000000e0300000| PB 0x00000000e0300000| Complete 
|   4|0x00000000e0400000, 0x00000000e0500000, 0x00000000e0500000|100%| O|  |TAMS 0x00000000e0400000| PB 0x00000000e0400000| Untracked 
|   5|0x00000000e0500000, 0x00000000e0600000, 0x00000000e0600000|100%| O|  |TAMS 0x00000000e0500000| PB 0x00000000e0500000| Untracked 
|   6|0x00000000e0600000, 0x00000000e0700000, 0x00000000e0700000|100%| O|  |TAMS 0x00000000e0600000| PB 0x00000000e0600000| Untracked 
|   7|0x00000000e0700000, 0x00000000e0800000, 0x00000000e0800000|100%| O|  |TAMS 0x00000000e0700000| PB 0x00000000e0700000| Untracked 
|   8|0x00000000e0800000, 0x00000000e0800000, 0x00000000e0900000|  0%| F|  |TAMS 0x00000000e0800000| PB 0x00000000e0800000| Untracked 
|   9|0x00000000e0900000, 0x00000000e0a00000, 0x00000000e0a00000|100%| O|  |TAMS 0x00000000e0900000| PB 0x00000000e0900000| Untracked 
|  10|0x00000000e0a00000, 0x00000000e0b00000, 0x00000000e0b00000|100%| O|  |TAMS 0x00000000e0a00000| PB 0x00000000e0a00000| Untracked 
|  11|0x00000000e0b00000, 0x00000000e0c00000, 0x00000000e0c00000|100%|HS|  |TAMS 0x00000000e0b00000| PB 0x00000000e0b00000| Complete 
|  12|0x00000000e0c00000, 0x00000000e0d00000, 0x00000000e0d00000|100%| O|  |TAMS 0x00000000e0c00000| PB 0x00000000e0c00000| Untracked 
|  13|0x00000000e0d00000, 0x00000000e0e00000, 0x00000000e0e00000|100%| O|  |TAMS 0x00000000e0d00000| PB 0x00000000e0d00000| Untracked 
|  14|0x00000000e0e00000, 0x00000000e0f00000, 0x00000000e0f00000|100%| O|  |TAMS 0x00000000e0e00000| PB 0x00000000e0e00000| Untracked 
|  15|0x00000000e0f00000, 0x00000000e1000000, 0x00000000e1000000|100%| O|  |TAMS 0x00000000e0f00000| PB 0x00000000e0f00000| Untracked 
|  16|0x00000000e1000000, 0x00000000e1100000, 0x00000000e1100000|100%| O|  |TAMS 0x00000000e1000000| PB 0x00000000e1000000| Untracked 
|  17|0x00000000e1100000, 0x00000000e1200000, 0x00000000e1200000|100%| O|  |TAMS 0x00000000e1100000| PB 0x00000000e1100000| Untracked 
|  18|0x00000000e1200000, 0x00000000e1300000, 0x00000000e1300000|100%| O|  |TAMS 0x00000000e1200000| PB 0x00000000e1200000| Untracked 
|  19|0x00000000e1300000, 0x00000000e1400000, 0x00000000e1400000|100%| O|  |TAMS 0x00000000e1300000| PB 0x00000000e1300000| Untracked 
|  20|0x00000000e1400000, 0x00000000e1500000, 0x00000000e1500000|100%| O|  |TAMS 0x00000000e1400000| PB 0x00000000e1400000| Untracked 
|  21|0x00000000e1500000, 0x00000000e1600000, 0x00000000e1600000|100%| O|  |TAMS 0x00000000e1500000| PB 0x00000000e1500000| Untracked 
|  22|0x00000000e1600000, 0x00000000e1700000, 0x00000000e1700000|100%| O|  |TAMS 0x00000000e1600000| PB 0x00000000e1600000| Untracked 
|  23|0x00000000e1700000, 0x00000000e1800000, 0x00000000e1800000|100%| O|  |TAMS 0x00000000e1700000| PB 0x00000000e1700000| Untracked 
|  24|0x00000000e1800000, 0x00000000e1900000, 0x00000000e1900000|100%| O|Cm|TAMS 0x00000000e1800000| PB 0x00000000e1800000| Complete 
|  25|0x00000000e1900000, 0x00000000e1980a00, 0x00000000e1a00000| 50%| O|  |TAMS 0x00000000e1900000| PB 0x00000000e1900000| Untracked 
|  26|0x00000000e1a00000, 0x00000000e1a00000, 0x00000000e1b00000|  0%| F|  |TAMS 0x00000000e1a00000| PB 0x00000000e1a00000| Untracked 
|  27|0x00000000e1b00000, 0x00000000e1b00000, 0x00000000e1c00000|  0%| F|  |TAMS 0x00000000e1b00000| PB 0x00000000e1b00000| Untracked 
|  28|0x00000000e1c00000, 0x00000000e1c00000, 0x00000000e1d00000|  0%| F|  |TAMS 0x00000000e1c00000| PB 0x00000000e1c00000| Untracked 
|  29|0x00000000e1d00000, 0x00000000e1d00000, 0x00000000e1e00000|  0%| F|  |TAMS 0x00000000e1d00000| PB 0x00000000e1d00000| Untracked 
|  30|0x00000000e1e00000, 0x00000000e1e00000, 0x00000000e1f00000|  0%| F|  |TAMS 0x00000000e1e00000| PB 0x00000000e1e00000| Untracked 
|  31|0x00000000e1f00000, 0x00000000e1f00000, 0x00000000e2000000|  0%| F|  |TAMS 0x00000000e1f00000| PB 0x00000000e1f00000| Untracked 
|  32|0x00000000e2000000, 0x00000000e2000000, 0x00000000e2100000|  0%| F|  |TAMS 0x00000000e2000000| PB 0x00000000e2000000| Untracked 
|  33|0x00000000e2100000, 0x00000000e2100000, 0x00000000e2200000|  0%| F|  |TAMS 0x00000000e2100000| PB 0x00000000e2100000| Untracked 
|  34|0x00000000e2200000, 0x00000000e2200000, 0x00000000e2300000|  0%| F|  |TAMS 0x00000000e2200000| PB 0x00000000e2200000| Untracked 
|  35|0x00000000e2300000, 0x00000000e2300000, 0x00000000e2400000|  0%| F|  |TAMS 0x00000000e2300000| PB 0x00000000e2300000| Untracked 
|  36|0x00000000e2400000, 0x00000000e2400000, 0x00000000e2500000|  0%| F|  |TAMS 0x00000000e2400000| PB 0x00000000e2400000| Untracked 
|  37|0x00000000e2500000, 0x00000000e2500000, 0x00000000e2600000|  0%| F|  |TAMS 0x00000000e2500000| PB 0x00000000e2500000| Untracked 
|  38|0x00000000e2600000, 0x00000000e2600000, 0x00000000e2700000|  0%| F|  |TAMS 0x00000000e2600000| PB 0x00000000e2600000| Untracked 
|  39|0x00000000e2700000, 0x00000000e2700000, 0x00000000e2800000|  0%| F|  |TAMS 0x00000000e2700000| PB 0x00000000e2700000| Untracked 
|  40|0x00000000e2800000, 0x00000000e2800000, 0x00000000e2900000|  0%| F|  |TAMS 0x00000000e2800000| PB 0x00000000e2800000| Untracked 
|  41|0x00000000e2900000, 0x00000000e2900000, 0x00000000e2a00000|  0%| F|  |TAMS 0x00000000e2900000| PB 0x00000000e2900000| Untracked 
|  42|0x00000000e2a00000, 0x00000000e2a00000, 0x00000000e2b00000|  0%| F|  |TAMS 0x00000000e2a00000| PB 0x00000000e2a00000| Untracked 
|  43|0x00000000e2b00000, 0x00000000e2b00000, 0x00000000e2c00000|  0%| F|  |TAMS 0x00000000e2b00000| PB 0x00000000e2b00000| Untracked 
|  44|0x00000000e2c00000, 0x00000000e2c00000, 0x00000000e2d00000|  0%| F|  |TAMS 0x00000000e2c00000| PB 0x00000000e2c00000| Untracked 
|  45|0x00000000e2d00000, 0x00000000e2d00000, 0x00000000e2e00000|  0%| F|  |TAMS 0x00000000e2d00000| PB 0x00000000e2d00000| Untracked 
|  46|0x00000000e2e00000, 0x00000000e2e00000, 0x00000000e2f00000|  0%| F|  |TAMS 0x00000000e2e00000| PB 0x00000000e2e00000| Untracked 
|  47|0x00000000e2f00000, 0x00000000e2f00000, 0x00000000e3000000|  0%| F|  |TAMS 0x00000000e2f00000| PB 0x00000000e2f00000| Untracked 
|  48|0x00000000e3000000, 0x00000000e3000000, 0x00000000e3100000|  0%| F|  |TAMS 0x00000000e3000000| PB 0x00000000e3000000| Untracked 
|  49|0x00000000e3100000, 0x00000000e3100000, 0x00000000e3200000|  0%| F|  |TAMS 0x00000000e3100000| PB 0x00000000e3100000| Untracked 
|  50|0x00000000e3200000, 0x00000000e3200000, 0x00000000e3300000|  0%| F|  |TAMS 0x00000000e3200000| PB 0x00000000e3200000| Untracked 
|  51|0x00000000e3300000, 0x00000000e3300000, 0x00000000e3400000|  0%| F|  |TAMS 0x00000000e3300000| PB 0x00000000e3300000| Untracked 
|  52|0x00000000e3400000, 0x00000000e3400000, 0x00000000e3500000|  0%| F|  |TAMS 0x00000000e3400000| PB 0x00000000e3400000| Untracked 
|  53|0x00000000e3500000, 0x00000000e3500000, 0x00000000e3600000|  0%| F|  |TAMS 0x00000000e3500000| PB 0x00000000e3500000| Untracked 
|  54|0x00000000e3600000, 0x00000000e3600000, 0x00000000e3700000|  0%| F|  |TAMS 0x00000000e3600000| PB 0x00000000e3600000| Untracked 
|  55|0x00000000e3700000, 0x00000000e3700000, 0x00000000e3800000|  0%| F|  |TAMS 0x00000000e3700000| PB 0x00000000e3700000| Untracked 
|  56|0x00000000e3800000, 0x00000000e3800000, 0x00000000e3900000|  0%| F|  |TAMS 0x00000000e3800000| PB 0x00000000e3800000| Untracked 
|  57|0x00000000e3900000, 0x00000000e3900000, 0x00000000e3a00000|  0%| F|  |TAMS 0x00000000e3900000| PB 0x00000000e3900000| Untracked 
|  58|0x00000000e3a00000, 0x00000000e3a00000, 0x00000000e3b00000|  0%| F|  |TAMS 0x00000000e3a00000| PB 0x00000000e3a00000| Untracked 
|  59|0x00000000e3b00000, 0x00000000e3b00000, 0x00000000e3c00000|  0%| F|  |TAMS 0x00000000e3b00000| PB 0x00000000e3b00000| Untracked 
|  60|0x00000000e3c00000, 0x00000000e3c00000, 0x00000000e3d00000|  0%| F|  |TAMS 0x00000000e3c00000| PB 0x00000000e3c00000| Untracked 
|  61|0x00000000e3d00000, 0x00000000e3d00000, 0x00000000e3e00000|  0%| F|  |TAMS 0x00000000e3d00000| PB 0x00000000e3d00000| Untracked 
|  62|0x00000000e3e00000, 0x00000000e3e00000, 0x00000000e3f00000|  0%| F|  |TAMS 0x00000000e3e00000| PB 0x00000000e3e00000| Untracked 
|  63|0x00000000e3f00000, 0x00000000e3f00000, 0x00000000e4000000|  0%| F|  |TAMS 0x00000000e3f00000| PB 0x00000000e3f00000| Untracked 
|  64|0x00000000e4000000, 0x00000000e4000000, 0x00000000e4100000|  0%| F|  |TAMS 0x00000000e4000000| PB 0x00000000e4000000| Untracked 
|  65|0x00000000e4100000, 0x00000000e4100000, 0x00000000e4200000|  0%| F|  |TAMS 0x00000000e4100000| PB 0x00000000e4100000| Untracked 
|  66|0x00000000e4200000, 0x00000000e4200000, 0x00000000e4300000|  0%| F|  |TAMS 0x00000000e4200000| PB 0x00000000e4200000| Untracked 
|  67|0x00000000e4300000, 0x00000000e4300000, 0x00000000e4400000|  0%| F|  |TAMS 0x00000000e4300000| PB 0x00000000e4300000| Untracked 
|  68|0x00000000e4400000, 0x00000000e4400000, 0x00000000e4500000|  0%| F|  |TAMS 0x00000000e4400000| PB 0x00000000e4400000| Untracked 
|  69|0x00000000e4500000, 0x00000000e4500000, 0x00000000e4600000|  0%| F|  |TAMS 0x00000000e4500000| PB 0x00000000e4500000| Untracked 
|  70|0x00000000e4600000, 0x00000000e4600000, 0x00000000e4700000|  0%| F|  |TAMS 0x00000000e4600000| PB 0x00000000e4600000| Untracked 
|  71|0x00000000e4700000, 0x00000000e4700000, 0x00000000e4800000|  0%| F|  |TAMS 0x00000000e4700000| PB 0x00000000e4700000| Untracked 
|  72|0x00000000e4800000, 0x00000000e4800000, 0x00000000e4900000|  0%| F|  |TAMS 0x00000000e4800000| PB 0x00000000e4800000| Untracked 
|  73|0x00000000e4900000, 0x00000000e4900000, 0x00000000e4a00000|  0%| F|  |TAMS 0x00000000e4900000| PB 0x00000000e4900000| Untracked 
|  74|0x00000000e4a00000, 0x00000000e4a00000, 0x00000000e4b00000|  0%| F|  |TAMS 0x00000000e4a00000| PB 0x00000000e4a00000| Untracked 
|  75|0x00000000e4b00000, 0x00000000e4b00000, 0x00000000e4c00000|  0%| F|  |TAMS 0x00000000e4b00000| PB 0x00000000e4b00000| Untracked 
|  76|0x00000000e4c00000, 0x00000000e4c00000, 0x00000000e4d00000|  0%| F|  |TAMS 0x00000000e4c00000| PB 0x00000000e4c00000| Untracked 
|  77|0x00000000e4d00000, 0x00000000e4d00000, 0x00000000e4e00000|  0%| F|  |TAMS 0x00000000e4d00000| PB 0x00000000e4d00000| Untracked 
|  78|0x00000000e4e00000, 0x00000000e4e00000, 0x00000000e4f00000|  0%| F|  |TAMS 0x00000000e4e00000| PB 0x00000000e4e00000| Untracked 
|  79|0x00000000e4f00000, 0x00000000e4f00000, 0x00000000e5000000|  0%| F|  |TAMS 0x00000000e4f00000| PB 0x00000000e4f00000| Untracked 
|  80|0x00000000e5000000, 0x00000000e5000000, 0x00000000e5100000|  0%| F|  |TAMS 0x00000000e5000000| PB 0x00000000e5000000| Untracked 
|  81|0x00000000e5100000, 0x00000000e5100000, 0x00000000e5200000|  0%| F|  |TAMS 0x00000000e5100000| PB 0x00000000e5100000| Untracked 
|  82|0x00000000e5200000, 0x00000000e5200000, 0x00000000e5300000|  0%| F|  |TAMS 0x00000000e5200000| PB 0x00000000e5200000| Untracked 
|  83|0x00000000e5300000, 0x00000000e5300000, 0x00000000e5400000|  0%| F|  |TAMS 0x00000000e5300000| PB 0x00000000e5300000| Untracked 
|  84|0x00000000e5400000, 0x00000000e54f1650, 0x00000000e5500000| 94%| S|CS|TAMS 0x00000000e5400000| PB 0x00000000e5400000| Complete 
|  85|0x00000000e5500000, 0x00000000e5600000, 0x00000000e5600000|100%| S|CS|TAMS 0x00000000e5500000| PB 0x00000000e5500000| Complete 
|  86|0x00000000e5600000, 0x00000000e5700000, 0x00000000e5700000|100%| S|CS|TAMS 0x00000000e5600000| PB 0x00000000e5600000| Complete 
|  87|0x00000000e5700000, 0x00000000e5800000, 0x00000000e5800000|100%| S|CS|TAMS 0x00000000e5700000| PB 0x00000000e5700000| Complete 
|  88|0x00000000e5800000, 0x00000000e5900000, 0x00000000e5900000|100%| S|CS|TAMS 0x00000000e5800000| PB 0x00000000e5800000| Complete 
|  89|0x00000000e5900000, 0x00000000e5a00000, 0x00000000e5a00000|100%| S|CS|TAMS 0x00000000e5900000| PB 0x00000000e5900000| Complete 
|  90|0x00000000e5a00000, 0x00000000e5b00000, 0x00000000e5b00000|100%| S|CS|TAMS 0x00000000e5a00000| PB 0x00000000e5a00000| Complete 
|  91|0x00000000e5b00000, 0x00000000e5c00000, 0x00000000e5c00000|100%| S|CS|TAMS 0x00000000e5b00000| PB 0x00000000e5b00000| Complete 
|  92|0x00000000e5c00000, 0x00000000e5d00000, 0x00000000e5d00000|100%| S|CS|TAMS 0x00000000e5c00000| PB 0x00000000e5c00000| Complete 
|  93|0x00000000e5d00000, 0x00000000e5e00000, 0x00000000e5e00000|100%| S|CS|TAMS 0x00000000e5d00000| PB 0x00000000e5d00000| Complete 
|  94|0x00000000e5e00000, 0x00000000e5f00000, 0x00000000e5f00000|100%| S|CS|TAMS 0x00000000e5e00000| PB 0x00000000e5e00000| Complete 
|  95|0x00000000e5f00000, 0x00000000e6000000, 0x00000000e6000000|100%| S|CS|TAMS 0x00000000e5f00000| PB 0x00000000e5f00000| Complete 
|  96|0x00000000e6000000, 0x00000000e6100000, 0x00000000e6100000|100%| S|CS|TAMS 0x00000000e6000000| PB 0x00000000e6000000| Complete 
|  97|0x00000000e6100000, 0x00000000e6200000, 0x00000000e6200000|100%| S|CS|TAMS 0x00000000e6100000| PB 0x00000000e6100000| Complete 
|  98|0x00000000e6200000, 0x00000000e6300000, 0x00000000e6300000|100%| S|CS|TAMS 0x00000000e6200000| PB 0x00000000e6200000| Complete 
|  99|0x00000000e6300000, 0x00000000e6400000, 0x00000000e6400000|100%| S|CS|TAMS 0x00000000e6300000| PB 0x00000000e6300000| Complete 
| 100|0x00000000e6400000, 0x00000000e6500000, 0x00000000e6500000|100%| S|CS|TAMS 0x00000000e6400000| PB 0x00000000e6400000| Complete 
| 101|0x00000000e6500000, 0x00000000e6600000, 0x00000000e6600000|100%| S|CS|TAMS 0x00000000e6500000| PB 0x00000000e6500000| Complete 
| 102|0x00000000e6600000, 0x00000000e6700000, 0x00000000e6700000|100%| S|CS|TAMS 0x00000000e6600000| PB 0x00000000e6600000| Complete 
| 103|0x00000000e6700000, 0x00000000e6700000, 0x00000000e6800000|  0%| F|  |TAMS 0x00000000e6700000| PB 0x00000000e6700000| Untracked 
| 104|0x00000000e6800000, 0x00000000e6800000, 0x00000000e6900000|  0%| F|  |TAMS 0x00000000e6800000| PB 0x00000000e6800000| Untracked 
| 105|0x00000000e6900000, 0x00000000e6900000, 0x00000000e6a00000|  0%| F|  |TAMS 0x00000000e6900000| PB 0x00000000e6900000| Untracked 
| 106|0x00000000e6a00000, 0x00000000e6a00000, 0x00000000e6b00000|  0%| F|  |TAMS 0x00000000e6a00000| PB 0x00000000e6a00000| Untracked 
| 107|0x00000000e6b00000, 0x00000000e6b00000, 0x00000000e6c00000|  0%| F|  |TAMS 0x00000000e6b00000| PB 0x00000000e6b00000| Untracked 
| 108|0x00000000e6c00000, 0x00000000e6c00000, 0x00000000e6d00000|  0%| F|  |TAMS 0x00000000e6c00000| PB 0x00000000e6c00000| Untracked 
| 109|0x00000000e6d00000, 0x00000000e6d00000, 0x00000000e6e00000|  0%| F|  |TAMS 0x00000000e6d00000| PB 0x00000000e6d00000| Untracked 
| 110|0x00000000e6e00000, 0x00000000e6e00000, 0x00000000e6f00000|  0%| F|  |TAMS 0x00000000e6e00000| PB 0x00000000e6e00000| Untracked 
| 111|0x00000000e6f00000, 0x00000000e6f00000, 0x00000000e7000000|  0%| F|  |TAMS 0x00000000e6f00000| PB 0x00000000e6f00000| Untracked 
| 112|0x00000000e7000000, 0x00000000e7000000, 0x00000000e7100000|  0%| F|  |TAMS 0x00000000e7000000| PB 0x00000000e7000000| Untracked 
| 113|0x00000000e7100000, 0x00000000e7100000, 0x00000000e7200000|  0%| F|  |TAMS 0x00000000e7100000| PB 0x00000000e7100000| Untracked 
| 114|0x00000000e7200000, 0x00000000e7200000, 0x00000000e7300000|  0%| F|  |TAMS 0x00000000e7200000| PB 0x00000000e7200000| Untracked 
| 115|0x00000000e7300000, 0x00000000e7300000, 0x00000000e7400000|  0%| F|  |TAMS 0x00000000e7300000| PB 0x00000000e7300000| Untracked 
| 116|0x00000000e7400000, 0x00000000e7400000, 0x00000000e7500000|  0%| F|  |TAMS 0x00000000e7400000| PB 0x00000000e7400000| Untracked 
| 117|0x00000000e7500000, 0x00000000e7500000, 0x00000000e7600000|  0%| F|  |TAMS 0x00000000e7500000| PB 0x00000000e7500000| Untracked 
| 118|0x00000000e7600000, 0x00000000e7600000, 0x00000000e7700000|  0%| F|  |TAMS 0x00000000e7600000| PB 0x00000000e7600000| Untracked 
| 119|0x00000000e7700000, 0x00000000e7700000, 0x00000000e7800000|  0%| F|  |TAMS 0x00000000e7700000| PB 0x00000000e7700000| Untracked 
| 120|0x00000000e7800000, 0x00000000e7800000, 0x00000000e7900000|  0%| F|  |TAMS 0x00000000e7800000| PB 0x00000000e7800000| Untracked 
| 121|0x00000000e7900000, 0x00000000e7900000, 0x00000000e7a00000|  0%| F|  |TAMS 0x00000000e7900000| PB 0x00000000e7900000| Untracked 
| 122|0x00000000e7a00000, 0x00000000e7a00000, 0x00000000e7b00000|  0%| F|  |TAMS 0x00000000e7a00000| PB 0x00000000e7a00000| Untracked 
| 123|0x00000000e7b00000, 0x00000000e7b00000, 0x00000000e7c00000|  0%| F|  |TAMS 0x00000000e7b00000| PB 0x00000000e7b00000| Untracked 
| 124|0x00000000e7c00000, 0x00000000e7c00000, 0x00000000e7d00000|  0%| F|  |TAMS 0x00000000e7c00000| PB 0x00000000e7c00000| Untracked 
| 125|0x00000000e7d00000, 0x00000000e7d00000, 0x00000000e7e00000|  0%| F|  |TAMS 0x00000000e7d00000| PB 0x00000000e7d00000| Untracked 
| 126|0x00000000e7e00000, 0x00000000e7e00000, 0x00000000e7f00000|  0%| F|  |TAMS 0x00000000e7e00000| PB 0x00000000e7e00000| Untracked 
| 127|0x00000000e7f00000, 0x00000000e7f00000, 0x00000000e8000000|  0%| F|  |TAMS 0x00000000e7f00000| PB 0x00000000e7f00000| Untracked 
| 128|0x00000000e8000000, 0x00000000e8000000, 0x00000000e8100000|  0%| F|  |TAMS 0x00000000e8000000| PB 0x00000000e8000000| Untracked 
| 129|0x00000000e8100000, 0x00000000e8100000, 0x00000000e8200000|  0%| F|  |TAMS 0x00000000e8100000| PB 0x00000000e8100000| Untracked 
| 130|0x00000000e8200000, 0x00000000e8200000, 0x00000000e8300000|  0%| F|  |TAMS 0x00000000e8200000| PB 0x00000000e8200000| Untracked 
| 131|0x00000000e8300000, 0x00000000e8300000, 0x00000000e8400000|  0%| F|  |TAMS 0x00000000e8300000| PB 0x00000000e8300000| Untracked 
| 132|0x00000000e8400000, 0x00000000e8400000, 0x00000000e8500000|  0%| F|  |TAMS 0x00000000e8400000| PB 0x00000000e8400000| Untracked 
| 133|0x00000000e8500000, 0x00000000e8500000, 0x00000000e8600000|  0%| F|  |TAMS 0x00000000e8500000| PB 0x00000000e8500000| Untracked 
| 134|0x00000000e8600000, 0x00000000e8600000, 0x00000000e8700000|  0%| F|  |TAMS 0x00000000e8600000| PB 0x00000000e8600000| Untracked 
| 135|0x00000000e8700000, 0x00000000e8700000, 0x00000000e8800000|  0%| F|  |TAMS 0x00000000e8700000| PB 0x00000000e8700000| Untracked 
| 136|0x00000000e8800000, 0x00000000e8800000, 0x00000000e8900000|  0%| F|  |TAMS 0x00000000e8800000| PB 0x00000000e8800000| Untracked 
| 137|0x00000000e8900000, 0x00000000e8900000, 0x00000000e8a00000|  0%| F|  |TAMS 0x00000000e8900000| PB 0x00000000e8900000| Untracked 
| 138|0x00000000e8a00000, 0x00000000e8a00000, 0x00000000e8b00000|  0%| F|  |TAMS 0x00000000e8a00000| PB 0x00000000e8a00000| Untracked 
| 139|0x00000000e8b00000, 0x00000000e8b00000, 0x00000000e8c00000|  0%| F|  |TAMS 0x00000000e8b00000| PB 0x00000000e8b00000| Untracked 
| 140|0x00000000e8c00000, 0x00000000e8c00000, 0x00000000e8d00000|  0%| F|  |TAMS 0x00000000e8c00000| PB 0x00000000e8c00000| Untracked 
| 141|0x00000000e8d00000, 0x00000000e8d00000, 0x00000000e8e00000|  0%| F|  |TAMS 0x00000000e8d00000| PB 0x00000000e8d00000| Untracked 
| 142|0x00000000e8e00000, 0x00000000e8e00000, 0x00000000e8f00000|  0%| F|  |TAMS 0x00000000e8e00000| PB 0x00000000e8e00000| Untracked 
| 143|0x00000000e8f00000, 0x00000000e8f00000, 0x00000000e9000000|  0%| F|  |TAMS 0x00000000e8f00000| PB 0x00000000e8f00000| Untracked 
| 144|0x00000000e9000000, 0x00000000e9000000, 0x00000000e9100000|  0%| F|  |TAMS 0x00000000e9000000| PB 0x00000000e9000000| Untracked 
| 145|0x00000000e9100000, 0x00000000e9100000, 0x00000000e9200000|  0%| F|  |TAMS 0x00000000e9100000| PB 0x00000000e9100000| Untracked 
| 146|0x00000000e9200000, 0x00000000e9200000, 0x00000000e9300000|  0%| F|  |TAMS 0x00000000e9200000| PB 0x00000000e9200000| Untracked 
| 147|0x00000000e9300000, 0x00000000e9300000, 0x00000000e9400000|  0%| F|  |TAMS 0x00000000e9300000| PB 0x00000000e9300000| Untracked 
| 148|0x00000000e9400000, 0x00000000e9400000, 0x00000000e9500000|  0%| F|  |TAMS 0x00000000e9400000| PB 0x00000000e9400000| Untracked 
| 149|0x00000000e9500000, 0x00000000e9500000, 0x00000000e9600000|  0%| F|  |TAMS 0x00000000e9500000| PB 0x00000000e9500000| Untracked 
| 150|0x00000000e9600000, 0x00000000e9600000, 0x00000000e9700000|  0%| F|  |TAMS 0x00000000e9600000| PB 0x00000000e9600000| Untracked 
| 151|0x00000000e9700000, 0x00000000e9700000, 0x00000000e9800000|  0%| F|  |TAMS 0x00000000e9700000| PB 0x00000000e9700000| Untracked 
| 152|0x00000000e9800000, 0x00000000e9800000, 0x00000000e9900000|  0%| F|  |TAMS 0x00000000e9800000| PB 0x00000000e9800000| Untracked 
| 153|0x00000000e9900000, 0x00000000e9900000, 0x00000000e9a00000|  0%| F|  |TAMS 0x00000000e9900000| PB 0x00000000e9900000| Untracked 
| 154|0x00000000e9a00000, 0x00000000e9a00000, 0x00000000e9b00000|  0%| F|  |TAMS 0x00000000e9a00000| PB 0x00000000e9a00000| Untracked 
| 155|0x00000000e9b00000, 0x00000000e9b00000, 0x00000000e9c00000|  0%| F|  |TAMS 0x00000000e9b00000| PB 0x00000000e9b00000| Untracked 
| 156|0x00000000e9c00000, 0x00000000e9c00000, 0x00000000e9d00000|  0%| F|  |TAMS 0x00000000e9c00000| PB 0x00000000e9c00000| Untracked 
| 157|0x00000000e9d00000, 0x00000000e9d00000, 0x00000000e9e00000|  0%| F|  |TAMS 0x00000000e9d00000| PB 0x00000000e9d00000| Untracked 
| 158|0x00000000e9e00000, 0x00000000e9e00000, 0x00000000e9f00000|  0%| F|  |TAMS 0x00000000e9e00000| PB 0x00000000e9e00000| Untracked 
| 159|0x00000000e9f00000, 0x00000000e9f00000, 0x00000000ea000000|  0%| F|  |TAMS 0x00000000e9f00000| PB 0x00000000e9f00000| Untracked 
| 160|0x00000000ea000000, 0x00000000ea000000, 0x00000000ea100000|  0%| F|  |TAMS 0x00000000ea000000| PB 0x00000000ea000000| Untracked 
| 161|0x00000000ea100000, 0x00000000ea100000, 0x00000000ea200000|  0%| F|  |TAMS 0x00000000ea100000| PB 0x00000000ea100000| Untracked 
| 162|0x00000000ea200000, 0x00000000ea200000, 0x00000000ea300000|  0%| F|  |TAMS 0x00000000ea200000| PB 0x00000000ea200000| Untracked 
| 163|0x00000000ea300000, 0x00000000ea300000, 0x00000000ea400000|  0%| F|  |TAMS 0x00000000ea300000| PB 0x00000000ea300000| Untracked 
| 164|0x00000000ea400000, 0x00000000ea400000, 0x00000000ea500000|  0%| F|  |TAMS 0x00000000ea400000| PB 0x00000000ea400000| Untracked 
| 165|0x00000000ea500000, 0x00000000ea500000, 0x00000000ea600000|  0%| F|  |TAMS 0x00000000ea500000| PB 0x00000000ea500000| Untracked 
| 166|0x00000000ea600000, 0x00000000ea600000, 0x00000000ea700000|  0%| F|  |TAMS 0x00000000ea600000| PB 0x00000000ea600000| Untracked 
| 167|0x00000000ea700000, 0x00000000ea700000, 0x00000000ea800000|  0%| F|  |TAMS 0x00000000ea700000| PB 0x00000000ea700000| Untracked 
| 168|0x00000000ea800000, 0x00000000ea800000, 0x00000000ea900000|  0%| F|  |TAMS 0x00000000ea800000| PB 0x00000000ea800000| Untracked 
| 169|0x00000000ea900000, 0x00000000ea900000, 0x00000000eaa00000|  0%| F|  |TAMS 0x00000000ea900000| PB 0x00000000ea900000| Untracked 
| 170|0x00000000eaa00000, 0x00000000eaa00000, 0x00000000eab00000|  0%| F|  |TAMS 0x00000000eaa00000| PB 0x00000000eaa00000| Untracked 
| 171|0x00000000eab00000, 0x00000000eab00000, 0x00000000eac00000|  0%| F|  |TAMS 0x00000000eab00000| PB 0x00000000eab00000| Untracked 
| 172|0x00000000eac00000, 0x00000000eac00000, 0x00000000ead00000|  0%| F|  |TAMS 0x00000000eac00000| PB 0x00000000eac00000| Untracked 
| 173|0x00000000ead00000, 0x00000000ead00000, 0x00000000eae00000|  0%| F|  |TAMS 0x00000000ead00000| PB 0x00000000ead00000| Untracked 
| 174|0x00000000eae00000, 0x00000000eae00000, 0x00000000eaf00000|  0%| F|  |TAMS 0x00000000eae00000| PB 0x00000000eae00000| Untracked 
| 175|0x00000000eaf00000, 0x00000000eaf00000, 0x00000000eb000000|  0%| F|  |TAMS 0x00000000eaf00000| PB 0x00000000eaf00000| Untracked 
| 176|0x00000000eb000000, 0x00000000eb000000, 0x00000000eb100000|  0%| F|  |TAMS 0x00000000eb000000| PB 0x00000000eb000000| Untracked 
| 177|0x00000000eb100000, 0x00000000eb100000, 0x00000000eb200000|  0%| F|  |TAMS 0x00000000eb100000| PB 0x00000000eb100000| Untracked 
| 178|0x00000000eb200000, 0x00000000eb200000, 0x00000000eb300000|  0%| F|  |TAMS 0x00000000eb200000| PB 0x00000000eb200000| Untracked 
| 179|0x00000000eb300000, 0x00000000eb300000, 0x00000000eb400000|  0%| F|  |TAMS 0x00000000eb300000| PB 0x00000000eb300000| Untracked 
| 180|0x00000000eb400000, 0x00000000eb400000, 0x00000000eb500000|  0%| F|  |TAMS 0x00000000eb400000| PB 0x00000000eb400000| Untracked 
| 181|0x00000000eb500000, 0x00000000eb500000, 0x00000000eb600000|  0%| F|  |TAMS 0x00000000eb500000| PB 0x00000000eb500000| Untracked 
| 182|0x00000000eb600000, 0x00000000eb600000, 0x00000000eb700000|  0%| F|  |TAMS 0x00000000eb600000| PB 0x00000000eb600000| Untracked 
| 183|0x00000000eb700000, 0x00000000eb700000, 0x00000000eb800000|  0%| F|  |TAMS 0x00000000eb700000| PB 0x00000000eb700000| Untracked 
| 184|0x00000000eb800000, 0x00000000eb800000, 0x00000000eb900000|  0%| F|  |TAMS 0x00000000eb800000| PB 0x00000000eb800000| Untracked 
| 185|0x00000000eb900000, 0x00000000eb900000, 0x00000000eba00000|  0%| F|  |TAMS 0x00000000eb900000| PB 0x00000000eb900000| Untracked 
| 186|0x00000000eba00000, 0x00000000eba00000, 0x00000000ebb00000|  0%| F|  |TAMS 0x00000000eba00000| PB 0x00000000eba00000| Untracked 
| 187|0x00000000ebb00000, 0x00000000ebb00000, 0x00000000ebc00000|  0%| F|  |TAMS 0x00000000ebb00000| PB 0x00000000ebb00000| Untracked 
| 188|0x00000000ebc00000, 0x00000000ebc00000, 0x00000000ebd00000|  0%| F|  |TAMS 0x00000000ebc00000| PB 0x00000000ebc00000| Untracked 
| 189|0x00000000ebd00000, 0x00000000ebd00000, 0x00000000ebe00000|  0%| F|  |TAMS 0x00000000ebd00000| PB 0x00000000ebd00000| Untracked 
| 190|0x00000000ebe00000, 0x00000000ebe00000, 0x00000000ebf00000|  0%| F|  |TAMS 0x00000000ebe00000| PB 0x00000000ebe00000| Untracked 
| 191|0x00000000ebf00000, 0x00000000ebf00000, 0x00000000ec000000|  0%| F|  |TAMS 0x00000000ebf00000| PB 0x00000000ebf00000| Untracked 
| 192|0x00000000ec000000, 0x00000000ec000000, 0x00000000ec100000|  0%| F|  |TAMS 0x00000000ec000000| PB 0x00000000ec000000| Untracked 
| 193|0x00000000ec100000, 0x00000000ec100000, 0x00000000ec200000|  0%| F|  |TAMS 0x00000000ec100000| PB 0x00000000ec100000| Untracked 
| 194|0x00000000ec200000, 0x00000000ec200000, 0x00000000ec300000|  0%| F|  |TAMS 0x00000000ec200000| PB 0x00000000ec200000| Untracked 
| 195|0x00000000ec300000, 0x00000000ec300000, 0x00000000ec400000|  0%| F|  |TAMS 0x00000000ec300000| PB 0x00000000ec300000| Untracked 
| 196|0x00000000ec400000, 0x00000000ec400000, 0x00000000ec500000|  0%| F|  |TAMS 0x00000000ec400000| PB 0x00000000ec400000| Untracked 
| 197|0x00000000ec500000, 0x00000000ec500000, 0x00000000ec600000|  0%| F|  |TAMS 0x00000000ec500000| PB 0x00000000ec500000| Untracked 
| 198|0x00000000ec600000, 0x00000000ec600000, 0x00000000ec700000|  0%| F|  |TAMS 0x00000000ec600000| PB 0x00000000ec600000| Untracked 
| 199|0x00000000ec700000, 0x00000000ec700000, 0x00000000ec800000|  0%| F|  |TAMS 0x00000000ec700000| PB 0x00000000ec700000| Untracked 
| 200|0x00000000ec800000, 0x00000000ec800000, 0x00000000ec900000|  0%| F|  |TAMS 0x00000000ec800000| PB 0x00000000ec800000| Untracked 
| 201|0x00000000ec900000, 0x00000000ec900000, 0x00000000eca00000|  0%| F|  |TAMS 0x00000000ec900000| PB 0x00000000ec900000| Untracked 
| 202|0x00000000eca00000, 0x00000000eca00000, 0x00000000ecb00000|  0%| F|  |TAMS 0x00000000eca00000| PB 0x00000000eca00000| Untracked 
| 203|0x00000000ecb00000, 0x00000000ecb00000, 0x00000000ecc00000|  0%| F|  |TAMS 0x00000000ecb00000| PB 0x00000000ecb00000| Untracked 
| 204|0x00000000ecc00000, 0x00000000ecc00000, 0x00000000ecd00000|  0%| F|  |TAMS 0x00000000ecc00000| PB 0x00000000ecc00000| Untracked 
| 205|0x00000000ecd00000, 0x00000000ecd00000, 0x00000000ece00000|  0%| F|  |TAMS 0x00000000ecd00000| PB 0x00000000ecd00000| Untracked 
| 206|0x00000000ece00000, 0x00000000ece00000, 0x00000000ecf00000|  0%| F|  |TAMS 0x00000000ece00000| PB 0x00000000ece00000| Untracked 
| 207|0x00000000ecf00000, 0x00000000ecf00000, 0x00000000ed000000|  0%| F|  |TAMS 0x00000000ecf00000| PB 0x00000000ecf00000| Untracked 
| 208|0x00000000ed000000, 0x00000000ed000000, 0x00000000ed100000|  0%| F|  |TAMS 0x00000000ed000000| PB 0x00000000ed000000| Untracked 
| 209|0x00000000ed100000, 0x00000000ed100000, 0x00000000ed200000|  0%| F|  |TAMS 0x00000000ed100000| PB 0x00000000ed100000| Untracked 
| 210|0x00000000ed200000, 0x00000000ed23f908, 0x00000000ed300000| 24%| E|  |TAMS 0x00000000ed200000| PB 0x00000000ed200000| Complete 
| 211|0x00000000ed300000, 0x00000000ed400000, 0x00000000ed400000|100%| E|CS|TAMS 0x00000000ed300000| PB 0x00000000ed300000| Complete 
| 212|0x00000000ed400000, 0x00000000ed500000, 0x00000000ed500000|100%| E|CS|TAMS 0x00000000ed400000| PB 0x00000000ed400000| Complete 
| 213|0x00000000ed500000, 0x00000000ed600000, 0x00000000ed600000|100%| E|CS|TAMS 0x00000000ed500000| PB 0x00000000ed500000| Complete 
| 214|0x00000000ed600000, 0x00000000ed700000, 0x00000000ed700000|100%| E|CS|TAMS 0x00000000ed600000| PB 0x00000000ed600000| Complete 
| 215|0x00000000ed700000, 0x00000000ed800000, 0x00000000ed800000|100%| E|CS|TAMS 0x00000000ed700000| PB 0x00000000ed700000| Complete 
| 216|0x00000000ed800000, 0x00000000ed900000, 0x00000000ed900000|100%| E|CS|TAMS 0x00000000ed800000| PB 0x00000000ed800000| Complete 
| 217|0x00000000ed900000, 0x00000000eda00000, 0x00000000eda00000|100%| E|CS|TAMS 0x00000000ed900000| PB 0x00000000ed900000| Complete 
| 218|0x00000000eda00000, 0x00000000edb00000, 0x00000000edb00000|100%| E|CS|TAMS 0x00000000eda00000| PB 0x00000000eda00000| Complete 
| 219|0x00000000edb00000, 0x00000000edc00000, 0x00000000edc00000|100%| E|CS|TAMS 0x00000000edb00000| PB 0x00000000edb00000| Complete 
| 220|0x00000000edc00000, 0x00000000edd00000, 0x00000000edd00000|100%| E|  |TAMS 0x00000000edc00000| PB 0x00000000edc00000| Complete 
| 221|0x00000000edd00000, 0x00000000ede00000, 0x00000000ede00000|100%| E|CS|TAMS 0x00000000edd00000| PB 0x00000000edd00000| Complete 
| 222|0x00000000ede00000, 0x00000000edf00000, 0x00000000edf00000|100%| E|CS|TAMS 0x00000000ede00000| PB 0x00000000ede00000| Complete 
| 223|0x00000000edf00000, 0x00000000ee000000, 0x00000000ee000000|100%| E|CS|TAMS 0x00000000edf00000| PB 0x00000000edf00000| Complete 
| 224|0x00000000ee000000, 0x00000000ee100000, 0x00000000ee100000|100%| E|CS|TAMS 0x00000000ee000000| PB 0x00000000ee000000| Complete 
| 225|0x00000000ee100000, 0x00000000ee200000, 0x00000000ee200000|100%| E|CS|TAMS 0x00000000ee100000| PB 0x00000000ee100000| Complete 
| 226|0x00000000ee200000, 0x00000000ee300000, 0x00000000ee300000|100%| E|CS|TAMS 0x00000000ee200000| PB 0x00000000ee200000| Complete 
| 227|0x00000000ee300000, 0x00000000ee400000, 0x00000000ee400000|100%| E|CS|TAMS 0x00000000ee300000| PB 0x00000000ee300000| Complete 
| 228|0x00000000ee400000, 0x00000000ee500000, 0x00000000ee500000|100%| E|CS|TAMS 0x00000000ee400000| PB 0x00000000ee400000| Complete 
| 229|0x00000000ee500000, 0x00000000ee600000, 0x00000000ee600000|100%| E|CS|TAMS 0x00000000ee500000| PB 0x00000000ee500000| Complete 
| 230|0x00000000ee600000, 0x00000000ee700000, 0x00000000ee700000|100%| E|CS|TAMS 0x00000000ee600000| PB 0x00000000ee600000| Complete 
| 231|0x00000000ee700000, 0x00000000ee800000, 0x00000000ee800000|100%| E|CS|TAMS 0x00000000ee700000| PB 0x00000000ee700000| Complete 
| 232|0x00000000ee800000, 0x00000000ee900000, 0x00000000ee900000|100%| E|CS|TAMS 0x00000000ee800000| PB 0x00000000ee800000| Complete 
| 233|0x00000000ee900000, 0x00000000eea00000, 0x00000000eea00000|100%| E|CS|TAMS 0x00000000ee900000| PB 0x00000000ee900000| Complete 
| 234|0x00000000eea00000, 0x00000000eeb00000, 0x00000000eeb00000|100%| E|CS|TAMS 0x00000000eea00000| PB 0x00000000eea00000| Complete 
| 235|0x00000000eeb00000, 0x00000000eec00000, 0x00000000eec00000|100%| E|CS|TAMS 0x00000000eeb00000| PB 0x00000000eeb00000| Complete 
| 236|0x00000000eec00000, 0x00000000eed00000, 0x00000000eed00000|100%| E|CS|TAMS 0x00000000eec00000| PB 0x00000000eec00000| Complete 
| 237|0x00000000eed00000, 0x00000000eee00000, 0x00000000eee00000|100%| E|CS|TAMS 0x00000000eed00000| PB 0x00000000eed00000| Complete 
| 238|0x00000000eee00000, 0x00000000eef00000, 0x00000000eef00000|100%| E|CS|TAMS 0x00000000eee00000| PB 0x00000000eee00000| Complete 
| 239|0x00000000eef00000, 0x00000000ef000000, 0x00000000ef000000|100%| E|CS|TAMS 0x00000000eef00000| PB 0x00000000eef00000| Complete 
| 240|0x00000000ef000000, 0x00000000ef100000, 0x00000000ef100000|100%| E|CS|TAMS 0x00000000ef000000| PB 0x00000000ef000000| Complete 
| 241|0x00000000ef100000, 0x00000000ef200000, 0x00000000ef200000|100%| E|CS|TAMS 0x00000000ef100000| PB 0x00000000ef100000| Complete 
| 242|0x00000000ef200000, 0x00000000ef300000, 0x00000000ef300000|100%| E|CS|TAMS 0x00000000ef200000| PB 0x00000000ef200000| Complete 
| 243|0x00000000ef300000, 0x00000000ef400000, 0x00000000ef400000|100%| E|CS|TAMS 0x00000000ef300000| PB 0x00000000ef300000| Complete 
| 244|0x00000000ef400000, 0x00000000ef500000, 0x00000000ef500000|100%| E|CS|TAMS 0x00000000ef400000| PB 0x00000000ef400000| Complete 
| 245|0x00000000ef500000, 0x00000000ef600000, 0x00000000ef600000|100%| E|CS|TAMS 0x00000000ef500000| PB 0x00000000ef500000| Complete 
| 246|0x00000000ef600000, 0x00000000ef700000, 0x00000000ef700000|100%| E|CS|TAMS 0x00000000ef600000| PB 0x00000000ef600000| Complete 
| 247|0x00000000ef700000, 0x00000000ef800000, 0x00000000ef800000|100%| E|CS|TAMS 0x00000000ef700000| PB 0x00000000ef700000| Complete 
| 248|0x00000000ef800000, 0x00000000ef900000, 0x00000000ef900000|100%| E|CS|TAMS 0x00000000ef800000| PB 0x00000000ef800000| Complete 
| 249|0x00000000ef900000, 0x00000000efa00000, 0x00000000efa00000|100%| E|CS|TAMS 0x00000000ef900000| PB 0x00000000ef900000| Complete 
| 250|0x00000000efa00000, 0x00000000efb00000, 0x00000000efb00000|100%| E|CS|TAMS 0x00000000efa00000| PB 0x00000000efa00000| Complete 
| 251|0x00000000efb00000, 0x00000000efc00000, 0x00000000efc00000|100%| E|CS|TAMS 0x00000000efb00000| PB 0x00000000efb00000| Complete 
| 252|0x00000000efc00000, 0x00000000efd00000, 0x00000000efd00000|100%| E|CS|TAMS 0x00000000efc00000| PB 0x00000000efc00000| Complete 
| 253|0x00000000efd00000, 0x00000000efe00000, 0x00000000efe00000|100%| E|CS|TAMS 0x00000000efd00000| PB 0x00000000efd00000| Complete 
| 254|0x00000000efe00000, 0x00000000eff00000, 0x00000000eff00000|100%| E|CS|TAMS 0x00000000efe00000| PB 0x00000000efe00000| Complete 
| 255|0x00000000eff00000, 0x00000000f0000000, 0x00000000f0000000|100%| E|CS|TAMS 0x00000000eff00000| PB 0x00000000eff00000| Complete 

Card table byte_map: [0x000001c7f8c90000,0x000001c7f8d90000] _byte_map_base: 0x000001c7f8590000

Marking Bits: (CMBitMap*) 0x000001c7f365ce80
 Bits: [0x000001c7f8d90000, 0x000001c7f9590000)

Polling page: 0x000001c7f3700000

Metaspace:

Usage:
  Non-class:     41.68 MB used.
      Class:      7.06 MB used.
       Both:     48.74 MB used.

Virtual space:
  Non-class space:       64.00 MB reserved,      42.50 MB ( 66%) committed,  1 nodes.
      Class space:      320.00 MB reserved,       7.88 MB (  2%) committed,  1 nodes.
             Both:      384.00 MB reserved,      50.38 MB ( 13%) committed. 

Chunk freelists:
   Non-Class:  5.14 MB
       Class:  8.05 MB
        Both:  13.19 MB

MaxMetaspaceSize: 384.00 MB
CompressedClassSpaceSize: 320.00 MB
Initial GC threshold: 21.00 MB
Current GC threshold: 59.81 MB
CDS: on
 - commit_granule_bytes: 65536.
 - commit_granule_words: 8192.
 - virtual_space_node_default_size: 8388608.
 - enlarge_chunks_in_place: 1.
 - use_allocation_guard: 0.


Internal statistics:

num_allocs_failed_limit: 12.
num_arena_births: 2978.
num_arena_deaths: 0.
num_vsnodes_births: 2.
num_vsnodes_deaths: 0.
num_space_committed: 806.
num_space_uncommitted: 0.
num_chunks_returned_to_freelist: 12.
num_chunks_taken_from_freelist: 5378.
num_chunk_merges: 12.
num_chunk_splits: 3447.
num_chunks_enlarged: 2049.
num_inconsistent_stats: 0.

CodeHeap 'non-profiled nmethods': size=120000Kb used=3992Kb max_used=3992Kb free=116008Kb
 bounds [0x000001c787ad0000, 0x000001c787ec0000, 0x000001c78f000000]
CodeHeap 'profiled nmethods': size=120000Kb used=13048Kb max_used=13048Kb free=106952Kb
 bounds [0x000001c780000000, 0x000001c780cc0000, 0x000001c787530000]
CodeHeap 'non-nmethods': size=5760Kb used=2804Kb max_used=2833Kb free=2955Kb
 bounds [0x000001c787530000, 0x000001c787800000, 0x000001c787ad0000]
CodeCache: size=245760Kb, used=19844Kb, max_used=19873Kb, free=225915Kb
 total_blobs=7802, nmethods=6942, adapters=764, full_count=0
Compilation: enabled, stopped_count=0, restarted_count=0

Compilation events (20 events):
Event: 18.226 Thread 0x000001c7fc08e800 nmethod 7328 0x000001c780ca7510 code [0x000001c780ca76e0, 0x000001c780ca7ab0]
Event: 18.226 Thread 0x000001c7fc08e800 7330       3       org.gradle.internal.snapshot.SnapshotUtil$1::handleUnrelatedToAnyChild (13 bytes)
Event: 18.226 Thread 0x000001c7fc08e800 nmethod 7330 0x000001c780ca7c10 code [0x000001c780ca7dc0, 0x000001c780ca8088]
Event: 18.226 Thread 0x000001c7fc08e800 7331       3       org.gradle.internal.snapshot.SnapshotUtil$1::handleUnrelatedToAnyChild (5 bytes)
Event: 18.226 Thread 0x000001c7fc08e800 nmethod 7331 0x000001c780ca8190 code [0x000001c780ca8360, 0x000001c780ca8688]
Event: 18.227 Thread 0x000001c7fc08e800 7336       3       com.google.common.collect.ImmutableListMultimap$Builder::put (9 bytes)
Event: 18.227 Thread 0x000001c7fc08e800 nmethod 7336 0x000001c780ca8790 code [0x000001c780ca8940, 0x000001c780ca8a90]
Event: 18.227 Thread 0x000001c7fc08e800 7333       3       org.gradle.internal.snapshot.SnapshotUtil$2::handleUnrelatedToAnyChild (5 bytes)
Event: 18.227 Thread 0x000001c7fc08e800 nmethod 7333 0x000001c780ca8b90 code [0x000001c780ca8d40, 0x000001c780ca8f08]
Event: 18.227 Thread 0x000001c7fc08e800 7332       3       org.gradle.internal.snapshot.AbstractIncompleteFileSystemNode$$Lambda/0x000001c79051b9f0::get (4 bytes)
Event: 18.227 Thread 0x000001c7fc08e800 nmethod 7332 0x000001c780ca9010 code [0x000001c780ca91c0, 0x000001c780ca9330]
Event: 18.227 Thread 0x000001c7fc08e800 7334       3       org.gradle.internal.snapshot.SnapshotUtil$2::handleUnrelatedToAnyChild (4 bytes)
Event: 18.227 Thread 0x000001c7fc08e800 nmethod 7334 0x000001c780ca9410 code [0x000001c780ca95c0, 0x000001c780ca9730]
Event: 18.227 Thread 0x000001c7fc08e800 7327       3       org.gradle.api.internal.artifacts.transform.TransformStep::isolateParametersIfNotAlready (10 bytes)
Event: 18.227 Thread 0x000001c7fc08e800 nmethod 7327 0x000001c780ca9810 code [0x000001c780ca99e0, 0x000001c780ca9d00]
Event: 18.227 Thread 0x000001c7fc08e800 7329       1       org.gradle.internal.fingerprint.impl.AbstractFingerprintingStrategy::getEmptyFingerprint (5 bytes)
Event: 18.227 Thread 0x000001c7fc08e800 nmethod 7329 0x000001c787eaaa10 code [0x000001c787eaaba0, 0x000001c787eaac68]
Event: 18.227 Thread 0x000001c7fc08e800 7335       1       com.google.common.collect.ImmutableSortedMap$1EntrySet$1::delegateCollection (5 bytes)
Event: 18.227 Thread 0x000001c7fc08e800 nmethod 7335 0x000001c787eaad10 code [0x000001c787eaaea0, 0x000001c787eaaf68]
Event: 18.227 Thread 0x000001c7fc08e800 7337       1       sun.nio.fs.WindowsPath::getPathForPermissionCheck (5 bytes)

GC Heap History (16 events):
Event: 1.111 GC heap before
{Heap before GC invocations=0 (full 0):
 garbage-first heap   total 262144K, used 26624K [0x00000000e0000000, 0x0000000100000000)
  region size 1024K, 23 young (23552K), 0 survivors (0K)
 Metaspace       used 1122K, committed 1216K, reserved 393216K
  class space    used 82K, committed 128K, reserved 327680K
}
Event: 1.118 GC heap after
{Heap after GC invocations=1 (full 0):
 garbage-first heap   total 262144K, used 10303K [0x00000000e0000000, 0x0000000100000000)
  region size 1024K, 3 young (3072K), 3 survivors (3072K)
 Metaspace       used 1122K, committed 1216K, reserved 393216K
  class space    used 82K, committed 128K, reserved 327680K
}
Event: 2.530 GC heap before
{Heap before GC invocations=1 (full 0):
 garbage-first heap   total 262144K, used 41023K [0x00000000e0000000, 0x0000000100000000)
  region size 1024K, 33 young (33792K), 3 survivors (3072K)
 Metaspace       used 4297K, committed 4480K, reserved 393216K
  class space    used 548K, committed 640K, reserved 327680K
}
Event: 2.535 GC heap after
{Heap after GC invocations=2 (full 0):
 garbage-first heap   total 262144K, used 12023K [0x00000000e0000000, 0x0000000100000000)
  region size 1024K, 2 young (2048K), 2 survivors (2048K)
 Metaspace       used 4297K, committed 4480K, reserved 393216K
  class space    used 548K, committed 640K, reserved 327680K
}
Event: 7.240 GC heap before
{Heap before GC invocations=2 (full 0):
 garbage-first heap   total 262144K, used 145143K [0x00000000e0000000, 0x0000000100000000)
  region size 1024K, 130 young (133120K), 2 survivors (2048K)
 Metaspace       used 20839K, committed 21504K, reserved 393216K
  class space    used 3077K, committed 3392K, reserved 327680K
}
Event: 7.256 GC heap after
{Heap after GC invocations=3 (full 0):
 garbage-first heap   total 262144K, used 25170K [0x00000000e0000000, 0x0000000100000000)
  region size 1024K, 14 young (14336K), 14 survivors (14336K)
 Metaspace       used 20839K, committed 21504K, reserved 393216K
  class space    used 3077K, committed 3392K, reserved 327680K
}
Event: 7.264 GC heap before
{Heap before GC invocations=3 (full 0):
 garbage-first heap   total 262144K, used 26194K [0x00000000e0000000, 0x0000000100000000)
  region size 1024K, 16 young (16384K), 14 survivors (14336K)
 Metaspace       used 20846K, committed 21504K, reserved 393216K
  class space    used 3078K, committed 3392K, reserved 327680K
}
Event: 7.275 GC heap after
{Heap after GC invocations=4 (full 0):
 garbage-first heap   total 262144K, used 26656K [0x00000000e0000000, 0x0000000100000000)
  region size 1024K, 2 young (2048K), 2 survivors (2048K)
 Metaspace       used 20846K, committed 21504K, reserved 393216K
  class space    used 3078K, committed 3392K, reserved 327680K
}
Event: 9.145 GC heap before
{Heap before GC invocations=5 (full 0):
 garbage-first heap   total 262144K, used 119840K [0x00000000e0000000, 0x0000000100000000)
  region size 1024K, 95 young (97280K), 2 survivors (2048K)
 Metaspace       used 34747K, committed 35968K, reserved 393216K
  class space    used 5157K, committed 5760K, reserved 327680K
}
Event: 9.152 GC heap after
{Heap after GC invocations=6 (full 0):
 garbage-first heap   total 262144K, used 32163K [0x00000000e0000000, 0x0000000100000000)
  region size 1024K, 7 young (7168K), 7 survivors (7168K)
 Metaspace       used 34747K, committed 35968K, reserved 393216K
  class space    used 5157K, committed 5760K, reserved 327680K
}
Event: 9.175 GC heap before
{Heap before GC invocations=6 (full 0):
 garbage-first heap   total 262144K, used 32163K [0x00000000e0000000, 0x0000000100000000)
  region size 1024K, 8 young (8192K), 7 survivors (7168K)
 Metaspace       used 35005K, committed 36288K, reserved 393216K
  class space    used 5171K, committed 5824K, reserved 327680K
}
Event: 9.179 GC heap after
{Heap after GC invocations=7 (full 0):
 garbage-first heap   total 262144K, used 32154K [0x00000000e0000000, 0x0000000100000000)
  region size 1024K, 7 young (7168K), 7 survivors (7168K)
 Metaspace       used 35005K, committed 36288K, reserved 393216K
  class space    used 5171K, committed 5824K, reserved 327680K
}
Event: 9.276 GC heap before
{Heap before GC invocations=7 (full 0):
 garbage-first heap   total 262144K, used 34202K [0x00000000e0000000, 0x0000000100000000)
  region size 1024K, 11 young (11264K), 7 survivors (7168K)
 Metaspace       used 35348K, committed 36608K, reserved 393216K
  class space    used 5209K, committed 5824K, reserved 327680K
}
Event: 9.283 GC heap after
{Heap after GC invocations=8 (full 0):
 garbage-first heap   total 262144K, used 32882K [0x00000000e0000000, 0x0000000100000000)
  region size 1024K, 8 young (8192K), 8 survivors (8192K)
 Metaspace       used 35348K, committed 36608K, reserved 393216K
  class space    used 5209K, committed 5824K, reserved 327680K
}
Event: 17.646 GC heap before
{Heap before GC invocations=9 (full 0):
 garbage-first heap   total 262144K, used 187506K [0x00000000e0000000, 0x0000000100000000)
  region size 1024K, 153 young (156672K), 8 survivors (8192K)
 Metaspace       used 48383K, committed 50048K, reserved 393216K
  class space    used 7025K, committed 7808K, reserved 327680K
}
Event: 17.657 GC heap after
{Heap after GC invocations=10 (full 0):
 garbage-first heap   total 262144K, used 44488K [0x00000000e0000000, 0x0000000100000000)
  region size 1024K, 19 young (19456K), 19 survivors (19456K)
 Metaspace       used 48383K, committed 50048K, reserved 393216K
  class space    used 7025K, committed 7808K, reserved 327680K
}

Dll operation events (14 events):
Event: 0.011 Loaded shared library C:\Users\vsing\.vscode\extensions\redhat.java-1.54.0-win32-x64\jre\21.0.10-win32-x86_64\bin\java.dll
Event: 0.071 Loaded shared library C:\Users\vsing\.vscode\extensions\redhat.java-1.54.0-win32-x64\jre\21.0.10-win32-x86_64\bin\zip.dll
Event: 0.091 Loaded shared library C:\Users\vsing\.vscode\extensions\redhat.java-1.54.0-win32-x64\jre\21.0.10-win32-x86_64\bin\instrument.dll
Event: 0.096 Loaded shared library C:\Users\vsing\.vscode\extensions\redhat.java-1.54.0-win32-x64\jre\21.0.10-win32-x86_64\bin\net.dll
Event: 0.100 Loaded shared library C:\Users\vsing\.vscode\extensions\redhat.java-1.54.0-win32-x64\jre\21.0.10-win32-x86_64\bin\nio.dll
Event: 0.103 Loaded shared library C:\Users\vsing\.vscode\extensions\redhat.java-1.54.0-win32-x64\jre\21.0.10-win32-x86_64\bin\zip.dll
Event: 0.611 Loaded shared library C:\Users\vsing\.vscode\extensions\redhat.java-1.54.0-win32-x64\jre\21.0.10-win32-x86_64\bin\jimage.dll
Event: 1.135 Loaded shared library C:\Users\vsing\.vscode\extensions\redhat.java-1.54.0-win32-x64\jre\21.0.10-win32-x86_64\bin\verify.dll
Event: 1.535 Loaded shared library C:\Users\vsing\.gradle\native\c067742578af261105cb4f569cf0c3c89f3d7b1fecec35dd04571415982c5e48\windows-amd64\native-platform.dll
Event: 1.559 Loaded shared library C:\Users\vsing\.gradle\native\100fb08df4bc3b14c8652ba06237920a3bd2aa13389f12d3474272988ae205f9\windows-amd64\native-platform-file-events.dll
Event: 4.180 Loaded shared library C:\Users\vsing\.vscode\extensions\redhat.java-1.54.0-win32-x64\jre\21.0.10-win32-x86_64\bin\management.dll
Event: 4.205 Loaded shared library C:\Users\vsing\.vscode\extensions\redhat.java-1.54.0-win32-x64\jre\21.0.10-win32-x86_64\bin\management_ext.dll
Event: 4.816 Loaded shared library C:\Users\vsing\.vscode\extensions\redhat.java-1.54.0-win32-x64\jre\21.0.10-win32-x86_64\bin\extnet.dll
Event: 5.102 Loaded shared library C:\Users\vsing\.vscode\extensions\redhat.java-1.54.0-win32-x64\jre\21.0.10-win32-x86_64\bin\sunmscapi.dll

Deoptimization events (20 events):
Event: 18.055 Thread 0x000001c7fda82930 DEOPT PACKING pc=0x000001c787e8c0f0 sp=0x000000c463ff4f20
Event: 18.055 Thread 0x000001c7fda82930 DEOPT UNPACKING pc=0x000001c787587ba2 sp=0x000000c463ff4ea0 mode 2
Event: 18.128 Thread 0x000001c7aaf5f760 Uncommon trap: trap_request=0xffffff45 fr.pc=0x000001c787bb800c relative=0x000000000000174c
Event: 18.128 Thread 0x000001c7aaf5c970 Uncommon trap: trap_request=0xffffff45 fr.pc=0x000001c787bb7e94 relative=0x00000000000015d4
Event: 18.128 Thread 0x000001c7aaf5f760 Uncommon trap: reason=unstable_if action=reinterpret pc=0x000001c787bb800c method=java.util.concurrent.ConcurrentHashMap.transfer([Ljava/util/concurrent/ConcurrentHashMap$Node;[Ljava/util/concurrent/ConcurrentHashMap$Node;)V @ 273 c2
Event: 18.128 Thread 0x000001c7aaf5c970 Uncommon trap: reason=unstable_if action=reinterpret pc=0x000001c787bb7e94 method=java.util.concurrent.ConcurrentHashMap.transfer([Ljava/util/concurrent/ConcurrentHashMap$Node;[Ljava/util/concurrent/ConcurrentHashMap$Node;)V @ 34 c2
Event: 18.128 Thread 0x000001c7aaf5c970 DEOPT PACKING pc=0x000001c787bb7e94 sp=0x000000c465ffdf60
Event: 18.128 Thread 0x000001c7aaf5f760 DEOPT PACKING pc=0x000001c787bb800c sp=0x000000c4664fe000
Event: 18.128 Thread 0x000001c7aaf5c970 DEOPT UNPACKING pc=0x000001c787587ba2 sp=0x000000c465ffded8 mode 2
Event: 18.128 Thread 0x000001c7aaf5f760 DEOPT UNPACKING pc=0x000001c787587ba2 sp=0x000000c4664fdf70 mode 2
Event: 18.181 Thread 0x000001c7fda6ce50 DEOPT PACKING pc=0x000001c780b74b7e sp=0x000000c4645fded0
Event: 18.181 Thread 0x000001c7fda6ce50 DEOPT UNPACKING pc=0x000001c7875886e2 sp=0x000000c4645fd440 mode 0
Event: 18.193 Thread 0x000001c7fda82930 Uncommon trap: trap_request=0xffffff45 fr.pc=0x000001c787c026ac relative=0x000000000000026c
Event: 18.193 Thread 0x000001c7fda82930 Uncommon trap: reason=unstable_if action=reinterpret pc=0x000001c787c026ac method=java.util.concurrent.ConcurrentHashMap.get(Ljava/lang/Object;)Ljava/lang/Object; @ 86 c2
Event: 18.193 Thread 0x000001c7fda82930 DEOPT PACKING pc=0x000001c787c026ac sp=0x000000c463ff6110
Event: 18.193 Thread 0x000001c7fda82930 DEOPT UNPACKING pc=0x000001c787587ba2 sp=0x000000c463ff6088 mode 2
Event: 18.196 Thread 0x000001c7aaf5fdf0 Uncommon trap: trap_request=0xffffff45 fr.pc=0x000001c787d51e90 relative=0x0000000000001250
Event: 18.196 Thread 0x000001c7aaf5fdf0 Uncommon trap: reason=unstable_if action=reinterpret pc=0x000001c787d51e90 method=java.util.concurrent.ConcurrentHashMap.computeIfAbsent(Ljava/lang/Object;Ljava/util/function/Function;)Ljava/lang/Object; @ 279 c2
Event: 18.196 Thread 0x000001c7aaf5fdf0 DEOPT PACKING pc=0x000001c787d51e90 sp=0x000000c4665fe460
Event: 18.196 Thread 0x000001c7aaf5fdf0 DEOPT UNPACKING pc=0x000001c787587ba2 sp=0x000000c4665fe3d8 mode 2

Classes loaded (20 events):
Event: 17.496 Loading class java/util/Collections$2
Event: 17.496 Loading class java/util/Collections$2 done
Event: 17.737 Loading class java/util/Collections$ReverseComparator
Event: 17.737 Loading class java/util/Collections$ReverseComparator done
Event: 17.737 Loading class java/util/Comparators$NaturalOrderComparator
Event: 17.737 Loading class java/util/Comparators$NaturalOrderComparator done
Event: 17.737 Loading class java/util/Collections$ReverseComparator2
Event: 17.737 Loading class java/util/Collections$ReverseComparator2 done
Event: 17.840 Loading class java/util/LinkedList$LLSpliterator
Event: 17.840 Loading class java/util/LinkedList$LLSpliterator done
Event: 17.990 Loading class sun/reflect/ReflectionFactory
Event: 17.990 Loading class sun/reflect/ReflectionFactory done
Event: 17.990 Loading class sun/reflect/ReflectionFactory$1
Event: 17.990 Loading class sun/reflect/ReflectionFactory$1 done
Event: 18.039 Loading class java/nio/channels/Channels
Event: 18.039 Loading class java/nio/channels/Channels done
Event: 18.039 Loading class sun/nio/ch/Streams
Event: 18.039 Loading class sun/nio/ch/Streams done
Event: 18.039 Loading class sun/nio/ch/ChannelInputStream
Event: 18.040 Loading class sun/nio/ch/ChannelInputStream done

Classes unloaded (0 events):
No events

Classes redefined (0 events):
No events

Internal exceptions (20 events):
Event: 17.131 Thread 0x000001c7fda82930 Exception <a 'java/lang/NoSuchMethodError'{0x00000000e84b9a00}: 'java.lang.Object java.lang.invoke.DirectMethodHandle$Holder.newInvokeSpecial(java.lang.Object, java.lang.Object, java.lang.Object, java.lang.Object, java.lang.Object, java.lang.Object, java.lang.Object, java.lang.Object, java.lang.Object, java.lang.Object, java.lang.Object, java.lang.Object, java.lang.Object, java.lang.Object, java.lang.Object, java.lang.Object, java.lang.Object, java.lang.Object, java.lang.Object, java.lang.Object, java.lang
Event: 17.132 Thread 0x000001c7fda82930 Exception <a 'java/lang/NoSuchMethodError'{0x00000000e84c1ab0}: 'java.lang.Object java.lang.invoke.DirectMethodHandle$Holder.invokeSpecial(java.lang.Object, java.lang.Object, java.lang.Object, java.lang.Object, java.lang.Object, java.lang.Object, java.lang.Object, java.lang.Object, java.lang.Object, java.lang.Object, java.lang.Object, java.lang.Object, java.lang.Object, java.lang.Object, java.lang.Object, java.lang.Object, java.lang.Object, java.lang.Object, java.lang.Object, java.lang.Object, java.lang.Ob
Event: 17.132 Thread 0x000001c7fda82930 Exception <a 'java/lang/NoSuchMethodError'{0x00000000e84c82a0}: 'java.lang.Object java.lang.invoke.DelegatingMethodHandle$Holder.reinvoke_L(java.lang.Object, java.lang.Object, java.lang.Object, java.lang.Object, java.lang.Object, java.lang.Object, java.lang.Object, java.lang.Object, java.lang.Object, java.lang.Object, java.lang.Object, java.lang.Object, java.lang.Object, java.lang.Object, java.lang.Object, java.lang.Object, java.lang.Object, java.lang.Object, java.lang.Object, java.lang.Object, java.lang.O
Event: 17.174 Thread 0x000001c7fda82930 Exception <a 'java/lang/ClassNotFoundException'{0x00000000e81f7710}: org/gradle/api/internal/artifacts/dsl/dependencies/DefaultDependencyHandler_DecoratedBeanInfo> (0x00000000e81f7710) 
thrown [s\src\hotspot\share\classfile\systemDictionary.cpp, line 312]
Event: 17.175 Thread 0x000001c7fda82930 Exception <a 'java/lang/ClassNotFoundException'{0x00000000e800b6b0}: org/gradle/api/internal/artifacts/dsl/dependencies/DefaultDependencyHandlerBeanInfo> (0x00000000e800b6b0) 
thrown [s\src\hotspot\share\classfile\systemDictionary.cpp, line 312]
Event: 17.175 Thread 0x000001c7fda82930 Exception <a 'java/lang/ClassNotFoundException'{0x00000000e801f3c0}: org/gradle/api/internal/artifacts/dsl/dependencies/DefaultDependencyHandlerCustomizer> (0x00000000e801f3c0) 
thrown [s\src\hotspot\share\classfile\systemDictionary.cpp, line 312]
Event: 17.178 Thread 0x000001c7fda82930 Exception <a 'java/lang/ClassNotFoundException'{0x00000000e8076668}: org/gradle/api/internal/artifacts/dsl/dependencies/DefaultDependencyHandler_DecoratedCustomizer> (0x00000000e8076668) 
thrown [s\src\hotspot\share\classfile\systemDictionary.cpp, line 312]
Event: 17.191 Thread 0x000001c7fda82930 Exception <a 'java/lang/ClassNotFoundException'{0x00000000e7fb96d0}: groovy/lang/GString$1BeanInfo> (0x00000000e7fb96d0) 
thrown [s\src\hotspot\share\classfile\systemDictionary.cpp, line 312]
Event: 17.191 Thread 0x000001c7fda82930 Exception <a 'java/lang/ClassNotFoundException'{0x00000000e7fc9fc0}: groovy/lang/GStringBeanInfo> (0x00000000e7fc9fc0) 
thrown [s\src\hotspot\share\classfile\systemDictionary.cpp, line 312]
Event: 17.192 Thread 0x000001c7fda82930 Exception <a 'java/lang/ClassNotFoundException'{0x00000000e7fda7a8}: groovy/lang/GStringCustomizer> (0x00000000e7fda7a8) 
thrown [s\src\hotspot\share\classfile\systemDictionary.cpp, line 312]
Event: 17.193 Thread 0x000001c7fda82930 Exception <a 'java/lang/ClassNotFoundException'{0x00000000e7ff7130}: groovy/lang/GString$1Customizer> (0x00000000e7ff7130) 
thrown [s\src\hotspot\share\classfile\systemDictionary.cpp, line 312]
Event: 17.195 Thread 0x000001c7fda82930 Exception <a 'java/lang/ClassNotFoundException'{0x00000000e7e15490}: build_a42eplao08fexh03aybwmih6s$_run_closure1BeanInfo> (0x00000000e7e15490) 
thrown [s\src\hotspot\share\classfile\systemDictionary.cpp, line 312]
Event: 17.196 Thread 0x000001c7fda82930 Exception <a 'java/lang/ClassNotFoundException'{0x00000000e7e1c818}: build_a42eplao08fexh03aybwmih6s$_run_closure1Customizer> (0x00000000e7e1c818) 
thrown [s\src\hotspot\share\classfile\systemDictionary.cpp, line 312]
Event: 17.201 Thread 0x000001c7fda82930 Exception <a 'java/lang/ClassNotFoundException'{0x00000000e7d34940}: org/codehaus/groovy/runtime/GStringImplBeanInfo> (0x00000000e7d34940) 
thrown [s\src\hotspot\share\classfile\systemDictionary.cpp, line 312]
Event: 17.202 Thread 0x000001c7fda82930 Exception <a 'java/lang/ClassNotFoundException'{0x00000000e7d45718}: org/codehaus/groovy/runtime/GStringImplCustomizer> (0x00000000e7d45718) 
thrown [s\src\hotspot\share\classfile\systemDictionary.cpp, line 312]
Event: 17.367 Thread 0x000001c7fda82930 Exception <a 'java/lang/NoSuchMethodError'{0x00000000e7469710}: 'java.lang.Object java.lang.invoke.DirectMethodHandle$Holder.invokeSpecial(java.lang.Object, java.lang.Object, long, java.lang.Object, java.lang.Object)'> (0x00000000e7469710) 
thrown [s\src\hotspot\share\interpreter\linkResolver.cpp, line 773]
Event: 17.456 Thread 0x000001c7fda82930 Exception <a 'java/lang/NoSuchMethodError'{0x00000000e6e0f688}: 'int java.lang.invoke.DirectMethodHandle$Holder.invokeSpecialIFC(java.lang.Object, java.lang.Object, java.lang.Object)'> (0x00000000e6e0f688) 
thrown [s\src\hotspot\share\interpreter\linkResolver.cpp, line 773]
Event: 17.856 Thread 0x000001c7fda82930 Exception <a 'java/lang/NoSuchMethodError'{0x00000000ef9f3920}: 'java.lang.Object java.lang.invoke.DirectMethodHandle$Holder.invokeSpecial(java.lang.Object, java.lang.Object, java.lang.Object, java.lang.Object, java.lang.Object, long)'> (0x00000000ef9f3920) 
thrown [s\src\hotspot\share\interpreter\linkResolver.cpp, line 773]
Event: 17.859 Thread 0x000001c7fda82930 Exception <a 'java/lang/NoSuchMethodError'{0x00000000ef819310}: 'void java.lang.invoke.DirectMethodHandle$Holder.invokeStatic(java.lang.Object, java.lang.Object, java.lang.Object, int, java.lang.Object)'> (0x00000000ef819310) 
thrown [s\src\hotspot\share\interpreter\linkResolver.cpp, line 773]
Event: 17.902 Thread 0x000001c7fda82930 Implicit null exception at 0x000001c787e51e9d to 0x000001c787e52104

ZGC Phase Switch (0 events):
No events

VM Operations (20 events):
Event: 15.607 Executing safepoint VM operation: Cleanup done
Event: 17.024 Executing safepoint VM operation: ICBufferFull
Event: 17.024 Executing safepoint VM operation: ICBufferFull done
Event: 17.042 Executing non-safepoint VM operation: HandshakeAllThreads (Deoptimize)
Event: 17.042 Executing non-safepoint VM operation: HandshakeAllThreads (Deoptimize) done
Event: 17.641 Executing safepoint VM operation: ICBufferFull
Event: 17.641 Executing safepoint VM operation: ICBufferFull done
Event: 17.646 Executing safepoint VM operation: G1CollectForAllocation (G1 Evacuation Pause)
Event: 17.658 Executing safepoint VM operation: G1CollectForAllocation (G1 Evacuation Pause) done
Event: 17.778 Executing non-safepoint VM operation: HandshakeAllThreads (Deoptimize)
Event: 17.778 Executing non-safepoint VM operation: HandshakeAllThreads (Deoptimize) done
Event: 17.871 Executing non-safepoint VM operation: HandshakeAllThreads (Deoptimize)
Event: 17.871 Executing non-safepoint VM operation: HandshakeAllThreads (Deoptimize) done
Event: 17.908 Executing safepoint VM operation: ICBufferFull
Event: 17.908 Executing safepoint VM operation: ICBufferFull done
Event: 17.993 Executing non-safepoint VM operation: HandshakeAllThreads (Deoptimize)
Event: 17.993 Executing non-safepoint VM operation: HandshakeAllThreads (Deoptimize) done
Event: 18.110 Executing safepoint VM operation: ICBufferFull
Event: 18.110 Executing safepoint VM operation: ICBufferFull done
Event: 19.122 Executing safepoint VM operation: Cleanup

Memory protections (0 events):
No events

Nmethod flushes (20 events):
Event: 9.316 Thread 0x000001c7fc018480 flushing  nmethod 0x000001c78032af10
Event: 9.316 Thread 0x000001c7fc018480 flushing  nmethod 0x000001c780330a10
Event: 9.316 Thread 0x000001c7fc018480 flushing  nmethod 0x000001c7804bfb90
Event: 9.316 Thread 0x000001c7fc018480 flushing  nmethod 0x000001c7804c5810
Event: 9.316 Thread 0x000001c7fc018480 flushing  nmethod 0x000001c7801f4810
Event: 9.316 Thread 0x000001c7fc018480 flushing  nmethod 0x000001c7801f5d90
Event: 9.316 Thread 0x000001c7fc018480 flushing  nmethod 0x000001c780215c10
Event: 9.316 Thread 0x000001c7fc018480 flushing  nmethod 0x000001c780218410
Event: 9.316 Thread 0x000001c7fc018480 flushing  nmethod 0x000001c780282a10
Event: 9.316 Thread 0x000001c7fc018480 flushing  nmethod 0x000001c780284e10
Event: 9.316 Thread 0x000001c7fc018480 flushing  nmethod 0x000001c780285190
Event: 9.316 Thread 0x000001c7fc018480 flushing  nmethod 0x000001c780347c90
Event: 9.316 Thread 0x000001c7fc018480 flushing  nmethod 0x000001c780383890
Event: 9.316 Thread 0x000001c7fc018480 flushing  nmethod 0x000001c780385390
Event: 9.316 Thread 0x000001c7fc018480 flushing  nmethod 0x000001c780386c10
Event: 9.316 Thread 0x000001c7fc018480 flushing  nmethod 0x000001c780387790
Event: 9.316 Thread 0x000001c7fc018480 flushing  nmethod 0x000001c780387a90
Event: 9.316 Thread 0x000001c7fc018480 flushing  nmethod 0x000001c7803f8690
Event: 9.316 Thread 0x000001c7fc018480 flushing  nmethod 0x000001c7805d8b90
Event: 9.316 Thread 0x000001c7fc018480 flushing  nmethod 0x000001c7805daa90

Events (20 events):
Event: 16.760 Thread 0x000001c7fda82930 Thread added: 0x000001c7fda82fc0
Event: 16.774 Thread 0x000001c7fda82930 Thread added: 0x000001c7fda801d0
Event: 16.775 Thread 0x000001c7fc08e800 Thread added: 0x000001c7aa2a1c50
Event: 16.779 Thread 0x000001c7fda82930 Thread added: 0x000001c7fda80ef0
Event: 16.781 Thread 0x000001c7fda82930 Thread added: 0x000001c7fda81580
Event: 16.822 Thread 0x000001c7fda82930 Thread added: 0x000001c7aaf59b80
Event: 17.893 Thread 0x000001c7fda82930 Thread added: 0x000001c7aaf5a210
Event: 17.893 Thread 0x000001c7fda82930 Thread added: 0x000001c7aaf587d0
Event: 17.893 Thread 0x000001c7fda82930 Thread added: 0x000001c7aaf5bc50
Event: 17.893 Thread 0x000001c7fda82930 Thread added: 0x000001c7aaf5c2e0
Event: 17.894 Thread 0x000001c7fda82930 Thread added: 0x000001c7aaf5a8a0
Event: 17.894 Thread 0x000001c7fda82930 Thread added: 0x000001c7aaf5af30
Event: 17.894 Thread 0x000001c7fda82930 Thread added: 0x000001c7aaf5b5c0
Event: 18.027 Thread 0x000001c7fda82930 Thread added: 0x000001c7aaf5c970
Event: 18.030 Thread 0x000001c7fda82930 Thread added: 0x000001c7aaf594f0
Event: 18.031 Thread 0x000001c7fda82930 Thread added: 0x000001c7aaf5ea40
Event: 18.033 Thread 0x000001c7fda82930 Thread added: 0x000001c7aaf5d690
Event: 18.035 Thread 0x000001c7fda82930 Thread added: 0x000001c7aaf5f0d0
Event: 18.036 Thread 0x000001c7fda82930 Thread added: 0x000001c7aaf5f760
Event: 18.037 Thread 0x000001c7fda82930 Thread added: 0x000001c7aaf5fdf0


Dynamic libraries:
0x00007ff747c10000 - 0x00007ff747c1e000 	C:\Users\vsing\.vscode\extensions\redhat.java-1.54.0-win32-x64\jre\21.0.10-win32-x86_64\bin\java.exe
0x00007ffdff480000 - 0x00007ffdff6e7000 	C:\WINDOWS\SYSTEM32\ntdll.dll
0x00007ffdfdbe0000 - 0x00007ffdfdca9000 	C:\WINDOWS\System32\KERNEL32.DLL
0x00007ffdfc240000 - 0x00007ffdfc637000 	C:\WINDOWS\System32\KERNELBASE.dll
0x00007ffdfbeb0000 - 0x00007ffdfbffb000 	C:\WINDOWS\System32\ucrtbase.dll
0x00007ffdc4c10000 - 0x00007ffdc4c2e000 	C:\Users\vsing\.vscode\extensions\redhat.java-1.54.0-win32-x64\jre\21.0.10-win32-x86_64\bin\VCRUNTIME140.dll
0x00007ffdb5ca0000 - 0x00007ffdb5cb8000 	C:\Users\vsing\.vscode\extensions\redhat.java-1.54.0-win32-x64\jre\21.0.10-win32-x86_64\bin\jli.dll
0x00007ffdff1e0000 - 0x00007ffdff3a6000 	C:\WINDOWS\System32\USER32.dll
0x00007ffdfc210000 - 0x00007ffdfc237000 	C:\WINDOWS\System32\win32u.dll
0x00007ffdd9810000 - 0x00007ffdd9aa2000 	C:\WINDOWS\WinSxS\amd64_microsoft.windows.common-controls_6595b64144ccf1df_6.0.26100.8457_none_3e0b2faee331e92d\COMCTL32.dll
0x00007ffdfd930000 - 0x00007ffdfd95b000 	C:\WINDOWS\System32\GDI32.dll
0x00007ffdfd7b0000 - 0x00007ffdfd859000 	C:\WINDOWS\System32\msvcrt.dll
0x00007ffdfc7a0000 - 0x00007ffdfc8cc000 	C:\WINDOWS\System32\gdi32full.dll
0x00007ffdfc6f0000 - 0x00007ffdfc793000 	C:\WINDOWS\System32\msvcp_win.dll
0x00007ffdfedc0000 - 0x00007ffdfedf2000 	C:\WINDOWS\System32\IMM32.DLL
0x00007ffdf4850000 - 0x00007ffdf485c000 	C:\Users\vsing\.vscode\extensions\redhat.java-1.54.0-win32-x64\jre\21.0.10-win32-x86_64\bin\vcruntime140_1.dll
0x00007ffd8e6b0000 - 0x00007ffd8e73d000 	C:\Users\vsing\.vscode\extensions\redhat.java-1.54.0-win32-x64\jre\21.0.10-win32-x86_64\bin\msvcp140.dll
0x00007ffd3af50000 - 0x00007ffd3bcf1000 	C:\Users\vsing\.vscode\extensions\redhat.java-1.54.0-win32-x64\jre\21.0.10-win32-x86_64\bin\server\jvm.dll
0x00007ffdfd860000 - 0x00007ffdfd916000 	C:\WINDOWS\System32\ADVAPI32.dll
0x00007ffdfed10000 - 0x00007ffdfedb7000 	C:\WINDOWS\System32\sechost.dll
0x00007ffdfd980000 - 0x00007ffdfda98000 	C:\WINDOWS\System32\RPCRT4.dll
0x00007ffdfd230000 - 0x00007ffdfd2b0000 	C:\WINDOWS\System32\WS2_32.dll
0x00007ffdfbd30000 - 0x00007ffdfbd8e000 	C:\WINDOWS\SYSTEM32\POWRPROF.dll
0x00007ffded930000 - 0x00007ffded966000 	C:\WINDOWS\SYSTEM32\WINMM.dll
0x00007ffdf5830000 - 0x00007ffdf583b000 	C:\WINDOWS\SYSTEM32\VERSION.dll
0x00007ffdfbd10000 - 0x00007ffdfbd24000 	C:\WINDOWS\SYSTEM32\UMPDC.dll
0x00007ffdfac10000 - 0x00007ffdfac2b000 	C:\WINDOWS\SYSTEM32\kernel.appcore.dll
0x00007ffdd8850000 - 0x00007ffdd885a000 	C:\Users\vsing\.vscode\extensions\redhat.java-1.54.0-win32-x64\jre\21.0.10-win32-x86_64\bin\jimage.dll
0x00007ffdf9ec0000 - 0x00007ffdfa102000 	C:\WINDOWS\SYSTEM32\DBGHELP.DLL
0x00007ffdfd2c0000 - 0x00007ffdfd643000 	C:\WINDOWS\System32\combase.dll
0x00007ffdfdaa0000 - 0x00007ffdfdb79000 	C:\WINDOWS\System32\OLEAUT32.dll
0x00007ffdda0d0000 - 0x00007ffdda10b000 	C:\WINDOWS\SYSTEM32\dbgcore.DLL
0x00007ffdfc640000 - 0x00007ffdfc6e8000 	C:\WINDOWS\System32\bcryptPrimitives.dll
0x00007ffde0ce0000 - 0x00007ffde0cef000 	C:\Users\vsing\.vscode\extensions\redhat.java-1.54.0-win32-x64\jre\21.0.10-win32-x86_64\bin\instrument.dll
0x00007ffdb1300000 - 0x00007ffdb1320000 	C:\Users\vsing\.vscode\extensions\redhat.java-1.54.0-win32-x64\jre\21.0.10-win32-x86_64\bin\java.dll
0x00007ffdfe4d0000 - 0x00007ffdfec3e000 	C:\WINDOWS\System32\SHELL32.dll
0x00007ffdfc990000 - 0x00007ffdfd1fc000 	C:\WINDOWS\System32\windows.storage.dll
0x00007ffdfefe0000 - 0x00007ffdff0d6000 	C:\WINDOWS\System32\SHCORE.dll
0x00007ffdff3b0000 - 0x00007ffdff416000 	C:\WINDOWS\System32\shlwapi.dll
0x00007ffdfbdd0000 - 0x00007ffdfbdf9000 	C:\WINDOWS\SYSTEM32\profapi.dll
0x00007ffd8e690000 - 0x00007ffd8e6a8000 	C:\Users\vsing\.vscode\extensions\redhat.java-1.54.0-win32-x64\jre\21.0.10-win32-x86_64\bin\zip.dll
0x00007ffdb1270000 - 0x00007ffdb1280000 	C:\Users\vsing\.vscode\extensions\redhat.java-1.54.0-win32-x64\jre\21.0.10-win32-x86_64\bin\net.dll
0x00007ffdf7160000 - 0x00007ffdf7289000 	C:\WINDOWS\SYSTEM32\WINHTTP.dll
0x00007ffdfb1b0000 - 0x00007ffdfb21c000 	C:\WINDOWS\system32\mswsock.dll
0x00007ffd8e670000 - 0x00007ffd8e686000 	C:\Users\vsing\.vscode\extensions\redhat.java-1.54.0-win32-x64\jre\21.0.10-win32-x86_64\bin\nio.dll
0x00007ffd8e660000 - 0x00007ffd8e670000 	C:\Users\vsing\.vscode\extensions\redhat.java-1.54.0-win32-x64\jre\21.0.10-win32-x86_64\bin\verify.dll
0x00007ffdcb730000 - 0x00007ffdcb757000 	C:\Users\vsing\.gradle\native\c067742578af261105cb4f569cf0c3c89f3d7b1fecec35dd04571415982c5e48\windows-amd64\native-platform.dll
0x00007ffd8d080000 - 0x00007ffd8d1c4000 	C:\Users\vsing\.gradle\native\100fb08df4bc3b14c8652ba06237920a3bd2aa13389f12d3474272988ae205f9\windows-amd64\native-platform-file-events.dll
0x00007ffde0d00000 - 0x00007ffde0d0a000 	C:\Users\vsing\.vscode\extensions\redhat.java-1.54.0-win32-x64\jre\21.0.10-win32-x86_64\bin\management.dll
0x00007ffde0cc0000 - 0x00007ffde0ccc000 	C:\Users\vsing\.vscode\extensions\redhat.java-1.54.0-win32-x64\jre\21.0.10-win32-x86_64\bin\management_ext.dll
0x00007ffdfd920000 - 0x00007ffdfd928000 	C:\WINDOWS\System32\PSAPI.DLL
0x00007ffdfb490000 - 0x00007ffdfb4ab000 	C:\WINDOWS\SYSTEM32\CRYPTSP.dll
0x00007ffdfab70000 - 0x00007ffdfaba9000 	C:\WINDOWS\system32\rsaenh.dll
0x00007ffdfb260000 - 0x00007ffdfb293000 	C:\WINDOWS\SYSTEM32\USERENV.dll
0x00007ffdfbda0000 - 0x00007ffdfbdca000 	C:\WINDOWS\SYSTEM32\bcrypt.dll
0x00007ffdfb4b0000 - 0x00007ffdfb4bc000 	C:\WINDOWS\SYSTEM32\CRYPTBASE.dll
0x00007ffdfa5b0000 - 0x00007ffdfa5e2000 	C:\WINDOWS\SYSTEM32\IPHLPAPI.DLL
0x00007ffdfde10000 - 0x00007ffdfde1a000 	C:\WINDOWS\System32\NSI.dll
0x00007ffdf5040000 - 0x00007ffdf5049000 	C:\Users\vsing\.vscode\extensions\redhat.java-1.54.0-win32-x64\jre\21.0.10-win32-x86_64\bin\extnet.dll
0x00007ffde0d10000 - 0x00007ffde0d1e000 	C:\Users\vsing\.vscode\extensions\redhat.java-1.54.0-win32-x64\jre\21.0.10-win32-x86_64\bin\sunmscapi.dll
0x00007ffdfc000000 - 0x00007ffdfc178000 	C:\WINDOWS\System32\CRYPT32.dll
0x00007ffdfb6b0000 - 0x00007ffdfb6e0000 	C:\WINDOWS\SYSTEM32\ncrypt.dll
0x00007ffdfb660000 - 0x00007ffdfb69f000 	C:\WINDOWS\SYSTEM32\NTASN1.dll
0x00007ffdd7e40000 - 0x00007ffdd7e48000 	C:\WINDOWS\system32\wshunix.dll

JVMTI agents:
C:\Users\vsing\.gradle\wrapper\dists\gradle-8.9-bin\90cnw93cvbtalezasaz0blq0a\gradle-8.9\lib\agents\gradle-instrumentation-agent-8.9.jar path:C:\Users\vsing\.vscode\extensions\redhat.java-1.54.0-win32-x64\jre\21.0.10-win32-x86_64\bin\instrument.dll, loaded, initialized, instrumentlib options:none

dbghelp: loaded successfully - version: 4.0.5 - missing functions: none
symbol engine: initialized successfully - sym options: 0x614 - pdb path: .;C:\Users\vsing\.vscode\extensions\redhat.java-1.54.0-win32-x64\jre\21.0.10-win32-x86_64\bin;C:\WINDOWS\SYSTEM32;C:\WINDOWS\WinSxS\amd64_microsoft.windows.common-controls_6595b64144ccf1df_6.0.26100.8457_none_3e0b2faee331e92d;C:\Users\vsing\.vscode\extensions\redhat.java-1.54.0-win32-x64\jre\21.0.10-win32-x86_64\bin\server;C:\Users\vsing\.gradle\native\c067742578af261105cb4f569cf0c3c89f3d7b1fecec35dd04571415982c5e48\windows-amd64;C:\Users\vsing\.gradle\native\100fb08df4bc3b14c8652ba06237920a3bd2aa13389f12d3474272988ae205f9\windows-amd64

VM Arguments:
jvm_args: --add-opens=java.base/java.util=ALL-UNNAMED --add-opens=java.base/java.lang=ALL-UNNAMED --add-opens=java.base/java.lang.invoke=ALL-UNNAMED --add-opens=java.prefs/java.util.prefs=ALL-UNNAMED --add-exports=jdk.compiler/com.sun.tools.javac.api=ALL-UNNAMED --add-exports=jdk.compiler/com.sun.tools.javac.util=ALL-UNNAMED --add-opens=java.base/java.nio.charset=ALL-UNNAMED --add-opens=java.base/java.net=ALL-UNNAMED --add-opens=java.base/java.util.concurrent.atomic=ALL-UNNAMED -XX:MaxMetaspaceSize=384m -XX:+HeapDumpOnOutOfMemoryError -Xms256m -Xmx512m -Dfile.encoding=utf8 -Duser.country=IN -Duser.language=en -Duser.variant -javaagent:C:\Users\vsing\.gradle\wrapper\dists\gradle-8.9-bin\90cnw93cvbtalezasaz0blq0a\gradle-8.9\lib\agents\gradle-instrumentation-agent-8.9.jar 
java_command: org.gradle.launcher.daemon.bootstrap.GradleDaemon 8.9
java_class_path (initial): C:\Users\vsing\.gradle\wrapper\dists\gradle-8.9-bin\90cnw93cvbtalezasaz0blq0a\gradle-8.9\lib\gradle-daemon-main-8.9.jar
Launcher Type: SUN_STANDARD

[Global flags]
     intx CICompilerCount                          = 4                                         {product} {ergonomic}
   size_t CompressedClassSpaceSize                 = 335544320                                 {product} {ergonomic}
     uint ConcGCThreads                            = 2                                         {product} {ergonomic}
     uint G1ConcRefinementThreads                  = 8                                         {product} {ergonomic}
   size_t G1HeapRegionSize                         = 1048576                                   {product} {ergonomic}
    uintx GCDrainStackTargetSize                   = 64                                        {product} {ergonomic}
     bool HeapDumpOnOutOfMemoryError               = true                                   {manageable} {command line}
   size_t InitialHeapSize                          = 268435456                                 {product} {command line}
   size_t MarkStackSize                            = 4194304                                   {product} {ergonomic}
   size_t MaxHeapSize                              = 536870912                                 {product} {command line}
   size_t MaxMetaspaceSize                         = 402653184                                 {product} {command line}
   size_t MaxNewSize                               = 321912832                                 {product} {ergonomic}
   size_t MinHeapDeltaBytes                        = 1048576                                   {product} {ergonomic}
   size_t MinHeapSize                              = 268435456                                 {product} {command line}
    uintx NonNMethodCodeHeapSize                   = 5839372                                {pd product} {ergonomic}
    uintx NonProfiledCodeHeapSize                  = 122909434                              {pd product} {ergonomic}
    uintx ProfiledCodeHeapSize                     = 122909434                              {pd product} {ergonomic}
    uintx ReservedCodeCacheSize                    = 251658240                              {pd product} {ergonomic}
     bool SegmentedCodeCache                       = true                                      {product} {ergonomic}
   size_t SoftMaxHeapSize                          = 536870912                              {manageable} {ergonomic}
     bool UseCompressedOops                        = true                           {product lp64_product} {ergonomic}
     bool UseG1GC                                  = true                                      {product} {ergonomic}
     bool UseLargePagesIndividualAllocation        = false                                  {pd product} {ergonomic}

Logging:
Log output configuration:
 #0: stdout all=warning uptime,level,tags foldmultilines=false
 #1: stderr all=off uptime,level,tags foldmultilines=false

Release file:
JAVA_VERSION="21.0.10" 
MODULES="java.base java.compiler java.datatransfer java.xml java.prefs java.desktop java.instrument java.logging java.management java.security.sasl java.naming java.rmi java.management.rmi java.net.http java.scripting java.security.jgss java.transaction.xa java.sql java.sql.rowset java.xml.crypto java.se java.smartcardio jdk.accessibility jdk.internal.jvmstat jdk.attach jdk.charsets jdk.internal.opt jdk.zipfs jdk.compiler jdk.crypto.ec jdk.crypto.cryptoki jdk.crypto.mscapi jdk.dynalink jdk.internal.ed jdk.editpad jdk.hotspot.agent jdk.httpserver jdk.internal.le jdk.internal.vm.ci jdk.internal.vm.compiler jdk.internal.vm.compiler.management jdk.jartool jdk.javadoc jdk.jcmd jdk.management jdk.management.agent jdk.jconsole jdk.jdeps jdk.jdwp.agent jdk.jdi jdk.jfr jdk.jshell jdk.jsobject jdk.jstatd jdk.localedata jdk.management.jfr jdk.naming.dns jdk.naming.rmi jdk.net jdk.nio.mapmode jdk.random jdk.sctp jdk.security.auth jdk.security.jgss jdk.unsupported jdk.unsupported.desktop jdk.xml.dom" 

Environment Variables:
JAVA_HOME=C:\Program Files\OpenLogic\jdk-17.0.18.8-hotspot
PATH=C:\Program Files\OpenLogic\jdk-17.0.18.8-hotspot\bin;C:\WINDOWS\system32;C:\WINDOWS;C:\WINDOWS\System32\Wbem;C:\WINDOWS\System32\WindowsPowerShell\v1.0\;C:\WINDOWS\System32\OpenSSH\;C:\WINDOWS\system32;C:\WINDOWS;C:\WINDOWS\System32\Wbem;C:\WINDOWS\System32\WindowsPowerShell\v1.0\;C:\WINDOWS\System32\OpenSSH\;C:\ProgramData\chocolatey\bin;C:\Users\vsing\AppData\Local\Android\Sdk\platform-tools;C:\Users\vsing\AppData\Local\Android\Sdk\emulator;C:\Users\vsing\AppData\Local\Android\Sdk\build-tools;C:\Users\vsing\AppData\Local\Android\Sdk\platforms;C:\Users\vsing\AppData\Local\Android\Sdk;C:\Program Files\OpenLogic\jdk-17.0.18.8-hotspot;C:\Program Files\nodejs\;D:\Git\bin;C:\Users\vsing\AppData\Local\Microsoft\WindowsApps;C:\Users\vsing\AppData\Local\Programs\Microsoft VS Code\bin;C:\Users\vsing\AppData\Local\Android\Sdk\platform-tools;C:\Users\vsing\AppData\Local\Android\Sdk\emulator;C:\Users\vsing\AppData\Local\Android\Sdk\build-tools;C:\Users\vsing\AppData\Local\Android\Sdk\platforms;C:\Users\vsing\AppData\Local\Android\Sdk;C:\Program Files\OpenLogic\jdk-17.0.18.8-hotspot;C:\Program Files\OpenLogic\jdk-17.0.18.8-hotspot\bin;C:\Program Files\nodejs;C:\Users\vsing\AppData\Roaming\npm;D:\Git\bin;C:\Users\vsing\AppData\Local\Programs\Antigravity\bin;C:\Users\vsing\AppData\Local\Programs\cursor\resources\app\bin
USERNAME=vsing
OS=Windows_NT
PROCESSOR_IDENTIFIER=Intel64 Family 6 Model 140 Stepping 1, GenuineIntel
TMP=C:\Users\vsing\AppData\Local\Temp
TEMP=C:\Users\vsing\AppData\Local\Temp




Periodic native trim disabled

---------------  S Y S T E M  ---------------

OS:
 Windows 11 , 64 bit Build 26100 (10.0.26100.8328)
OS uptime: 1 days 3:30 hours
Hyper-V role detected

CPU: total 8 (initial active 8) (4 cores per cpu, 2 threads per core) family 6 model 140 stepping 1 microcode 0xb4, cx8, cmov, fxsr, ht, mmx, 3dnowpref, sse, sse2, sse3, ssse3, sse4.1, sse4.2, popcnt, lzcnt, tsc, tscinvbit, avx, avx2, aes, erms, clmul, bmi1, bmi2, adx, avx512f, avx512dq, avx512cd, avx512bw, avx512vl, sha, fma, vzeroupper, avx512_vpopcntdq, avx512_vpclmulqdq, avx512_vaes, avx512_vnni, clflush, clflushopt, clwb, avx512_vbmi2, avx512_vbmi, hv, rdtscp, rdpid, fsrm, gfni, avx512_bitalg, f16c, cet_ibt, cet_ss, avx512_ifma
Processor Information for processor 0
  Max Mhz: 2001, Current Mhz: 2001, Mhz Limit: 2001
Processor Information for processor 1
  Max Mhz: 2001, Current Mhz: 2001, Mhz Limit: 2001
Processor Information for processor 2
  Max Mhz: 2001, Current Mhz: 2001, Mhz Limit: 2001
Processor Information for processor 3
  Max Mhz: 2001, Current Mhz: 2001, Mhz Limit: 2001
Processor Information for processor 4
  Max Mhz: 2001, Current Mhz: 1200, Mhz Limit: 2001
Processor Information for processor 5
  Max Mhz: 2001, Current Mhz: 2001, Mhz Limit: 2001
Processor Information for processor 6
  Max Mhz: 2001, Current Mhz: 2001, Mhz Limit: 2001
Processor Information for processor 7
  Max Mhz: 2001, Current Mhz: 2001, Mhz Limit: 2001

Memory: 4k page, system-wide physical 7834M (747M free)
TotalPageFile size 26973M (AvailPageFile size 207M)
current process WorkingSet (physical memory assigned to process): 384M, peak: 384M
current process commit charge ("private bytes"): 478M, peak: 488M

vm_info: OpenJDK 64-Bit Server VM (21.0.10+7-LTS) for windows-amd64 JRE (21.0.10+7-LTS), built on 2026-01-20T00:00:00Z by "admin" with MS VC++ 17.12 (VS2022)

END.
