#
# There is insufficient memory for the Java Runtime Environment to continue.
# Native memory allocation (malloc) failed to allocate 1337136 bytes. Error detail: Chunk::new
# Possible reasons:
#   The system is out of physical RAM or swap space
#   This process is running with CompressedOops enabled, and the Java Heap may be blocking the growth of the native heap
# Possible solutions:
#   Reduce memory load on the system
#   Increase physical memory or swap space
#   Check if swap backing store is full
#   Decrease Java heap size (-Xmx/-Xms)
#   Decrease number of Java threads
#   Decrease Java thread stack sizes (-Xss)
#   Set larger code cache with -XX:ReservedCodeCacheSize=
#   JVM is running with Unscaled Compressed Oops mode in which the Java heap is
#     placed in the first 4GB address space. The Java Heap base address is the
#     maximum limit for the native heap growth. Please use -XX:HeapBaseMinAddress
#     to set the Java Heap base and to place the Java Heap above 4GB virtual address.
# This output file may be truncated or incomplete.
#
#  Out of Memory Error (arena.cpp:168), pid=14500, tid=20348
#
# JRE version: OpenJDK Runtime Environment Temurin-21.0.10+7 (21.0.10+7) (build 21.0.10+7-LTS)
# Java VM: OpenJDK 64-Bit Server VM Temurin-21.0.10+7 (21.0.10+7-LTS, mixed mode, sharing, tiered, compressed oops, compressed class ptrs, g1 gc, windows-amd64)
# No core dump will be written. Minidumps are not enabled by default on client versions of Windows
#

---------------  S U M M A R Y ------------

Command Line: -XX:MaxMetaspaceSize=512m -XX:+HeapDumpOnOutOfMemoryError --add-opens=java.base/java.util=ALL-UNNAMED --add-opens=java.base/java.lang=ALL-UNNAMED --add-opens=java.base/java.lang.invoke=ALL-UNNAMED --add-opens=java.prefs/java.util.prefs=ALL-UNNAMED --add-exports=jdk.compiler/com.sun.tools.javac.api=ALL-UNNAMED --add-exports=jdk.compiler/com.sun.tools.javac.util=ALL-UNNAMED --add-opens=java.base/java.nio.charset=ALL-UNNAMED --add-opens=java.base/java.net=ALL-UNNAMED --add-opens=java.base/java.util.concurrent.atomic=ALL-UNNAMED -Xmx2048m -Dfile.encoding=UTF-8 -Duser.country=IN -Duser.language=en -Duser.variant -javaagent:C:\Users\vsing\.gradle\wrapper\dists\gradle-8.9-bin\90cnw93cvbtalezasaz0blq0a\gradle-8.9\lib\agents\gradle-instrumentation-agent-8.9.jar org.gradle.launcher.daemon.bootstrap.GradleDaemon 8.9

Host: 11th Gen Intel(R) Core(TM) i3-1125G4 @ 2.00GHz, 8 cores, 7G,  Windows 11 , 64 bit Build 26100 (10.0.26100.8328)
Time: Mon May 25 10:53:47 2026 India Standard Time elapsed time: 7.413720 seconds (0d 0h 0m 7s)

---------------  T H R E A D  ---------------

Current thread (0x00000222e5f55c90):  JavaThread "C2 CompilerThread0" daemon [_thread_in_native, id=20348, stack(0x000000a3efc00000,0x000000a3efd00000) (1024K)]


Current CompileTask:
C2:7413 2789   !   4       java.net.URLClassLoader$1::run (81 bytes)

Stack: [0x000000a3efc00000,0x000000a3efd00000]
Native frames: (J=compiled Java code, j=interpreted, Vv=VM code, C=native code)
V  [jvm.dll+0x6d7a39]
V  [jvm.dll+0x8b4b26]
V  [jvm.dll+0x8b70de]
V  [jvm.dll+0x8b77c3]
V  [jvm.dll+0x284346]
V  [jvm.dll+0xc66ed]
V  [jvm.dll+0xc6c31]
V  [jvm.dll+0x3bec01]
V  [jvm.dll+0x1e3d62]
V  [jvm.dll+0x24c6b3]
V  [jvm.dll+0x24bb40]
V  [jvm.dll+0x1cb34e]
V  [jvm.dll+0x25b85d]
V  [jvm.dll+0x259dea]
V  [jvm.dll+0x3f857e]
V  [jvm.dll+0x85f59d]
V  [jvm.dll+0x6d626d]
C  [ucrtbase.dll+0x37b0]
C  [KERNEL32.DLL+0x2e957]
C  [ntdll.dll+0x427c]


---------------  P R O C E S S  ---------------

Threads class SMR info:
_java_thread_list=0x00000222ecb7a830, length=24, elements={
0x00000222ced0ffa0, 0x00000222e5f49270, 0x00000222e5f4bce0, 0x00000222e5f4c740,
0x00000222e5f4d1a0, 0x00000222e5f4dc00, 0x00000222e5f52ef0, 0x00000222e5f55c90,
0x00000222e5f5e740, 0x00000222e6658a40, 0x00000222e675bab0, 0x00000222ec6c7070,
0x00000222ec68da40, 0x00000222ec7f0f50, 0x00000222ec882f20, 0x00000222ec902400,
0x00000222ec8ffb00, 0x00000222ec904810, 0x00000222ec904180, 0x00000222ec906250,
0x00000222ec905530, 0x00000222ec905bc0, 0x00000222ec902dd0, 0x00000222ec903460
}

Java Threads: ( => current thread )
  0x00000222ced0ffa0 JavaThread "main"                              [_thread_blocked, id=14468, stack(0x000000a3eee00000,0x000000a3eef00000) (1024K)]
  0x00000222e5f49270 JavaThread "Reference Handler"          daemon [_thread_blocked, id=14092, stack(0x000000a3ef600000,0x000000a3ef700000) (1024K)]
  0x00000222e5f4bce0 JavaThread "Finalizer"                  daemon [_thread_blocked, id=19960, stack(0x000000a3ef700000,0x000000a3ef800000) (1024K)]
  0x00000222e5f4c740 JavaThread "Signal Dispatcher"          daemon [_thread_blocked, id=20124, stack(0x000000a3ef800000,0x000000a3ef900000) (1024K)]
  0x00000222e5f4d1a0 JavaThread "Attach Listener"            daemon [_thread_blocked, id=17560, stack(0x000000a3ef900000,0x000000a3efa00000) (1024K)]
  0x00000222e5f4dc00 JavaThread "Service Thread"             daemon [_thread_blocked, id=31576, stack(0x000000a3efa00000,0x000000a3efb00000) (1024K)]
  0x00000222e5f52ef0 JavaThread "Monitor Deflation Thread"   daemon [_thread_blocked, id=2364, stack(0x000000a3efb00000,0x000000a3efc00000) (1024K)]
=>0x00000222e5f55c90 JavaThread "C2 CompilerThread0"         daemon [_thread_in_native, id=20348, stack(0x000000a3efc00000,0x000000a3efd00000) (1024K)]
  0x00000222e5f5e740 JavaThread "C1 CompilerThread0"         daemon [_thread_blocked, id=31040, stack(0x000000a3efd00000,0x000000a3efe00000) (1024K)]
  0x00000222e6658a40 JavaThread "Common-Cleaner"             daemon [_thread_blocked, id=26224, stack(0x000000a3efe00000,0x000000a3eff00000) (1024K)]
  0x00000222e675bab0 JavaThread "Notification Thread"        daemon [_thread_blocked, id=14840, stack(0x000000a3eff00000,0x000000a3f0000000) (1024K)]
  0x00000222ec6c7070 JavaThread "Daemon health stats"               [_thread_blocked, id=17532, stack(0x000000a3f0400000,0x000000a3f0500000) (1024K)]
  0x00000222ec68da40 JavaThread "Incoming local TCP Connector on port 56781"        [_thread_in_native, id=18976, stack(0x000000a3f0500000,0x000000a3f0600000) (1024K)]
  0x00000222ec7f0f50 JavaThread "Daemon periodic checks"            [_thread_blocked, id=28816, stack(0x000000a3f0600000,0x000000a3f0700000) (1024K)]
  0x00000222ec882f20 JavaThread "Daemon"                            [_thread_blocked, id=27692, stack(0x000000a3f0700000,0x000000a3f0800000) (1024K)]
  0x00000222ec902400 JavaThread "Handler for socket connection from /127.0.0.1:56781 to /127.0.0.1:56782"        [_thread_in_native, id=25784, stack(0x000000a3f0800000,0x000000a3f0900000) (1024K)]
  0x00000222ec8ffb00 JavaThread "Cancel handler"                    [_thread_blocked, id=18768, stack(0x000000a3f0900000,0x000000a3f0a00000) (1024K)]
  0x00000222ec904810 JavaThread "Daemon worker"                     [_thread_in_vm, id=11392, stack(0x000000a3f0a00000,0x000000a3f0b00000) (1024K)]
  0x00000222ec904180 JavaThread "Asynchronous log dispatcher for DefaultDaemonConnection: socket connection from /127.0.0.1:56781 to /127.0.0.1:56782"        [_thread_blocked, id=20684, stack(0x000000a3f0b00000,0x000000a3f0c00000) (1024K)]
  0x00000222ec906250 JavaThread "Stdin handler"                     [_thread_blocked, id=26348, stack(0x000000a3f0c00000,0x000000a3f0d00000) (1024K)]
  0x00000222ec905530 JavaThread "Daemon client event forwarder"        [_thread_blocked, id=23836, stack(0x000000a3f0d00000,0x000000a3f0e00000) (1024K)]
  0x00000222ec905bc0 JavaThread "Cache worker for journal cache (C:\Users\vsing\.gradle\caches\journal-1)"        [_thread_blocked, id=22392, stack(0x000000a3f1100000,0x000000a3f1200000) (1024K)]
  0x00000222ec902dd0 JavaThread "File lock request listener"        [_thread_in_native, id=30012, stack(0x000000a3f1200000,0x000000a3f1300000) (1024K)]
  0x00000222ec903460 JavaThread "Cache worker for file hash cache (C:\Users\vsing\.gradle\caches\8.9\fileHashes)"        [_thread_blocked, id=19196, stack(0x000000a3f1300000,0x000000a3f1400000) (1024K)]
Total: 24

Other Threads:
  0x00000222e5f27750 VMThread "VM Thread"                           [id=11068, stack(0x000000a3ef500000,0x000000a3ef600000) (1024K)]
  0x00000222e5f191d0 WatcherThread "VM Periodic Task Thread"        [id=27584, stack(0x000000a3ef400000,0x000000a3ef500000) (1024K)]
  0x00000222ced68780 WorkerThread "GC Thread#0"                     [id=29604, stack(0x000000a3eef00000,0x000000a3ef000000) (1024K)]
  0x00000222e67e9100 WorkerThread "GC Thread#1"                     [id=27652, stack(0x000000a3f0000000,0x000000a3f0100000) (1024K)]
  0x00000222eb1a1f40 WorkerThread "GC Thread#2"                     [id=15104, stack(0x000000a3f0100000,0x000000a3f0200000) (1024K)]
  0x00000222eb8dcac0 WorkerThread "GC Thread#3"                     [id=11676, stack(0x000000a3f0200000,0x000000a3f0300000) (1024K)]
  0x00000222eb8dce70 WorkerThread "GC Thread#4"                     [id=28900, stack(0x000000a3f0300000,0x000000a3f0400000) (1024K)]
  0x00000222eca7f300 WorkerThread "GC Thread#5"                     [id=13380, stack(0x000000a3f0e00000,0x000000a3f0f00000) (1024K)]
  0x00000222eca7f6b0 WorkerThread "GC Thread#6"                     [id=15192, stack(0x000000a3f0f00000,0x000000a3f1000000) (1024K)]
  0x00000222ec866df0 WorkerThread "GC Thread#7"                     [id=3092, stack(0x000000a3f1000000,0x000000a3f1100000) (1024K)]
  0x00000222ced7aea0 ConcurrentGCThread "G1 Main Marker"            [id=19700, stack(0x000000a3ef000000,0x000000a3ef100000) (1024K)]
  0x00000222ced7c8d0 WorkerThread "G1 Conc#0"                       [id=27680, stack(0x000000a3ef100000,0x000000a3ef200000) (1024K)]
  0x00000222e5dee620 ConcurrentGCThread "G1 Refine#0"               [id=5688, stack(0x000000a3ef200000,0x000000a3ef300000) (1024K)]
  0x00000222e5deef50 ConcurrentGCThread "G1 Service"                [id=11040, stack(0x000000a3ef300000,0x000000a3ef400000) (1024K)]
Total: 14

Threads with active compile tasks:
C2 CompilerThread0  7476 2789   !   4       java.net.URLClassLoader$1::run (81 bytes)
Total: 1

VM state: not at safepoint (normal execution)

VM Mutex/Monitor currently owned by a thread:  ([mutex/lock_event])
[0x00007ff9a086c4e0] Metaspace_lock - owner thread: 0x00000222ec904810

Heap address: 0x0000000080000000, size: 2048 MB, Compressed Oops mode: 32-bit

CDS archive(s) mapped at: [0x0000022280000000-0x0000022280ba0000-0x0000022280ba0000), size 12189696, SharedBaseAddress: 0x0000022280000000, ArchiveRelocationMode: 1.
Compressed class space mapped at: 0x0000022281000000-0x000002229b000000, reserved size: 436207616
Narrow klass base: 0x0000022280000000, Narrow klass shift: 0, Narrow klass range: 0x100000000

GC Precious Log:
 CardTable entry size: 512
 Card Set container configuration: InlinePtr #cards 5 size 8 Array Of Cards #cards 12 size 40 Howl #buckets 4 coarsen threshold 1843 Howl Bitmap #cards 512 size 80 coarsen threshold 460 Card regions per heap region 1 cards per card region 2048
 CPUs: 8 total, 8 available
 Memory: 7834M
 Large Page Support: Disabled
 NUMA Support: Disabled
 Compressed Oops: Enabled (32-bit)
 Heap Region Size: 1M
 Heap Min Capacity: 8M
 Heap Initial Capacity: 124M
 Heap Max Capacity: 2G
 Pre-touch: Disabled
 Parallel Workers: 8
 Concurrent Workers: 2
 Concurrent Refinement Workers: 8
 Periodic GC: Disabled

Heap:
 garbage-first heap   total 126976K, used 71710K [0x0000000080000000, 0x0000000100000000)
  region size 1024K, 61 young (62464K), 10 survivors (10240K)
 Metaspace       used 20404K, committed 21056K, reserved 491520K
  class space    used 3007K, committed 3328K, reserved 425984K

Heap Regions: E=young(eden), S=young(survivor), O=old, HS=humongous(starts), HC=humongous(continues), CS=collection set, F=free, TAMS=top-at-mark-start, PB=parsable bottom
|   0|0x0000000080000000, 0x0000000080100000, 0x0000000080100000|100%|HS|  |TAMS 0x0000000080000000| PB 0x0000000080000000| Complete 
|   1|0x0000000080100000, 0x0000000080200000, 0x0000000080200000|100%|HC|  |TAMS 0x0000000080100000| PB 0x0000000080100000| Complete 
|   2|0x0000000080200000, 0x0000000080300000, 0x0000000080300000|100%|HC|  |TAMS 0x0000000080200000| PB 0x0000000080200000| Complete 
|   3|0x0000000080300000, 0x0000000080400000, 0x0000000080400000|100%|HC|  |TAMS 0x0000000080300000| PB 0x0000000080300000| Complete 
|   4|0x0000000080400000, 0x0000000080500000, 0x0000000080500000|100%| O|  |TAMS 0x0000000080400000| PB 0x0000000080400000| Untracked 
|   5|0x0000000080500000, 0x0000000080600000, 0x0000000080600000|100%| O|  |TAMS 0x0000000080500000| PB 0x0000000080500000| Untracked 
|   6|0x0000000080600000, 0x0000000080700000, 0x0000000080700000|100%| O|  |TAMS 0x0000000080600000| PB 0x0000000080600000| Untracked 
|   7|0x0000000080700000, 0x0000000080800000, 0x0000000080800000|100%| O|  |TAMS 0x0000000080700000| PB 0x0000000080700000| Untracked 
|   8|0x0000000080800000, 0x0000000080900000, 0x0000000080900000|100%| O|  |TAMS 0x0000000080800000| PB 0x0000000080800000| Untracked 
|   9|0x0000000080900000, 0x0000000080a00000, 0x0000000080a00000|100%| O|  |TAMS 0x0000000080900000| PB 0x0000000080900000| Untracked 
|  10|0x0000000080a00000, 0x0000000080a58450, 0x0000000080b00000| 34%| O|  |TAMS 0x0000000080a00000| PB 0x0000000080a00000| Untracked 
|  11|0x0000000080b00000, 0x0000000080c00000, 0x0000000080c00000|100%|HS|  |TAMS 0x0000000080b00000| PB 0x0000000080b00000| Complete 
|  12|0x0000000080c00000, 0x0000000080c00000, 0x0000000080d00000|  0%| F|  |TAMS 0x0000000080c00000| PB 0x0000000080c00000| Untracked 
|  13|0x0000000080d00000, 0x0000000080d00000, 0x0000000080e00000|  0%| F|  |TAMS 0x0000000080d00000| PB 0x0000000080d00000| Untracked 
|  14|0x0000000080e00000, 0x0000000080e00000, 0x0000000080f00000|  0%| F|  |TAMS 0x0000000080e00000| PB 0x0000000080e00000| Untracked 
|  15|0x0000000080f00000, 0x0000000080f00000, 0x0000000081000000|  0%| F|  |TAMS 0x0000000080f00000| PB 0x0000000080f00000| Untracked 
|  16|0x0000000081000000, 0x0000000081000000, 0x0000000081100000|  0%| F|  |TAMS 0x0000000081000000| PB 0x0000000081000000| Untracked 
|  17|0x0000000081100000, 0x0000000081100000, 0x0000000081200000|  0%| F|  |TAMS 0x0000000081100000| PB 0x0000000081100000| Untracked 
|  18|0x0000000081200000, 0x0000000081200000, 0x0000000081300000|  0%| F|  |TAMS 0x0000000081200000| PB 0x0000000081200000| Untracked 
|  19|0x0000000081300000, 0x0000000081300000, 0x0000000081400000|  0%| F|  |TAMS 0x0000000081300000| PB 0x0000000081300000| Untracked 
|  20|0x0000000081400000, 0x0000000081400000, 0x0000000081500000|  0%| F|  |TAMS 0x0000000081400000| PB 0x0000000081400000| Untracked 
|  21|0x0000000081500000, 0x0000000081500000, 0x0000000081600000|  0%| F|  |TAMS 0x0000000081500000| PB 0x0000000081500000| Untracked 
|  22|0x0000000081600000, 0x0000000081600000, 0x0000000081700000|  0%| F|  |TAMS 0x0000000081600000| PB 0x0000000081600000| Untracked 
|  23|0x0000000081700000, 0x0000000081700000, 0x0000000081800000|  0%| F|  |TAMS 0x0000000081700000| PB 0x0000000081700000| Untracked 
|  24|0x0000000081800000, 0x0000000081800000, 0x0000000081900000|  0%| F|  |TAMS 0x0000000081800000| PB 0x0000000081800000| Untracked 
|  25|0x0000000081900000, 0x0000000081900000, 0x0000000081a00000|  0%| F|  |TAMS 0x0000000081900000| PB 0x0000000081900000| Untracked 
|  26|0x0000000081a00000, 0x0000000081a00000, 0x0000000081b00000|  0%| F|  |TAMS 0x0000000081a00000| PB 0x0000000081a00000| Untracked 
|  27|0x0000000081b00000, 0x0000000081b00000, 0x0000000081c00000|  0%| F|  |TAMS 0x0000000081b00000| PB 0x0000000081b00000| Untracked 
|  28|0x0000000081c00000, 0x0000000081c00000, 0x0000000081d00000|  0%| F|  |TAMS 0x0000000081c00000| PB 0x0000000081c00000| Untracked 
|  29|0x0000000081d00000, 0x0000000081d00000, 0x0000000081e00000|  0%| F|  |TAMS 0x0000000081d00000| PB 0x0000000081d00000| Untracked 
|  30|0x0000000081e00000, 0x0000000081e00000, 0x0000000081f00000|  0%| F|  |TAMS 0x0000000081e00000| PB 0x0000000081e00000| Untracked 
|  31|0x0000000081f00000, 0x0000000081f00000, 0x0000000082000000|  0%| F|  |TAMS 0x0000000081f00000| PB 0x0000000081f00000| Untracked 
|  32|0x0000000082000000, 0x0000000082000000, 0x0000000082100000|  0%| F|  |TAMS 0x0000000082000000| PB 0x0000000082000000| Untracked 
|  33|0x0000000082100000, 0x0000000082100000, 0x0000000082200000|  0%| F|  |TAMS 0x0000000082100000| PB 0x0000000082100000| Untracked 
|  34|0x0000000082200000, 0x0000000082200000, 0x0000000082300000|  0%| F|  |TAMS 0x0000000082200000| PB 0x0000000082200000| Untracked 
|  35|0x0000000082300000, 0x0000000082300000, 0x0000000082400000|  0%| F|  |TAMS 0x0000000082300000| PB 0x0000000082300000| Untracked 
|  36|0x0000000082400000, 0x0000000082400000, 0x0000000082500000|  0%| F|  |TAMS 0x0000000082400000| PB 0x0000000082400000| Untracked 
|  37|0x0000000082500000, 0x0000000082500000, 0x0000000082600000|  0%| F|  |TAMS 0x0000000082500000| PB 0x0000000082500000| Untracked 
|  38|0x0000000082600000, 0x0000000082600000, 0x0000000082700000|  0%| F|  |TAMS 0x0000000082600000| PB 0x0000000082600000| Untracked 
|  39|0x0000000082700000, 0x0000000082700000, 0x0000000082800000|  0%| F|  |TAMS 0x0000000082700000| PB 0x0000000082700000| Untracked 
|  40|0x0000000082800000, 0x00000000828af5a0, 0x0000000082900000| 68%| S|CS|TAMS 0x0000000082800000| PB 0x0000000082800000| Complete 
|  41|0x0000000082900000, 0x0000000082a00000, 0x0000000082a00000|100%| S|CS|TAMS 0x0000000082900000| PB 0x0000000082900000| Complete 
|  42|0x0000000082a00000, 0x0000000082b00000, 0x0000000082b00000|100%| S|CS|TAMS 0x0000000082a00000| PB 0x0000000082a00000| Complete 
|  43|0x0000000082b00000, 0x0000000082c00000, 0x0000000082c00000|100%| S|CS|TAMS 0x0000000082b00000| PB 0x0000000082b00000| Complete 
|  44|0x0000000082c00000, 0x0000000082d00000, 0x0000000082d00000|100%| S|CS|TAMS 0x0000000082c00000| PB 0x0000000082c00000| Complete 
|  45|0x0000000082d00000, 0x0000000082e00000, 0x0000000082e00000|100%| S|CS|TAMS 0x0000000082d00000| PB 0x0000000082d00000| Complete 
|  46|0x0000000082e00000, 0x0000000082f00000, 0x0000000082f00000|100%| S|CS|TAMS 0x0000000082e00000| PB 0x0000000082e00000| Complete 
|  47|0x0000000082f00000, 0x0000000083000000, 0x0000000083000000|100%| S|CS|TAMS 0x0000000082f00000| PB 0x0000000082f00000| Complete 
|  48|0x0000000083000000, 0x0000000083100000, 0x0000000083100000|100%| S|CS|TAMS 0x0000000083000000| PB 0x0000000083000000| Complete 
|  49|0x0000000083100000, 0x0000000083200000, 0x0000000083200000|100%| S|CS|TAMS 0x0000000083100000| PB 0x0000000083100000| Complete 
|  50|0x0000000083200000, 0x0000000083200000, 0x0000000083300000|  0%| F|  |TAMS 0x0000000083200000| PB 0x0000000083200000| Untracked 
|  51|0x0000000083300000, 0x0000000083300000, 0x0000000083400000|  0%| F|  |TAMS 0x0000000083300000| PB 0x0000000083300000| Untracked 
|  52|0x0000000083400000, 0x0000000083400000, 0x0000000083500000|  0%| F|  |TAMS 0x0000000083400000| PB 0x0000000083400000| Untracked 
|  53|0x0000000083500000, 0x0000000083500000, 0x0000000083600000|  0%| F|  |TAMS 0x0000000083500000| PB 0x0000000083500000| Untracked 
|  54|0x0000000083600000, 0x0000000083600000, 0x0000000083700000|  0%| F|  |TAMS 0x0000000083600000| PB 0x0000000083600000| Untracked 
|  55|0x0000000083700000, 0x0000000083700000, 0x0000000083800000|  0%| F|  |TAMS 0x0000000083700000| PB 0x0000000083700000| Untracked 
|  56|0x0000000083800000, 0x0000000083800000, 0x0000000083900000|  0%| F|  |TAMS 0x0000000083800000| PB 0x0000000083800000| Untracked 
|  57|0x0000000083900000, 0x0000000083900000, 0x0000000083a00000|  0%| F|  |TAMS 0x0000000083900000| PB 0x0000000083900000| Untracked 
|  58|0x0000000083a00000, 0x0000000083a00000, 0x0000000083b00000|  0%| F|  |TAMS 0x0000000083a00000| PB 0x0000000083a00000| Untracked 
|  59|0x0000000083b00000, 0x0000000083b00000, 0x0000000083c00000|  0%| F|  |TAMS 0x0000000083b00000| PB 0x0000000083b00000| Untracked 
|  60|0x0000000083c00000, 0x0000000083c00000, 0x0000000083d00000|  0%| F|  |TAMS 0x0000000083c00000| PB 0x0000000083c00000| Untracked 
|  61|0x0000000083d00000, 0x0000000083d00000, 0x0000000083e00000|  0%| F|  |TAMS 0x0000000083d00000| PB 0x0000000083d00000| Untracked 
|  62|0x0000000083e00000, 0x0000000083e00000, 0x0000000083f00000|  0%| F|  |TAMS 0x0000000083e00000| PB 0x0000000083e00000| Untracked 
|  63|0x0000000083f00000, 0x0000000083f00000, 0x0000000084000000|  0%| F|  |TAMS 0x0000000083f00000| PB 0x0000000083f00000| Untracked 
|  64|0x0000000084000000, 0x0000000084000000, 0x0000000084100000|  0%| F|  |TAMS 0x0000000084000000| PB 0x0000000084000000| Untracked 
|  65|0x0000000084100000, 0x0000000084100000, 0x0000000084200000|  0%| F|  |TAMS 0x0000000084100000| PB 0x0000000084100000| Untracked 
|  66|0x0000000084200000, 0x0000000084200000, 0x0000000084300000|  0%| F|  |TAMS 0x0000000084200000| PB 0x0000000084200000| Untracked 
|  67|0x0000000084300000, 0x0000000084300000, 0x0000000084400000|  0%| F|  |TAMS 0x0000000084300000| PB 0x0000000084300000| Untracked 
|  68|0x0000000084400000, 0x0000000084400000, 0x0000000084500000|  0%| F|  |TAMS 0x0000000084400000| PB 0x0000000084400000| Untracked 
|  69|0x0000000084500000, 0x0000000084500000, 0x0000000084600000|  0%| F|  |TAMS 0x0000000084500000| PB 0x0000000084500000| Untracked 
|  70|0x0000000084600000, 0x0000000084600000, 0x0000000084700000|  0%| F|  |TAMS 0x0000000084600000| PB 0x0000000084600000| Untracked 
|  71|0x0000000084700000, 0x0000000084700000, 0x0000000084800000|  0%| F|  |TAMS 0x0000000084700000| PB 0x0000000084700000| Untracked 
|  72|0x0000000084800000, 0x0000000084800000, 0x0000000084900000|  0%| F|  |TAMS 0x0000000084800000| PB 0x0000000084800000| Untracked 
|  73|0x0000000084900000, 0x0000000084a00000, 0x0000000084a00000|100%| E|  |TAMS 0x0000000084900000| PB 0x0000000084900000| Complete 
|  74|0x0000000084a00000, 0x0000000084b00000, 0x0000000084b00000|100%| E|CS|TAMS 0x0000000084a00000| PB 0x0000000084a00000| Complete 
|  75|0x0000000084b00000, 0x0000000084c00000, 0x0000000084c00000|100%| E|CS|TAMS 0x0000000084b00000| PB 0x0000000084b00000| Complete 
|  76|0x0000000084c00000, 0x0000000084d00000, 0x0000000084d00000|100%| E|CS|TAMS 0x0000000084c00000| PB 0x0000000084c00000| Complete 
|  77|0x0000000084d00000, 0x0000000084e00000, 0x0000000084e00000|100%| E|CS|TAMS 0x0000000084d00000| PB 0x0000000084d00000| Complete 
|  78|0x0000000084e00000, 0x0000000084f00000, 0x0000000084f00000|100%| E|CS|TAMS 0x0000000084e00000| PB 0x0000000084e00000| Complete 
|  79|0x0000000084f00000, 0x0000000085000000, 0x0000000085000000|100%| E|CS|TAMS 0x0000000084f00000| PB 0x0000000084f00000| Complete 
|  80|0x0000000085000000, 0x0000000085100000, 0x0000000085100000|100%| E|  |TAMS 0x0000000085000000| PB 0x0000000085000000| Complete 
|  81|0x0000000085100000, 0x0000000085200000, 0x0000000085200000|100%| E|CS|TAMS 0x0000000085100000| PB 0x0000000085100000| Complete 
|  82|0x0000000085200000, 0x0000000085300000, 0x0000000085300000|100%| E|CS|TAMS 0x0000000085200000| PB 0x0000000085200000| Complete 
|  83|0x0000000085300000, 0x0000000085400000, 0x0000000085400000|100%| E|CS|TAMS 0x0000000085300000| PB 0x0000000085300000| Complete 
|  84|0x0000000085400000, 0x0000000085500000, 0x0000000085500000|100%| E|CS|TAMS 0x0000000085400000| PB 0x0000000085400000| Complete 
|  85|0x0000000085500000, 0x0000000085600000, 0x0000000085600000|100%| E|CS|TAMS 0x0000000085500000| PB 0x0000000085500000| Complete 
|  86|0x0000000085600000, 0x0000000085700000, 0x0000000085700000|100%| E|CS|TAMS 0x0000000085600000| PB 0x0000000085600000| Complete 
|  87|0x0000000085700000, 0x0000000085800000, 0x0000000085800000|100%| E|CS|TAMS 0x0000000085700000| PB 0x0000000085700000| Complete 
|  88|0x0000000085800000, 0x0000000085900000, 0x0000000085900000|100%| E|CS|TAMS 0x0000000085800000| PB 0x0000000085800000| Complete 
|  89|0x0000000085900000, 0x0000000085a00000, 0x0000000085a00000|100%| E|CS|TAMS 0x0000000085900000| PB 0x0000000085900000| Complete 
|  90|0x0000000085a00000, 0x0000000085b00000, 0x0000000085b00000|100%| E|CS|TAMS 0x0000000085a00000| PB 0x0000000085a00000| Complete 
|  91|0x0000000085b00000, 0x0000000085c00000, 0x0000000085c00000|100%| E|CS|TAMS 0x0000000085b00000| PB 0x0000000085b00000| Complete 
|  92|0x0000000085c00000, 0x0000000085d00000, 0x0000000085d00000|100%| E|CS|TAMS 0x0000000085c00000| PB 0x0000000085c00000| Complete 
|  93|0x0000000085d00000, 0x0000000085e00000, 0x0000000085e00000|100%| E|CS|TAMS 0x0000000085d00000| PB 0x0000000085d00000| Complete 
|  94|0x0000000085e00000, 0x0000000085f00000, 0x0000000085f00000|100%| E|CS|TAMS 0x0000000085e00000| PB 0x0000000085e00000| Complete 
|  95|0x0000000085f00000, 0x0000000086000000, 0x0000000086000000|100%| E|CS|TAMS 0x0000000085f00000| PB 0x0000000085f00000| Complete 
|  96|0x0000000086000000, 0x0000000086100000, 0x0000000086100000|100%| E|CS|TAMS 0x0000000086000000| PB 0x0000000086000000| Complete 
|  97|0x0000000086100000, 0x0000000086200000, 0x0000000086200000|100%| E|CS|TAMS 0x0000000086100000| PB 0x0000000086100000| Complete 
|  98|0x0000000086200000, 0x0000000086300000, 0x0000000086300000|100%| E|CS|TAMS 0x0000000086200000| PB 0x0000000086200000| Complete 
|  99|0x0000000086300000, 0x0000000086400000, 0x0000000086400000|100%| E|CS|TAMS 0x0000000086300000| PB 0x0000000086300000| Complete 
| 100|0x0000000086400000, 0x0000000086500000, 0x0000000086500000|100%| E|CS|TAMS 0x0000000086400000| PB 0x0000000086400000| Complete 
| 101|0x0000000086500000, 0x0000000086600000, 0x0000000086600000|100%| E|CS|TAMS 0x0000000086500000| PB 0x0000000086500000| Complete 
| 102|0x0000000086600000, 0x0000000086700000, 0x0000000086700000|100%| E|CS|TAMS 0x0000000086600000| PB 0x0000000086600000| Complete 
| 103|0x0000000086700000, 0x0000000086800000, 0x0000000086800000|100%| E|CS|TAMS 0x0000000086700000| PB 0x0000000086700000| Complete 
| 104|0x0000000086800000, 0x0000000086900000, 0x0000000086900000|100%| E|CS|TAMS 0x0000000086800000| PB 0x0000000086800000| Complete 
| 105|0x0000000086900000, 0x0000000086a00000, 0x0000000086a00000|100%| E|CS|TAMS 0x0000000086900000| PB 0x0000000086900000| Complete 
| 106|0x0000000086a00000, 0x0000000086b00000, 0x0000000086b00000|100%| E|CS|TAMS 0x0000000086a00000| PB 0x0000000086a00000| Complete 
| 107|0x0000000086b00000, 0x0000000086c00000, 0x0000000086c00000|100%| E|CS|TAMS 0x0000000086b00000| PB 0x0000000086b00000| Complete 
| 108|0x0000000086c00000, 0x0000000086d00000, 0x0000000086d00000|100%| E|CS|TAMS 0x0000000086c00000| PB 0x0000000086c00000| Complete 
| 109|0x0000000086d00000, 0x0000000086e00000, 0x0000000086e00000|100%| E|CS|TAMS 0x0000000086d00000| PB 0x0000000086d00000| Complete 
| 110|0x0000000086e00000, 0x0000000086f00000, 0x0000000086f00000|100%| E|CS|TAMS 0x0000000086e00000| PB 0x0000000086e00000| Complete 
| 111|0x0000000086f00000, 0x0000000087000000, 0x0000000087000000|100%| E|CS|TAMS 0x0000000086f00000| PB 0x0000000086f00000| Complete 
| 112|0x0000000087000000, 0x0000000087100000, 0x0000000087100000|100%| E|CS|TAMS 0x0000000087000000| PB 0x0000000087000000| Complete 
| 113|0x0000000087100000, 0x0000000087200000, 0x0000000087200000|100%| E|CS|TAMS 0x0000000087100000| PB 0x0000000087100000| Complete 
| 114|0x0000000087200000, 0x0000000087300000, 0x0000000087300000|100%| E|CS|TAMS 0x0000000087200000| PB 0x0000000087200000| Complete 
| 115|0x0000000087300000, 0x0000000087400000, 0x0000000087400000|100%| E|CS|TAMS 0x0000000087300000| PB 0x0000000087300000| Complete 
| 116|0x0000000087400000, 0x0000000087500000, 0x0000000087500000|100%| E|CS|TAMS 0x0000000087400000| PB 0x0000000087400000| Complete 
| 117|0x0000000087500000, 0x0000000087600000, 0x0000000087600000|100%| E|CS|TAMS 0x0000000087500000| PB 0x0000000087500000| Complete 
| 118|0x0000000087600000, 0x0000000087700000, 0x0000000087700000|100%| E|CS|TAMS 0x0000000087600000| PB 0x0000000087600000| Complete 
| 119|0x0000000087700000, 0x0000000087800000, 0x0000000087800000|100%| E|CS|TAMS 0x0000000087700000| PB 0x0000000087700000| Complete 
| 120|0x0000000087800000, 0x0000000087900000, 0x0000000087900000|100%| E|CS|TAMS 0x0000000087800000| PB 0x0000000087800000| Complete 
| 121|0x0000000087900000, 0x0000000087a00000, 0x0000000087a00000|100%| E|CS|TAMS 0x0000000087900000| PB 0x0000000087900000| Complete 
| 122|0x0000000087a00000, 0x0000000087b00000, 0x0000000087b00000|100%| E|CS|TAMS 0x0000000087a00000| PB 0x0000000087a00000| Complete 
| 123|0x0000000087b00000, 0x0000000087c00000, 0x0000000087c00000|100%| E|CS|TAMS 0x0000000087b00000| PB 0x0000000087b00000| Complete 

Card table byte_map: [0x00000222e1640000,0x00000222e1a40000] _byte_map_base: 0x00000222e1240000

Marking Bits: (CMBitMap*) 0x00000222ced6a5c0
 Bits: [0x00000222e1a40000, 0x00000222e3a40000)

Polling page: 0x00000222ccbd0000

Metaspace:

Usage:
  Non-class:     16.99 MB used.
      Class:      2.94 MB used.
       Both:     19.93 MB used.

Virtual space:
  Non-class space:       64.00 MB reserved,      17.31 MB ( 27%) committed,  1 nodes.
      Class space:      416.00 MB reserved,       3.25 MB ( <1%) committed,  1 nodes.
             Both:      480.00 MB reserved,      20.56 MB (  4%) committed. 

Chunk freelists:
   Non-Class:  14.67 MB
       Class:  12.80 MB
        Both:  27.47 MB

MaxMetaspaceSize: 512.00 MB
CompressedClassSpaceSize: 416.00 MB
Initial GC threshold: 21.00 MB
Current GC threshold: 21.00 MB
CDS: on
 - commit_granule_bytes: 65536.
 - commit_granule_words: 8192.
 - virtual_space_node_default_size: 8388608.
 - enlarge_chunks_in_place: 1.
 - use_allocation_guard: 0.


Internal statistics:

num_allocs_failed_limit: 0.
num_arena_births: 956.
num_arena_deaths: 0.
num_vsnodes_births: 2.
num_vsnodes_deaths: 0.
num_space_committed: 329.
num_space_uncommitted: 0.
num_chunks_returned_to_freelist: 0.
num_chunks_taken_from_freelist: 1748.
num_chunk_merges: 0.
num_chunk_splits: 1147.
num_chunks_enlarged: 769.
num_inconsistent_stats: 0.

CodeHeap 'non-profiled nmethods': size=120000Kb used=1469Kb max_used=1469Kb free=118530Kb
 bounds [0x00000222d99e0000, 0x00000222d9c50000, 0x00000222e0f10000]
CodeHeap 'profiled nmethods': size=120000Kb used=6086Kb max_used=6086Kb free=113913Kb
 bounds [0x00000222d1f10000, 0x00000222d2510000, 0x00000222d9440000]
CodeHeap 'non-nmethods': size=5760Kb used=1553Kb max_used=1598Kb free=4206Kb
 bounds [0x00000222d9440000, 0x00000222d96b0000, 0x00000222d99e0000]
CodeCache: size=245760Kb, used=9108Kb, max_used=9153Kb, free=236649Kb
 total_blobs=3548, nmethods=2975, adapters=477, full_count=0
Compilation: enabled, stopped_count=0, restarted_count=0

Compilation events (20 events):
Event: 6.348 Thread 0x00000222e5f5e740 2971       3       sun.nio.fs.WindowsPath::getFileSystem (5 bytes)
Event: 6.348 Thread 0x00000222e5f5e740 nmethod 2971 0x00000222d24f2610 code [0x00000222d24f27a0, 0x00000222d24f2948]
Event: 6.363 Thread 0x00000222e5f5e740 2972       1       java.util.ImmutableCollections$List12::isEmpty (2 bytes)
Event: 6.363 Thread 0x00000222e5f5e740 nmethod 2972 0x00000222d9b4f190 code [0x00000222d9b4f320, 0x00000222d9b4f3e8]
Event: 6.364 Thread 0x00000222e5f5e740 2973       3       java.lang.invoke.LambdaFormEditor::makeArgumentCombinationForm (508 bytes)
Event: 6.367 Thread 0x00000222e5f5e740 nmethod 2973 0x00000222d24f2a10 code [0x00000222d24f2e40, 0x00000222d24f4ca8]
Event: 6.377 Thread 0x00000222e5f5e740 2974       3       java.lang.invoke.MethodHandles$Lookup::getDirectMethod (18 bytes)
Event: 6.378 Thread 0x00000222e5f5e740 nmethod 2974 0x00000222d24f5d90 code [0x00000222d24f5f40, 0x00000222d24f6090]
Event: 6.393 Thread 0x00000222e5f5e740 2975       3       jdk.internal.reflect.Reflection::filter (165 bytes)
Event: 6.394 Thread 0x00000222e5f5e740 nmethod 2975 0x00000222d24f6190 code [0x00000222d24f6420, 0x00000222d24f7200]
Event: 6.396 Thread 0x00000222e5f5e740 2976       3       java.util.ArrayList::clear (43 bytes)
Event: 6.396 Thread 0x00000222e5f5e740 nmethod 2976 0x00000222d24f7610 code [0x00000222d24f77c0, 0x00000222d24f7b38]
Event: 6.400 Thread 0x00000222e5f5e740 2977       3       java.util.concurrent.locks.ReentrantLock$Sync::isHeldExclusively (16 bytes)
Event: 6.400 Thread 0x00000222e5f5e740 nmethod 2977 0x00000222d24f7c90 code [0x00000222d24f7e40, 0x00000222d24f7fd0]
Event: 6.785 Thread 0x00000222e5f5e740 2979       3       java.util.stream.ReferencePipeline::forEachWithCancel (23 bytes)
Event: 6.786 Thread 0x00000222e5f5e740 nmethod 2979 0x00000222d24f8090 code [0x00000222d24f8260, 0x00000222d24f8600]
Event: 6.786 Thread 0x00000222e5f5e740 2978       3       java.util.stream.AbstractPipeline::copyIntoWithCancel (46 bytes)
Event: 6.786 Thread 0x00000222e5f5e740 nmethod 2978 0x00000222d24f8790 code [0x00000222d24f8980, 0x00000222d24f8e78]
Event: 6.786 Thread 0x00000222e5f5e740 2980       3       java.util.stream.AbstractPipeline::<init> (55 bytes)
Event: 6.786 Thread 0x00000222e5f5e740 nmethod 2980 0x00000222d24f9010 code [0x00000222d24f91c0, 0x00000222d24f9498]

GC Heap History (6 events):
Event: 0.889 GC heap before
{Heap before GC invocations=0 (full 0):
 garbage-first heap   total 126976K, used 26624K [0x0000000080000000, 0x0000000100000000)
  region size 1024K, 23 young (23552K), 0 survivors (0K)
 Metaspace       used 1114K, committed 1216K, reserved 491520K
  class space    used 80K, committed 128K, reserved 425984K
}
Event: 0.895 GC heap after
{Heap after GC invocations=1 (full 0):
 garbage-first heap   total 126976K, used 10304K [0x0000000080000000, 0x0000000100000000)
  region size 1024K, 3 young (3072K), 3 survivors (3072K)
 Metaspace       used 1114K, committed 1216K, reserved 491520K
  class space    used 80K, committed 128K, reserved 425984K
}
Event: 1.694 GC heap before
{Heap before GC invocations=1 (full 0):
 garbage-first heap   total 126976K, used 41024K [0x0000000080000000, 0x0000000100000000)
  region size 1024K, 33 young (33792K), 3 survivors (3072K)
 Metaspace       used 4278K, committed 4480K, reserved 491520K
  class space    used 545K, committed 640K, reserved 425984K
}
Event: 1.700 GC heap after
{Heap after GC invocations=2 (full 0):
 garbage-first heap   total 126976K, used 12193K [0x0000000080000000, 0x0000000100000000)
  region size 1024K, 2 young (2048K), 2 survivors (2048K)
 Metaspace       used 4278K, committed 4480K, reserved 491520K
  class space    used 545K, committed 640K, reserved 425984K
}
Event: 4.156 GC heap before
{Heap before GC invocations=2 (full 0):
 garbage-first heap   total 126976K, used 87969K [0x0000000080000000, 0x0000000100000000)
  region size 1024K, 74 young (75776K), 2 survivors (2048K)
 Metaspace       used 12807K, committed 13184K, reserved 491520K
  class space    used 1742K, committed 1920K, reserved 425984K
}
Event: 4.169 GC heap after
{Heap after GC invocations=3 (full 0):
 garbage-first heap   total 126976K, used 21534K [0x0000000080000000, 0x0000000100000000)
  region size 1024K, 10 young (10240K), 10 survivors (10240K)
 Metaspace       used 12807K, committed 13184K, reserved 491520K
  class space    used 1742K, committed 1920K, reserved 425984K
}

Dll operation events (14 events):
Event: 0.025 Loaded shared library C:\Users\vsing\.vscode\extensions\redhat.java-1.54.0-win32-x64\jre\21.0.10-win32-x86_64\bin\java.dll
Event: 0.185 Loaded shared library C:\Users\vsing\.vscode\extensions\redhat.java-1.54.0-win32-x64\jre\21.0.10-win32-x86_64\bin\zip.dll
Event: 0.224 Loaded shared library C:\Users\vsing\.vscode\extensions\redhat.java-1.54.0-win32-x64\jre\21.0.10-win32-x86_64\bin\instrument.dll
Event: 0.237 Loaded shared library C:\Users\vsing\.vscode\extensions\redhat.java-1.54.0-win32-x64\jre\21.0.10-win32-x86_64\bin\net.dll
Event: 0.242 Loaded shared library C:\Users\vsing\.vscode\extensions\redhat.java-1.54.0-win32-x64\jre\21.0.10-win32-x86_64\bin\nio.dll
Event: 0.250 Loaded shared library C:\Users\vsing\.vscode\extensions\redhat.java-1.54.0-win32-x64\jre\21.0.10-win32-x86_64\bin\zip.dll
Event: 0.679 Loaded shared library C:\Users\vsing\.vscode\extensions\redhat.java-1.54.0-win32-x64\jre\21.0.10-win32-x86_64\bin\jimage.dll
Event: 0.905 Loaded shared library C:\Users\vsing\.vscode\extensions\redhat.java-1.54.0-win32-x64\jre\21.0.10-win32-x86_64\bin\verify.dll
Event: 1.077 Loaded shared library C:\Users\vsing\.gradle\native\c067742578af261105cb4f569cf0c3c89f3d7b1fecec35dd04571415982c5e48\windows-amd64\native-platform.dll
Event: 1.091 Loaded shared library C:\Users\vsing\.gradle\native\100fb08df4bc3b14c8652ba06237920a3bd2aa13389f12d3474272988ae205f9\windows-amd64\native-platform-file-events.dll
Event: 2.707 Loaded shared library C:\Users\vsing\.vscode\extensions\redhat.java-1.54.0-win32-x64\jre\21.0.10-win32-x86_64\bin\management.dll
Event: 2.716 Loaded shared library C:\Users\vsing\.vscode\extensions\redhat.java-1.54.0-win32-x64\jre\21.0.10-win32-x86_64\bin\management_ext.dll
Event: 3.190 Loaded shared library C:\Users\vsing\.vscode\extensions\redhat.java-1.54.0-win32-x64\jre\21.0.10-win32-x86_64\bin\extnet.dll
Event: 3.613 Loaded shared library C:\Users\vsing\.vscode\extensions\redhat.java-1.54.0-win32-x64\jre\21.0.10-win32-x86_64\bin\sunmscapi.dll

Deoptimization events (20 events):
Event: 4.835 Thread 0x00000222ec904810 DEOPT PACKING pc=0x00000222d9a743e8 sp=0x000000a3f0afb950
Event: 4.835 Thread 0x00000222ec904810 DEOPT UNPACKING pc=0x00000222d9497ba2 sp=0x000000a3f0afb920 mode 2
Event: 4.927 Thread 0x00000222ec904810 DEOPT PACKING pc=0x00000222d204006a sp=0x000000a3f0afbc70
Event: 4.927 Thread 0x00000222ec904810 DEOPT UNPACKING pc=0x00000222d94986e2 sp=0x000000a3f0afb0a8 mode 0
Event: 4.934 Thread 0x00000222ec904810 Uncommon trap: trap_request=0xffffff45 fr.pc=0x00000222d9a0f194 relative=0x00000000000000f4
Event: 4.934 Thread 0x00000222ec904810 Uncommon trap: reason=unstable_if action=reinterpret pc=0x00000222d9a0f194 method=java.util.HashMap.hash(Ljava/lang/Object;)I @ 1 c2
Event: 4.934 Thread 0x00000222ec904810 DEOPT PACKING pc=0x00000222d9a0f194 sp=0x000000a3f0afc770
Event: 4.934 Thread 0x00000222ec904810 DEOPT UNPACKING pc=0x00000222d9497ba2 sp=0x000000a3f0afc6b0 mode 2
Event: 5.533 Thread 0x00000222ec904810 DEOPT PACKING pc=0x00000222d1ff3dd9 sp=0x000000a3f0afb320
Event: 5.533 Thread 0x00000222ec904810 DEOPT UNPACKING pc=0x00000222d94986e2 sp=0x000000a3f0afa7b8 mode 0
Event: 6.099 Thread 0x00000222ec904810 DEOPT PACKING pc=0x00000222d23493b9 sp=0x000000a3f0afafe0
Event: 6.100 Thread 0x00000222ec904810 DEOPT UNPACKING pc=0x00000222d94986e2 sp=0x000000a3f0afa4e0 mode 0
Event: 6.227 Thread 0x00000222ec904810 Uncommon trap: trap_request=0xffffffc6 fr.pc=0x00000222d9b3e6a4 relative=0x0000000000000ea4
Event: 6.227 Thread 0x00000222ec904810 Uncommon trap: reason=bimorphic_or_optimized_type_check action=maybe_recompile pc=0x00000222d9b3e6a4 method=java.util.HashMap.putVal(ILjava/lang/Object;Ljava/lang/Object;ZZ)Ljava/lang/Object; @ 91 c2
Event: 6.227 Thread 0x00000222ec904810 DEOPT PACKING pc=0x00000222d9b3e6a4 sp=0x000000a3f0afb760
Event: 6.227 Thread 0x00000222ec904810 DEOPT UNPACKING pc=0x00000222d9497ba2 sp=0x000000a3f0afb700 mode 2
Event: 6.227 Thread 0x00000222ec904810 Uncommon trap: trap_request=0xffffffc6 fr.pc=0x00000222d9b3e6a4 relative=0x0000000000000ea4
Event: 6.227 Thread 0x00000222ec904810 Uncommon trap: reason=bimorphic_or_optimized_type_check action=maybe_recompile pc=0x00000222d9b3e6a4 method=java.util.HashMap.putVal(ILjava/lang/Object;Ljava/lang/Object;ZZ)Ljava/lang/Object; @ 91 c2
Event: 6.227 Thread 0x00000222ec904810 DEOPT PACKING pc=0x00000222d9b3e6a4 sp=0x000000a3f0afb760
Event: 6.227 Thread 0x00000222ec904810 DEOPT UNPACKING pc=0x00000222d9497ba2 sp=0x000000a3f0afb700 mode 2

Classes loaded (20 events):
Event: 5.563 Loading class java/io/ObjectInputStream
Event: 5.564 Loading class java/io/ObjectInput
Event: 5.564 Loading class java/io/ObjectInput done
Event: 5.564 Loading class java/io/ObjectStreamConstants
Event: 5.564 Loading class java/io/ObjectStreamConstants done
Event: 5.564 Loading class java/io/ObjectInputStream done
Event: 5.574 Loading class java/io/ObjectOutputStream
Event: 5.575 Loading class java/io/ObjectOutput
Event: 5.575 Loading class java/io/ObjectOutput done
Event: 5.575 Loading class java/io/ObjectOutputStream done
Event: 6.080 Loading class javax/xml/parsers/ParserConfigurationException
Event: 6.082 Loading class javax/xml/parsers/ParserConfigurationException done
Event: 6.082 Loading class org/xml/sax/SAXException
Event: 6.083 Loading class org/xml/sax/SAXException done
Event: 6.083 Loading class javax/xml/xpath/XPathExpressionException
Event: 6.083 Loading class javax/xml/xpath/XPathException
Event: 6.084 Loading class javax/xml/xpath/XPathException done
Event: 6.084 Loading class javax/xml/xpath/XPathExpressionException done
Event: 6.084 Loading class org/xml/sax/ErrorHandler
Event: 6.084 Loading class org/xml/sax/ErrorHandler done

Classes unloaded (0 events):
No events

Classes redefined (0 events):
No events

Internal exceptions (20 events):
Event: 5.093 Thread 0x00000222ec904810 Exception <a 'java/lang/NoSuchMethodError'{0x00000000867272f8}: 'java.lang.Object java.lang.invoke.DirectMethodHandle$Holder.invokeStatic(java.lang.Object, java.lang.Object, java.lang.Object, java.lang.Object, java.lang.Object, java.lang.Object, java.lang.Object, java.lang.Object, java.lang.Object, java.lang.Object, java.lang.Object, java.lang.Object, java.lang.Object, java.lang.Object, java.lang.Object, java.lang.Object, java.lang.Object)'> (0x00000000867272f8) 
thrown [s\src\hotspot\share\interpreter\lin
Event: 5.095 Thread 0x00000222ec904810 Exception <a 'java/lang/NoSuchMethodError'{0x00000000867502d0}: 'java.lang.Object java.lang.invoke.DirectMethodHandle$Holder.invokeStatic(java.lang.Object, java.lang.Object, java.lang.Object, java.lang.Object, java.lang.Object, java.lang.Object, java.lang.Object, java.lang.Object, java.lang.Object, java.lang.Object, java.lang.Object, java.lang.Object, java.lang.Object, java.lang.Object, java.lang.Object, java.lang.Object, java.lang.Object, java.lang.Object)'> (0x00000000867502d0) 
thrown [s\src\hotspot\sha
Event: 5.098 Thread 0x00000222ec904810 Exception <a 'java/lang/NoSuchMethodError'{0x000000008677a360}: 'java.lang.Object java.lang.invoke.DirectMethodHandle$Holder.invokeStatic(java.lang.Object, java.lang.Object, java.lang.Object, java.lang.Object, java.lang.Object, java.lang.Object, java.lang.Object, java.lang.Object, java.lang.Object, java.lang.Object, java.lang.Object, java.lang.Object, java.lang.Object, java.lang.Object, java.lang.Object, java.lang.Object, java.lang.Object, java.lang.Object, java.lang.Object)'> (0x000000008677a360) 
thrown 
Event: 5.100 Thread 0x00000222ec904810 Exception <a 'java/lang/NoSuchMethodError'{0x00000000867a6660}: 'java.lang.Object java.lang.invoke.DirectMethodHandle$Holder.invokeStatic(java.lang.Object, java.lang.Object, java.lang.Object, java.lang.Object, java.lang.Object, java.lang.Object, java.lang.Object, java.lang.Object, java.lang.Object, java.lang.Object, java.lang.Object, java.lang.Object, java.lang.Object, java.lang.Object, java.lang.Object, java.lang.Object, java.lang.Object, java.lang.Object, java.lang.Object, java.lang.Object)'> (0x00000000
Event: 5.102 Thread 0x00000222ec904810 Exception <a 'java/lang/NoSuchMethodError'{0x00000000867d2d98}: 'java.lang.Object java.lang.invoke.DirectMethodHandle$Holder.invokeStatic(java.lang.Object, java.lang.Object, java.lang.Object, java.lang.Object, java.lang.Object, java.lang.Object, java.lang.Object, java.lang.Object, java.lang.Object, java.lang.Object, java.lang.Object, java.lang.Object, java.lang.Object, java.lang.Object, java.lang.Object, java.lang.Object, java.lang.Object, java.lang.Object, java.lang.Object, java.lang.Object, java.lang.Obj
Event: 5.105 Thread 0x00000222ec904810 Exception <a 'java/lang/NoSuchMethodError'{0x0000000086600ab8}: 'java.lang.Object java.lang.invoke.DirectMethodHandle$Holder.invokeStatic(java.lang.Object, java.lang.Object, java.lang.Object, java.lang.Object, java.lang.Object, java.lang.Object, java.lang.Object, java.lang.Object, java.lang.Object, java.lang.Object, java.lang.Object, java.lang.Object, java.lang.Object, java.lang.Object, java.lang.Object, java.lang.Object, java.lang.Object, java.lang.Object, java.lang.Object, java.lang.Object, java.lang.Obj
Event: 5.108 Thread 0x00000222ec904810 Exception <a 'java/lang/NoSuchMethodError'{0x000000008662ed78}: 'java.lang.Object java.lang.invoke.DirectMethodHandle$Holder.invokeStatic(java.lang.Object, java.lang.Object, java.lang.Object, java.lang.Object, java.lang.Object, java.lang.Object, java.lang.Object, java.lang.Object, java.lang.Object, java.lang.Object, java.lang.Object, java.lang.Object, java.lang.Object, java.lang.Object, java.lang.Object, java.lang.Object, java.lang.Object, java.lang.Object, java.lang.Object, java.lang.Object, java.lang.Obj
Event: 5.111 Thread 0x00000222ec904810 Exception <a 'java/lang/NoSuchMethodError'{0x000000008665e1f8}: 'java.lang.Object java.lang.invoke.DirectMethodHandle$Holder.invokeStatic(java.lang.Object, java.lang.Object, java.lang.Object, java.lang.Object, java.lang.Object, java.lang.Object, java.lang.Object, java.lang.Object, java.lang.Object, java.lang.Object, java.lang.Object, java.lang.Object, java.lang.Object, java.lang.Object, java.lang.Object, java.lang.Object, java.lang.Object, java.lang.Object, java.lang.Object, java.lang.Object, java.lang.Obj
Event: 5.113 Thread 0x00000222ec904810 Exception <a 'java/lang/NoSuchMethodError'{0x000000008668e010}: 'java.lang.Object java.lang.invoke.DirectMethodHandle$Holder.invokeStatic(java.lang.Object, java.lang.Object, java.lang.Object, java.lang.Object, java.lang.Object, java.lang.Object, java.lang.Object, java.lang.Object, java.lang.Object, java.lang.Object, java.lang.Object, java.lang.Object, java.lang.Object, java.lang.Object, java.lang.Object, java.lang.Object, java.lang.Object, java.lang.Object, java.lang.Object, java.lang.Object, java.lang.Obj
Event: 5.116 Thread 0x00000222ec904810 Exception <a 'java/lang/NoSuchMethodError'{0x00000000866c0040}: 'java.lang.Object java.lang.invoke.DirectMethodHandle$Holder.invokeStatic(java.lang.Object, java.lang.Object, java.lang.Object, java.lang.Object, java.lang.Object, java.lang.Object, java.lang.Object, java.lang.Object, java.lang.Object, java.lang.Object, java.lang.Object, java.lang.Object, java.lang.Object, java.lang.Object, java.lang.Object, java.lang.Object, java.lang.Object, java.lang.Object, java.lang.Object, java.lang.Object, java.lang.Obj
Event: 5.527 Thread 0x00000222ec904810 Exception <a 'java/lang/IncompatibleClassChangeError'{0x0000000085eef5b8}: Found class java.lang.Object, but interface was expected> (0x0000000085eef5b8) 
thrown [s\src\hotspot\share\interpreter\linkResolver.cpp, line 840]
Event: 5.538 Thread 0x00000222ec904810 Exception <a 'java/lang/NoSuchMethodError'{0x0000000085d298b8}: 'java.lang.Object java.lang.invoke.DirectMethodHandle$Holder.newInvokeSpecial(java.lang.Object, java.lang.Object, java.lang.Object, java.lang.Object, java.lang.Object, java.lang.Object, java.lang.Object, java.lang.Object, java.lang.Object, java.lang.Object, java.lang.Object, java.lang.Object, java.lang.Object)'> (0x0000000085d298b8) 
thrown [s\src\hotspot\share\interpreter\linkResolver.cpp, line 773]
Event: 5.539 Thread 0x00000222ec904810 Exception <a 'java/lang/NoSuchMethodError'{0x0000000085d2ed98}: 'java.lang.Object java.lang.invoke.DirectMethodHandle$Holder.invokeSpecial(java.lang.Object, java.lang.Object, java.lang.Object, java.lang.Object, java.lang.Object, java.lang.Object, java.lang.Object, java.lang.Object, java.lang.Object, java.lang.Object, java.lang.Object, java.lang.Object, java.lang.Object, java.lang.Object)'> (0x0000000085d2ed98) 
thrown [s\src\hotspot\share\interpreter\linkResolver.cpp, line 773]
Event: 5.539 Thread 0x00000222ec904810 Exception <a 'java/lang/NoSuchMethodError'{0x0000000085d33588}: 'java.lang.Object java.lang.invoke.DelegatingMethodHandle$Holder.reinvoke_L(java.lang.Object, java.lang.Object, java.lang.Object, java.lang.Object, java.lang.Object, java.lang.Object, java.lang.Object, java.lang.Object, java.lang.Object, java.lang.Object, java.lang.Object, java.lang.Object, java.lang.Object)'> (0x0000000085d33588) 
thrown [s\src\hotspot\share\interpreter\linkResolver.cpp, line 773]
Event: 5.604 Thread 0x00000222ec904810 Exception <a 'java/lang/NoSuchMethodError'{0x0000000085c61e20}: 'java.lang.Object java.lang.invoke.DirectMethodHandle$Holder.newInvokeSpecial(java.lang.Object, java.lang.Object, java.lang.Object, java.lang.Object, java.lang.Object, java.lang.Object, java.lang.Object, java.lang.Object)'> (0x0000000085c61e20) 
thrown [s\src\hotspot\share\interpreter\linkResolver.cpp, line 773]
Event: 5.614 Thread 0x00000222ec904810 Exception <a 'java/lang/NoSuchMethodError'{0x0000000085cb0eb0}: 'int java.lang.invoke.DirectMethodHandle$Holder.invokeStaticInit(java.lang.Object, java.lang.Object, java.lang.Object)'> (0x0000000085cb0eb0) 
thrown [s\src\hotspot\share\interpreter\linkResolver.cpp, line 773]
Event: 5.868 Thread 0x00000222ec904810 Exception <a 'java/lang/NoSuchMethodError'{0x000000008560c480}: 'java.lang.Object java.lang.invoke.DirectMethodHandle$Holder.invokeVirtual(java.lang.Object, java.lang.Object, java.lang.Object, java.lang.Object, java.lang.Object, java.lang.Object, java.lang.Object, java.lang.Object, java.lang.Object, java.lang.Object, java.lang.Object, java.lang.Object, java.lang.Object, java.lang.Object, java.lang.Object, java.lang.Object, java.lang.Object, java.lang.Object, java.lang.Object, java.lang.Object, java.lang.Ob
Event: 5.884 Thread 0x00000222ec904810 Exception <a 'java/lang/NoSuchMethodError'{0x0000000085680cd8}: 'java.lang.Object java.lang.invoke.DirectMethodHandle$Holder.invokeSpecial(java.lang.Object, java.lang.Object, java.lang.Object, java.lang.Object, java.lang.Object, java.lang.Object, java.lang.Object, java.lang.Object, java.lang.Object, java.lang.Object, java.lang.Object, java.lang.Object, java.lang.Object, java.lang.Object, java.lang.Object, java.lang.Object, java.lang.Object, java.lang.Object, java.lang.Object, java.lang.Object, java.lang.Ob
Event: 6.242 Thread 0x00000222ec904810 Exception <a 'java/lang/NoSuchMethodError'{0x0000000084e81978}: 'java.lang.Object java.lang.invoke.DirectMethodHandle$Holder.newInvokeSpecial(java.lang.Object, java.lang.Object, java.lang.Object, java.lang.Object, java.lang.Object, java.lang.Object, java.lang.Object)'> (0x0000000084e81978) 
thrown [s\src\hotspot\share\interpreter\linkResolver.cpp, line 773]
Event: 6.304 Thread 0x00000222ec904810 Exception <a 'java/lang/NoSuchMethodError'{0x0000000084c4e5f0}: 'java.lang.Object java.lang.invoke.DirectMethodHandle$Holder.invokeVirtual(java.lang.Object, java.lang.Object, java.lang.Object, java.lang.Object, java.lang.Object, java.lang.Object, java.lang.Object, java.lang.Object, java.lang.Object, java.lang.Object, java.lang.Object)'> (0x0000000084c4e5f0) 
thrown [s\src\hotspot\share\interpreter\linkResolver.cpp, line 773]

ZGC Phase Switch (0 events):
No events

VM Operations (20 events):
Event: 3.052 Executing non-safepoint VM operation: HandshakeAllThreads (Deoptimize)
Event: 3.052 Executing non-safepoint VM operation: HandshakeAllThreads (Deoptimize) done
Event: 3.387 Executing non-safepoint VM operation: HandshakeAllThreads (Deoptimize)
Event: 3.387 Executing non-safepoint VM operation: HandshakeAllThreads (Deoptimize) done
Event: 3.536 Executing non-safepoint VM operation: HandshakeAllThreads (Deoptimize)
Event: 3.536 Executing non-safepoint VM operation: HandshakeAllThreads (Deoptimize) done
Event: 4.156 Executing safepoint VM operation: G1CollectForAllocation (G1 Evacuation Pause)
Event: 4.169 Executing safepoint VM operation: G1CollectForAllocation (G1 Evacuation Pause) done
Event: 4.292 Executing non-safepoint VM operation: HandshakeAllThreads (Deoptimize)
Event: 4.292 Executing non-safepoint VM operation: HandshakeAllThreads (Deoptimize) done
Event: 4.661 Executing non-safepoint VM operation: HandshakeAllThreads (Deoptimize)
Event: 4.661 Executing non-safepoint VM operation: HandshakeAllThreads (Deoptimize) done
Event: 5.126 Executing non-safepoint VM operation: HandshakeAllThreads (Deoptimize)
Event: 5.126 Executing non-safepoint VM operation: HandshakeAllThreads (Deoptimize) done
Event: 5.127 Executing non-safepoint VM operation: HandshakeAllThreads (Deoptimize)
Event: 5.127 Executing non-safepoint VM operation: HandshakeAllThreads (Deoptimize) done
Event: 6.136 Executing safepoint VM operation: Cleanup
Event: 6.137 Executing safepoint VM operation: Cleanup done
Event: 7.147 Executing safepoint VM operation: Cleanup
Event: 7.147 Executing safepoint VM operation: Cleanup done

Memory protections (0 events):
No events

Nmethod flushes (0 events):
No events

Events (20 events):
Event: 0.108 Thread 0x00000222ced0ffa0 Thread added: 0x00000222e5f4d1a0
Event: 0.108 Thread 0x00000222ced0ffa0 Thread added: 0x00000222e5f4dc00
Event: 0.108 Thread 0x00000222ced0ffa0 Thread added: 0x00000222e5f52ef0
Event: 0.109 Thread 0x00000222ced0ffa0 Thread added: 0x00000222e5f55c90
Event: 0.109 Thread 0x00000222ced0ffa0 Thread added: 0x00000222e5f5e740
Event: 0.229 Thread 0x00000222ced0ffa0 Thread added: 0x00000222e6658a40
Event: 0.281 Thread 0x00000222ced0ffa0 Thread added: 0x00000222e675bab0
Event: 2.777 Thread 0x00000222ced0ffa0 Thread added: 0x00000222ec6c7070
Event: 3.339 Thread 0x00000222ced0ffa0 Thread added: 0x00000222ec68da40
Event: 3.478 Thread 0x00000222ced0ffa0 Thread added: 0x00000222ec7f0f50
Event: 3.652 Thread 0x00000222ec68da40 Thread added: 0x00000222ec882f20
Event: 3.660 Thread 0x00000222ec882f20 Thread added: 0x00000222ec902400
Event: 3.712 Thread 0x00000222ec882f20 Thread added: 0x00000222ec8ffb00
Event: 3.723 Thread 0x00000222ec882f20 Thread added: 0x00000222ec904810
Event: 3.746 Thread 0x00000222ec904810 Thread added: 0x00000222ec904180
Event: 3.754 Thread 0x00000222ec904810 Thread added: 0x00000222ec906250
Event: 3.758 Thread 0x00000222ec904810 Thread added: 0x00000222ec905530
Event: 4.662 Thread 0x00000222ec904810 Thread added: 0x00000222ec905bc0
Event: 4.678 Thread 0x00000222ec904810 Thread added: 0x00000222ec902dd0
Event: 4.755 Thread 0x00000222ec904810 Thread added: 0x00000222ec903460


Dynamic libraries:
0x00007ff65ba70000 - 0x00007ff65ba7e000 	C:\Users\vsing\.vscode\extensions\redhat.java-1.54.0-win32-x64\jre\21.0.10-win32-x86_64\bin\java.exe
0x00007ffa4e9c0000 - 0x00007ffa4ec27000 	C:\WINDOWS\SYSTEM32\ntdll.dll
0x00007ffa4daa0000 - 0x00007ffa4db69000 	C:\WINDOWS\System32\KERNEL32.DLL
0x00007ffa4c020000 - 0x00007ffa4c417000 	C:\WINDOWS\System32\KERNELBASE.dll
0x00007ffa07940000 - 0x00007ffa07958000 	C:\Users\vsing\.vscode\extensions\redhat.java-1.54.0-win32-x64\jre\21.0.10-win32-x86_64\bin\jli.dll
0x00007ffa0e1a0000 - 0x00007ffa0e1be000 	C:\Users\vsing\.vscode\extensions\redhat.java-1.54.0-win32-x64\jre\21.0.10-win32-x86_64\bin\VCRUNTIME140.dll
0x00007ffa4bed0000 - 0x00007ffa4c01b000 	C:\WINDOWS\System32\ucrtbase.dll
0x00007ffa4d4c0000 - 0x00007ffa4d686000 	C:\WINDOWS\System32\USER32.dll
0x00007ffa4c710000 - 0x00007ffa4c737000 	C:\WINDOWS\System32\win32u.dll
0x00007ffa4d690000 - 0x00007ffa4d6bb000 	C:\WINDOWS\System32\GDI32.dll
0x00007ffa286b0000 - 0x00007ffa28942000 	C:\WINDOWS\WinSxS\amd64_microsoft.windows.common-controls_6595b64144ccf1df_6.0.26100.8457_none_3e0b2faee331e92d\COMCTL32.dll
0x00007ffa4d330000 - 0x00007ffa4d3d9000 	C:\WINDOWS\System32\msvcrt.dll
0x00007ffa4bd10000 - 0x00007ffa4be3c000 	C:\WINDOWS\System32\gdi32full.dll
0x00007ffa4c5a0000 - 0x00007ffa4c643000 	C:\WINDOWS\System32\msvcp_win.dll
0x00007ffa4d920000 - 0x00007ffa4d952000 	C:\WINDOWS\System32\IMM32.DLL
0x00007ffa201e0000 - 0x00007ffa201ec000 	C:\Users\vsing\.vscode\extensions\redhat.java-1.54.0-win32-x64\jre\21.0.10-win32-x86_64\bin\vcruntime140_1.dll
0x00007ff9cffd0000 - 0x00007ff9d005d000 	C:\Users\vsing\.vscode\extensions\redhat.java-1.54.0-win32-x64\jre\21.0.10-win32-x86_64\bin\msvcp140.dll
0x00007ff99fbb0000 - 0x00007ff9a0951000 	C:\Users\vsing\.vscode\extensions\redhat.java-1.54.0-win32-x64\jre\21.0.10-win32-x86_64\bin\server\jvm.dll
0x00007ffa4d270000 - 0x00007ffa4d326000 	C:\WINDOWS\System32\ADVAPI32.dll
0x00007ffa4d060000 - 0x00007ffa4d107000 	C:\WINDOWS\System32\sechost.dll
0x00007ffa4dc50000 - 0x00007ffa4dd68000 	C:\WINDOWS\System32\RPCRT4.dll
0x00007ffa4e610000 - 0x00007ffa4e690000 	C:\WINDOWS\System32\WS2_32.dll
0x00007ffa4b270000 - 0x00007ffa4b2ce000 	C:\WINDOWS\SYSTEM32\POWRPROF.dll
0x00007ffa42e70000 - 0x00007ffa42e7b000 	C:\WINDOWS\SYSTEM32\VERSION.dll
0x00007ffa3d9c0000 - 0x00007ffa3d9f6000 	C:\WINDOWS\SYSTEM32\WINMM.dll
0x00007ffa4b250000 - 0x00007ffa4b264000 	C:\WINDOWS\SYSTEM32\UMPDC.dll
0x00007ffa4a160000 - 0x00007ffa4a17b000 	C:\WINDOWS\SYSTEM32\kernel.appcore.dll
0x00007ffa1d650000 - 0x00007ffa1d65a000 	C:\Users\vsing\.vscode\extensions\redhat.java-1.54.0-win32-x64\jre\21.0.10-win32-x86_64\bin\jimage.dll
0x00007ffa49280000 - 0x00007ffa494c2000 	C:\WINDOWS\SYSTEM32\DBGHELP.DLL
0x00007ffa4ccd0000 - 0x00007ffa4d053000 	C:\WINDOWS\System32\combase.dll
0x00007ffa4d3e0000 - 0x00007ffa4d4b9000 	C:\WINDOWS\System32\OLEAUT32.dll
0x00007ffa2a820000 - 0x00007ffa2a85b000 	C:\WINDOWS\SYSTEM32\dbgcore.DLL
0x00007ffa4b3f0000 - 0x00007ffa4b498000 	C:\WINDOWS\System32\bcryptPrimitives.dll
0x00007ffa1a8e0000 - 0x00007ffa1a8ef000 	C:\Users\vsing\.vscode\extensions\redhat.java-1.54.0-win32-x64\jre\21.0.10-win32-x86_64\bin\instrument.dll
0x00007ffa05f50000 - 0x00007ffa05f70000 	C:\Users\vsing\.vscode\extensions\redhat.java-1.54.0-win32-x64\jre\21.0.10-win32-x86_64\bin\java.dll
0x00007ffa4de10000 - 0x00007ffa4e57e000 	C:\WINDOWS\System32\SHELL32.dll
0x00007ffa4b4a0000 - 0x00007ffa4bd0c000 	C:\WINDOWS\System32\windows.storage.dll
0x00007ffa4e880000 - 0x00007ffa4e976000 	C:\WINDOWS\System32\SHCORE.dll
0x00007ffa4dbd0000 - 0x00007ffa4dc36000 	C:\WINDOWS\System32\shlwapi.dll
0x00007ffa4b310000 - 0x00007ffa4b339000 	C:\WINDOWS\SYSTEM32\profapi.dll
0x00007ffa04760000 - 0x00007ffa04778000 	C:\Users\vsing\.vscode\extensions\redhat.java-1.54.0-win32-x64\jre\21.0.10-win32-x86_64\bin\zip.dll
0x00007ffa1a5e0000 - 0x00007ffa1a5f0000 	C:\Users\vsing\.vscode\extensions\redhat.java-1.54.0-win32-x64\jre\21.0.10-win32-x86_64\bin\net.dll
0x00007ffa42650000 - 0x00007ffa42779000 	C:\WINDOWS\SYSTEM32\WINHTTP.dll
0x00007ffa4a6f0000 - 0x00007ffa4a75c000 	C:\WINDOWS\system32\mswsock.dll
0x00007ff9fd660000 - 0x00007ff9fd676000 	C:\Users\vsing\.vscode\extensions\redhat.java-1.54.0-win32-x64\jre\21.0.10-win32-x86_64\bin\nio.dll
0x00007ffa1a0d0000 - 0x00007ffa1a0e0000 	C:\Users\vsing\.vscode\extensions\redhat.java-1.54.0-win32-x64\jre\21.0.10-win32-x86_64\bin\verify.dll
0x00007ffa2f400000 - 0x00007ffa2f427000 	C:\Users\vsing\.gradle\native\c067742578af261105cb4f569cf0c3c89f3d7b1fecec35dd04571415982c5e48\windows-amd64\native-platform.dll
0x00007ff9e3070000 - 0x00007ff9e31b4000 	C:\Users\vsing\.gradle\native\100fb08df4bc3b14c8652ba06237920a3bd2aa13389f12d3474272988ae205f9\windows-amd64\native-platform-file-events.dll
0x00007ffa0e520000 - 0x00007ffa0e52a000 	C:\Users\vsing\.vscode\extensions\redhat.java-1.54.0-win32-x64\jre\21.0.10-win32-x86_64\bin\management.dll
0x00007ffa018c0000 - 0x00007ffa018cc000 	C:\Users\vsing\.vscode\extensions\redhat.java-1.54.0-win32-x64\jre\21.0.10-win32-x86_64\bin\management_ext.dll
0x00007ffa4dc40000 - 0x00007ffa4dc48000 	C:\WINDOWS\System32\PSAPI.DLL
0x00007ffa4a9d0000 - 0x00007ffa4a9eb000 	C:\WINDOWS\SYSTEM32\CRYPTSP.dll
0x00007ffa4a0b0000 - 0x00007ffa4a0e9000 	C:\WINDOWS\system32\rsaenh.dll
0x00007ffa4a7a0000 - 0x00007ffa4a7d3000 	C:\WINDOWS\SYSTEM32\USERENV.dll
0x00007ffa4b2e0000 - 0x00007ffa4b30a000 	C:\WINDOWS\SYSTEM32\bcrypt.dll
0x00007ffa4a9f0000 - 0x00007ffa4a9fc000 	C:\WINDOWS\SYSTEM32\CRYPTBASE.dll
0x00007ffa49b00000 - 0x00007ffa49b32000 	C:\WINDOWS\SYSTEM32\IPHLPAPI.DLL
0x00007ffa4dd70000 - 0x00007ffa4dd7a000 	C:\WINDOWS\System32\NSI.dll
0x00007ffa17a10000 - 0x00007ffa17a19000 	C:\Users\vsing\.vscode\extensions\redhat.java-1.54.0-win32-x64\jre\21.0.10-win32-x86_64\bin\extnet.dll
0x00007ffa198b0000 - 0x00007ffa198be000 	C:\Users\vsing\.vscode\extensions\redhat.java-1.54.0-win32-x64\jre\21.0.10-win32-x86_64\bin\sunmscapi.dll
0x00007ffa4c420000 - 0x00007ffa4c598000 	C:\WINDOWS\System32\CRYPT32.dll
0x00007ffa4abf0000 - 0x00007ffa4ac20000 	C:\WINDOWS\SYSTEM32\ncrypt.dll
0x00007ffa4aba0000 - 0x00007ffa4abdf000 	C:\WINDOWS\SYSTEM32\NTASN1.dll
0x00007ffa2ff40000 - 0x00007ffa2ff48000 	C:\WINDOWS\system32\wshunix.dll

JVMTI agents:
C:\Users\vsing\.gradle\wrapper\dists\gradle-8.9-bin\90cnw93cvbtalezasaz0blq0a\gradle-8.9\lib\agents\gradle-instrumentation-agent-8.9.jar path:C:\Users\vsing\.vscode\extensions\redhat.java-1.54.0-win32-x64\jre\21.0.10-win32-x86_64\bin\instrument.dll, loaded, initialized, instrumentlib options:none

dbghelp: loaded successfully - version: 4.0.5 - missing functions: none
symbol engine: initialized successfully - sym options: 0x614 - pdb path: .;C:\Users\vsing\.vscode\extensions\redhat.java-1.54.0-win32-x64\jre\21.0.10-win32-x86_64\bin;C:\WINDOWS\SYSTEM32;C:\WINDOWS\WinSxS\amd64_microsoft.windows.common-controls_6595b64144ccf1df_6.0.26100.8457_none_3e0b2faee331e92d;C:\Users\vsing\.vscode\extensions\redhat.java-1.54.0-win32-x64\jre\21.0.10-win32-x86_64\bin\server;C:\Users\vsing\.gradle\native\c067742578af261105cb4f569cf0c3c89f3d7b1fecec35dd04571415982c5e48\windows-amd64;C:\Users\vsing\.gradle\native\100fb08df4bc3b14c8652ba06237920a3bd2aa13389f12d3474272988ae205f9\windows-amd64

VM Arguments:
jvm_args: -XX:MaxMetaspaceSize=512m -XX:+HeapDumpOnOutOfMemoryError --add-opens=java.base/java.util=ALL-UNNAMED --add-opens=java.base/java.lang=ALL-UNNAMED --add-opens=java.base/java.lang.invoke=ALL-UNNAMED --add-opens=java.prefs/java.util.prefs=ALL-UNNAMED --add-exports=jdk.compiler/com.sun.tools.javac.api=ALL-UNNAMED --add-exports=jdk.compiler/com.sun.tools.javac.util=ALL-UNNAMED --add-opens=java.base/java.nio.charset=ALL-UNNAMED --add-opens=java.base/java.net=ALL-UNNAMED --add-opens=java.base/java.util.concurrent.atomic=ALL-UNNAMED -Xmx2048m -Dfile.encoding=UTF-8 -Duser.country=IN -Duser.language=en -Duser.variant -javaagent:C:\Users\vsing\.gradle\wrapper\dists\gradle-8.9-bin\90cnw93cvbtalezasaz0blq0a\gradle-8.9\lib\agents\gradle-instrumentation-agent-8.9.jar 
java_command: org.gradle.launcher.daemon.bootstrap.GradleDaemon 8.9
java_class_path (initial): C:\Users\vsing\.gradle\wrapper\dists\gradle-8.9-bin\90cnw93cvbtalezasaz0blq0a\gradle-8.9\lib\gradle-daemon-main-8.9.jar
Launcher Type: SUN_STANDARD

[Global flags]
     intx CICompilerCount                          = 4                                         {product} {ergonomic}
   size_t CompressedClassSpaceSize                 = 436207616                                 {product} {ergonomic}
     uint ConcGCThreads                            = 2                                         {product} {ergonomic}
     uint G1ConcRefinementThreads                  = 8                                         {product} {ergonomic}
   size_t G1HeapRegionSize                         = 1048576                                   {product} {ergonomic}
    uintx GCDrainStackTargetSize                   = 64                                        {product} {ergonomic}
     bool HeapDumpOnOutOfMemoryError               = true                                   {manageable} {command line}
   size_t InitialHeapSize                          = 130023424                                 {product} {ergonomic}
   size_t MarkStackSize                            = 4194304                                   {product} {ergonomic}
   size_t MaxHeapSize                              = 2147483648                                {product} {command line}
   size_t MaxMetaspaceSize                         = 536870912                                 {product} {command line}
   size_t MaxNewSize                               = 1287651328                                {product} {ergonomic}
   size_t MinHeapDeltaBytes                        = 1048576                                   {product} {ergonomic}
   size_t MinHeapSize                              = 8388608                                   {product} {ergonomic}
    uintx NonNMethodCodeHeapSize                   = 5839372                                {pd product} {ergonomic}
    uintx NonProfiledCodeHeapSize                  = 122909434                              {pd product} {ergonomic}
    uintx ProfiledCodeHeapSize                     = 122909434                              {pd product} {ergonomic}
    uintx ReservedCodeCacheSize                    = 251658240                              {pd product} {ergonomic}
     bool SegmentedCodeCache                       = true                                      {product} {ergonomic}
   size_t SoftMaxHeapSize                          = 2147483648                             {manageable} {ergonomic}
     bool UseCompressedOops                        = true                           {product lp64_product} {ergonomic}
     bool UseG1GC                                  = true                                      {product} {ergonomic}
     bool UseLargePagesIndividualAllocation        = false                                  {pd product} {ergonomic}

Logging:
Log output configuration:
 #0: stdout all=warning uptime,level,tags foldmultilines=false
 #1: stderr all=off uptime,level,tags foldmultilines=false

Release file:
JAVA_VERSION="21.0.10" 
MODULES="java.base java.compiler java.datatransfer java.xml java.prefs java.desktop java.instrument java.logging java.management java.security.sasl java.naming java.rmi java.management.rmi java.net.http java.scripting java.security.jgss java.transaction.xa java.sql java.sql.rowset java.xml.crypto java.se java.smartcardio jdk.accessibility jdk.internal.jvmstat jdk.attach jdk.charsets jdk.internal.opt jdk.zipfs jdk.compiler jdk.crypto.ec jdk.crypto.cryptoki jdk.crypto.mscapi jdk.dynalink jdk.internal.ed jdk.editpad jdk.hotspot.agent jdk.httpserver jdk.internal.le jdk.internal.vm.ci jdk.internal.vm.compiler jdk.internal.vm.compiler.management jdk.jartool jdk.javadoc jdk.jcmd jdk.management jdk.management.agent jdk.jconsole jdk.jdeps jdk.jdwp.agent jdk.jdi jdk.jfr jdk.jshell jdk.jsobject jdk.jstatd jdk.localedata jdk.management.jfr jdk.naming.dns jdk.naming.rmi jdk.net jdk.nio.mapmode jdk.random jdk.sctp jdk.security.auth jdk.security.jgss jdk.unsupported jdk.unsupported.desktop jdk.xml.dom" 

Environment Variables:
JAVA_HOME=C:\Program Files\OpenLogic\jdk-17.0.18.8-hotspot
PATH=C:\Program Files\OpenLogic\jdk-17.0.18.8-hotspot\bin;C:\WINDOWS\system32;C:\WINDOWS;C:\WINDOWS\System32\Wbem;C:\WINDOWS\System32\WindowsPowerShell\v1.0\;C:\WINDOWS\System32\OpenSSH\;C:\WINDOWS\system32;C:\WINDOWS;C:\WINDOWS\System32\Wbem;C:\WINDOWS\System32\WindowsPowerShell\v1.0\;C:\WINDOWS\System32\OpenSSH\;C:\ProgramData\chocolatey\bin;C:\Users\vsing\AppData\Local\Android\Sdk\platform-tools;C:\Users\vsing\AppData\Local\Android\Sdk\emulator;C:\Users\vsing\AppData\Local\Android\Sdk\build-tools;C:\Users\vsing\AppData\Local\Android\Sdk\platforms;C:\Users\vsing\AppData\Local\Android\Sdk;C:\Program Files\OpenLogic\jdk-17.0.18.8-hotspot;C:\Program Files\nodejs\;D:\Git\bin;C:\Users\vsing\AppData\Local\Microsoft\WindowsApps;C:\Users\vsing\AppData\Local\Programs\Microsoft VS Code\bin;C:\Users\vsing\AppData\Local\Android\Sdk\platform-tools;C:\Users\vsing\AppData\Local\Android\Sdk\emulator;C:\Users\vsing\AppData\Local\Android\Sdk\build-tools;C:\Users\vsing\AppData\Local\Android\Sdk\platforms;C:\Users\vsing\AppData\Local\Android\Sdk;C:\Program Files\OpenLogic\jdk-17.0.18.8-hotspot;C:\Program Files\OpenLogic\jdk-17.0.18.8-hotspot\bin;C:\Program Files\nodejs;C:\Users\vsing\AppData\Roaming\npm;D:\Git\bin;C:\Users\vsing\AppData\Local\Programs\Antigravity\bin;C:\Users\vsing\AppData\Local\Programs\cursor\resources\app\bin
USERNAME=vsing
OS=Windows_NT
PROCESSOR_IDENTIFIER=Intel64 Family 6 Model 140 Stepping 1, GenuineIntel
TMP=C:\Users\vsing\AppData\Local\Temp
TEMP=C:\Users\vsing\AppData\Local\Temp




Periodic native trim disabled

---------------  S Y S T E M  ---------------

OS:
 Windows 11 , 64 bit Build 26100 (10.0.26100.8328)
OS uptime: 3 days 0:32 hours
Hyper-V role detected

CPU: total 8 (initial active 8) (4 cores per cpu, 2 threads per core) family 6 model 140 stepping 1 microcode 0xb4, cx8, cmov, fxsr, ht, mmx, 3dnowpref, sse, sse2, sse3, ssse3, sse4.1, sse4.2, popcnt, lzcnt, tsc, tscinvbit, avx, avx2, aes, erms, clmul, bmi1, bmi2, adx, avx512f, avx512dq, avx512cd, avx512bw, avx512vl, sha, fma, vzeroupper, avx512_vpopcntdq, avx512_vpclmulqdq, avx512_vaes, avx512_vnni, clflush, clflushopt, clwb, avx512_vbmi2, avx512_vbmi, hv, rdtscp, rdpid, fsrm, gfni, avx512_bitalg, f16c, cet_ibt, cet_ss, avx512_ifma
Processor Information for the first 8 processors :
  Max Mhz: 2001, Current Mhz: 2001, Mhz Limit: 2001

Memory: 4k page, system-wide physical 7834M (57M free)
TotalPageFile size 26973M (AvailPageFile size 0M)
current process WorkingSet (physical memory assigned to process): 204M, peak: 211M
current process commit charge ("private bytes"): 280M, peak: 282M

vm_info: OpenJDK 64-Bit Server VM (21.0.10+7-LTS) for windows-amd64 JRE (21.0.10+7-LTS), built on 2026-01-20T00:00:00Z by "admin" with MS VC++ 17.12 (VS2022)

END.
